Archive member included because of file (symbol)

f:/embeded system diploma/iti material/tool/imt_sdk_win_64/imt_sdk_win_64/winavr/bin/../lib/gcc/avr/4.3.3/avr5\libgcc.a(_udivmodqi4.o)
                              ./dio_led.o (__udivmodqi4)
f:/embeded system diploma/iti material/tool/imt_sdk_win_64/imt_sdk_win_64/winavr/bin/../lib/gcc/avr/4.3.3/avr5\libgcc.a(_exit.o)
                              f:/embeded system diploma/iti material/tool/imt_sdk_win_64/imt_sdk_win_64/winavr/bin/../lib/gcc/avr/4.3.3/../../../../avr/lib/avr5/crtm32.o (exit)
f:/embeded system diploma/iti material/tool/imt_sdk_win_64/imt_sdk_win_64/winavr/bin/../lib/gcc/avr/4.3.3/avr5\libgcc.a(_copy_data.o)
                              ./HAL/KEYPAD/keypad.o (__do_copy_data)
f:/embeded system diploma/iti material/tool/imt_sdk_win_64/imt_sdk_win_64/winavr/bin/../lib/gcc/avr/4.3.3/avr5\libgcc.a(_clear_bss.o)
                              ./RTOS/RTOS_INT.o (__do_clear_bss)

Allocating common symbols
Common symbol       size              file

tensDigit           0x1               ./dio_led.o
onesDigit           0x1               ./dio_led.o

Memory Configuration

Name             Origin             Length             Attributes
text             0x00000000         0x00020000         xr
data             0x00800060         0x0000ffa0         rw !x
eeprom           0x00810000         0x00010000         rw !x
fuse             0x00820000         0x00000400         rw !x
lock             0x00830000         0x00000400         rw !x
signature        0x00840000         0x00000400         rw !x
*default*        0x00000000         0xffffffff

Linker script and memory map

LOAD f:/embeded system diploma/iti material/tool/imt_sdk_win_64/imt_sdk_win_64/winavr/bin/../lib/gcc/avr/4.3.3/../../../../avr/lib/avr5/crtm32.o
LOAD ./RTOS/RTOS_INT.o
LOAD ./MCAL/Timer_0/MCAL_TIMER0.o
LOAD ./MCAL/SPI/SPI_INT.o
LOAD ./MCAL/GLOBAL_INTERRUPT/GLOBAL_INT.o
LOAD ./MCAL/DIO/MCAL_DIO_PROGRAM.o
LOAD ./HAL/SERVO/HAL_SERVE.o
LOAD ./HAL/LED/HAL_LED.o
LOAD ./HAL/KEYPAD/keypad.o
LOAD ./dio_led.o
LOAD f:/embeded system diploma/iti material/tool/imt_sdk_win_64/imt_sdk_win_64/winavr/bin/../lib/gcc/avr/4.3.3/avr5\libgcc.a
LOAD f:/embeded system diploma/iti material/tool/imt_sdk_win_64/imt_sdk_win_64/winavr/bin/../lib/gcc/avr/4.3.3/../../../../avr/lib/avr5\libc.a
LOAD f:/embeded system diploma/iti material/tool/imt_sdk_win_64/imt_sdk_win_64/winavr/bin/../lib/gcc/avr/4.3.3/avr5\libgcc.a

.hash
 *(.hash)

.dynsym
 *(.dynsym)

.dynstr
 *(.dynstr)

.gnu.version
 *(.gnu.version)

.gnu.version_d
 *(.gnu.version_d)

.gnu.version_r
 *(.gnu.version_r)

.rel.init
 *(.rel.init)

.rela.init
 *(.rela.init)

.rel.text
 *(.rel.text)
 *(.rel.text.*)
 *(.rel.gnu.linkonce.t*)

.rela.text
 *(.rela.text)
 *(.rela.text.*)
 *(.rela.gnu.linkonce.t*)

.rel.fini
 *(.rel.fini)

.rela.fini
 *(.rela.fini)

.rel.rodata
 *(.rel.rodata)
 *(.rel.rodata.*)
 *(.rel.gnu.linkonce.r*)

.rela.rodata
 *(.rela.rodata)
 *(.rela.rodata.*)
 *(.rela.gnu.linkonce.r*)

.rel.data
 *(.rel.data)
 *(.rel.data.*)
 *(.rel.gnu.linkonce.d*)

.rela.data
 *(.rela.data)
 *(.rela.data.*)
 *(.rela.gnu.linkonce.d*)

.rel.ctors
 *(.rel.ctors)

.rela.ctors
 *(.rela.ctors)

.rel.dtors
 *(.rel.dtors)

.rela.dtors
 *(.rela.dtors)

.rel.got
 *(.rel.got)

.rela.got
 *(.rela.got)

.rel.bss
 *(.rel.bss)

.rela.bss
 *(.rela.bss)

.rel.plt
 *(.rel.plt)

.rela.plt
 *(.rela.plt)

.text           0x00000000      0xd38
 *(.vectors)
 .vectors       0x00000000       0x54 f:/embeded system diploma/iti material/tool/imt_sdk_win_64/imt_sdk_win_64/winavr/bin/../lib/gcc/avr/4.3.3/../../../../avr/lib/avr5/crtm32.o
                0x00000000                __vectors
                0x00000000                __vector_default
 *(.vectors)
 *(.progmem.gcc*)
 *(.progmem*)
                0x00000054                . = ALIGN (0x2)
                0x00000054                __trampolines_start = .
 *(.trampolines)
 .trampolines   0x00000054        0x0 linker stubs
 *(.trampolines*)
                0x00000054                __trampolines_end = .
 *(.jumptables)
 *(.jumptables*)
 *(.lowtext)
 *(.lowtext*)
                0x00000054                __ctors_start = .
 *(.ctors)
                0x00000054                __ctors_end = .
                0x00000054                __dtors_start = .
 *(.dtors)
                0x00000054                __dtors_end = .
 SORT(*)(.ctors)
 SORT(*)(.dtors)
 *(.init0)
 .init0         0x00000054        0x0 f:/embeded system diploma/iti material/tool/imt_sdk_win_64/imt_sdk_win_64/winavr/bin/../lib/gcc/avr/4.3.3/../../../../avr/lib/avr5/crtm32.o
                0x00000054                __init
 *(.init0)
 *(.init1)
 *(.init1)
 *(.init2)
 .init2         0x00000054        0xc f:/embeded system diploma/iti material/tool/imt_sdk_win_64/imt_sdk_win_64/winavr/bin/../lib/gcc/avr/4.3.3/../../../../avr/lib/avr5/crtm32.o
 *(.init2)
 *(.init3)
 *(.init3)
 *(.init4)
 .init4         0x00000060       0x16 f:/embeded system diploma/iti material/tool/imt_sdk_win_64/imt_sdk_win_64/winavr/bin/../lib/gcc/avr/4.3.3/avr5\libgcc.a(_copy_data.o)
                0x00000060                __do_copy_data
 .init4         0x00000076       0x10 f:/embeded system diploma/iti material/tool/imt_sdk_win_64/imt_sdk_win_64/winavr/bin/../lib/gcc/avr/4.3.3/avr5\libgcc.a(_clear_bss.o)
                0x00000076                __do_clear_bss
 *(.init4)
 *(.init5)
 *(.init5)
 *(.init6)
 *(.init6)
 *(.init7)
 *(.init7)
 *(.init8)
 *(.init8)
 *(.init9)
 .init9         0x00000086        0x8 f:/embeded system diploma/iti material/tool/imt_sdk_win_64/imt_sdk_win_64/winavr/bin/../lib/gcc/avr/4.3.3/../../../../avr/lib/avr5/crtm32.o
 *(.init9)
 *(.text)
 .text          0x0000008e        0x4 f:/embeded system diploma/iti material/tool/imt_sdk_win_64/imt_sdk_win_64/winavr/bin/../lib/gcc/avr/4.3.3/../../../../avr/lib/avr5/crtm32.o
                0x0000008e                __vector_1
                0x0000008e                __bad_interrupt
                0x0000008e                __vector_6
                0x0000008e                __vector_3
                0x0000008e                __vector_11
                0x0000008e                __vector_13
                0x0000008e                __vector_17
                0x0000008e                __vector_19
                0x0000008e                __vector_7
                0x0000008e                __vector_5
                0x0000008e                __vector_4
                0x0000008e                __vector_9
                0x0000008e                __vector_2
                0x0000008e                __vector_15
                0x0000008e                __vector_8
                0x0000008e                __vector_14
                0x0000008e                __vector_16
                0x0000008e                __vector_18
                0x0000008e                __vector_20
 .text          0x00000092        0x0 ./RTOS/RTOS_INT.o
 .text          0x00000092        0x0 ./MCAL/Timer_0/MCAL_TIMER0.o
 .text          0x00000092        0x0 ./MCAL/SPI/SPI_INT.o
 .text          0x00000092        0x0 ./MCAL/GLOBAL_INTERRUPT/GLOBAL_INT.o
 .text          0x00000092        0x0 ./MCAL/DIO/MCAL_DIO_PROGRAM.o
 .text          0x00000092        0x0 ./HAL/SERVO/HAL_SERVE.o
 .text          0x00000092        0x0 ./HAL/LED/HAL_LED.o
 .text          0x00000092        0x0 ./HAL/KEYPAD/keypad.o
 .text          0x00000092        0x0 ./dio_led.o
 .text          0x00000092        0x0 f:/embeded system diploma/iti material/tool/imt_sdk_win_64/imt_sdk_win_64/winavr/bin/../lib/gcc/avr/4.3.3/avr5\libgcc.a(_udivmodqi4.o)
 .text          0x00000092        0x0 f:/embeded system diploma/iti material/tool/imt_sdk_win_64/imt_sdk_win_64/winavr/bin/../lib/gcc/avr/4.3.3/avr5\libgcc.a(_exit.o)
 .text          0x00000092        0x0 f:/embeded system diploma/iti material/tool/imt_sdk_win_64/imt_sdk_win_64/winavr/bin/../lib/gcc/avr/4.3.3/avr5\libgcc.a(_copy_data.o)
 .text          0x00000092        0x0 f:/embeded system diploma/iti material/tool/imt_sdk_win_64/imt_sdk_win_64/winavr/bin/../lib/gcc/avr/4.3.3/avr5\libgcc.a(_clear_bss.o)
                0x00000092                . = ALIGN (0x2)
 *(.text.*)
 .text.Create_Task
                0x00000092       0x36 ./RTOS/RTOS_INT.o
                0x00000092                Create_Task
 .text.Task_Suspend
                0x000000c8       0x1c ./RTOS/RTOS_INT.o
                0x000000c8                Task_Suspend
 .text.Task_Resume
                0x000000e4       0x1a ./RTOS/RTOS_INT.o
                0x000000e4                Task_Resume
 .text.Task_Delete
                0x000000fe       0x1c ./RTOS/RTOS_INT.o
                0x000000fe                Task_Delete
 .text.Schedular
                0x0000011a       0x36 ./RTOS/RTOS_INT.o
                0x0000011a                Schedular
 .text.RTOS_START
                0x00000150       0x14 ./RTOS/RTOS_INT.o
                0x00000150                RTOS_START
 .text.MTIMER0_VoidInit
                0x00000164       0x24 ./MCAL/Timer_0/MCAL_TIMER0.o
                0x00000164                MTIMER0_VoidInit
 .text.MTIMER0_VoidDisable
                0x00000188        0x8 ./MCAL/Timer_0/MCAL_TIMER0.o
                0x00000188                MTIMER0_VoidDisable
 .text.MTIMER0_VoidSetPreLoad
                0x00000190        0x4 ./MCAL/Timer_0/MCAL_TIMER0.o
                0x00000190                MTIMER0_VoidSetPreLoad
 .text.TIMER_0_SET_DUTYCYCLE
                0x00000194        0x4 ./MCAL/Timer_0/MCAL_TIMER0.o
                0x00000194                TIMER_0_SET_DUTYCYCLE
 .text.TIMER0_SETCALLBACK
                0x00000198        0xa ./MCAL/Timer_0/MCAL_TIMER0.o
                0x00000198                TIMER0_SETCALLBACK
 .text.__vector_10
                0x000001a2       0x4e ./MCAL/Timer_0/MCAL_TIMER0.o
                0x000001a2                __vector_10
 .text.MSPI_TRANSCIEVE_BLOCKING
                0x000001f0        0xa ./MCAL/SPI/SPI_INT.o
                0x000001f0                MSPI_TRANSCIEVE_BLOCKING
 .text.SPI_TRANSCIEVE
                0x000001fa        0x8 ./MCAL/SPI/SPI_INT.o
                0x000001fa                SPI_TRANSCIEVE
 .text.SPI_MASTER_INIT
                0x00000202        0xa ./MCAL/SPI/SPI_INT.o
                0x00000202                SPI_MASTER_INIT
 .text.SPI_SLAVE_INIT
                0x0000020c        0x8 ./MCAL/SPI/SPI_INT.o
                0x0000020c                SPI_SLAVE_INIT
 .text.SPI_SLAVE_RECE
                0x00000214        0x8 ./MCAL/SPI/SPI_INT.o
                0x00000214                SPI_SLAVE_RECE
 .text.__vector_12
                0x0000021c       0x4e ./MCAL/SPI/SPI_INT.o
                0x0000021c                __vector_12
 .text.MSPI_Init
                0x0000026a       0x52 ./MCAL/SPI/SPI_INT.o
                0x0000026a                MSPI_Init
 .text.DIO_PIN_WRITE_LOGIC_M
                0x000002bc       0xe6 ./MCAL/DIO/MCAL_DIO_PROGRAM.o
                0x000002bc                DIO_PIN_WRITE_LOGIC_M
 .text.DIO_PIN_DIRECTION_INIT_M
                0x000003a2       0xe2 ./MCAL/DIO/MCAL_DIO_PROGRAM.o
                0x000003a2                DIO_PIN_DIRECTION_INIT_M
 .text.DIO_PIN_TOGGLE_LOGIC_M
                0x00000484       0x6a ./MCAL/DIO/MCAL_DIO_PROGRAM.o
                0x00000484                DIO_PIN_TOGGLE_LOGIC_M
 .text.DIO_PIN_READ_LOGIC_LEVEL_M
                0x000004ee       0x3e ./MCAL/DIO/MCAL_DIO_PROGRAM.o
                0x000004ee                DIO_PIN_READ_LOGIC_LEVEL_M
 .text.DIO_PORT_WRITE_LOGIC_M
                0x0000052c       0x22 ./MCAL/DIO/MCAL_DIO_PROGRAM.o
                0x0000052c                DIO_PORT_WRITE_LOGIC_M
 .text.DIO_PORT_SET_DIRECTION_M
                0x0000054e       0x22 ./MCAL/DIO/MCAL_DIO_PROGRAM.o
                0x0000054e                DIO_PORT_SET_DIRECTION_M
 .text.PORT_DIRECTION_INIT
                0x00000570        0xe ./MCAL/DIO/MCAL_DIO_PROGRAM.o
                0x00000570                PORT_DIRECTION_INIT
 .text.PORT_LOGICLEVEL_INIT
                0x0000057e        0xa ./MCAL/DIO/MCAL_DIO_PROGRAM.o
                0x0000057e                PORT_LOGICLEVEL_INIT
 .text.HAL_LED_TOGGLE
                0x00000588        0x6 ./HAL/LED/HAL_LED.o
                0x00000588                HAL_LED_TOGGLE
 .text.HAL_LED_OFF
                0x0000058e        0x8 ./HAL/LED/HAL_LED.o
                0x0000058e                HAL_LED_OFF
 .text.HAL_LED_ON
                0x00000596        0x8 ./HAL/LED/HAL_LED.o
                0x00000596                HAL_LED_ON
 .text.keypad_readd
                0x0000059e       0xf2 ./HAL/KEYPAD/keypad.o
                0x0000059e                keypad_readd
 .text.keypad_read_4
                0x00000690       0xb0 ./HAL/KEYPAD/keypad.o
                0x00000690                keypad_read_4
 .text.keypad_read_2
                0x00000740       0xd4 ./HAL/KEYPAD/keypad.o
                0x00000740                keypad_read_2
 .text.keypad_read_1
                0x00000814       0xce ./HAL/KEYPAD/keypad.o
                0x00000814                keypad_read_1
 .text.keypad_read
                0x000008e2       0xb8 ./HAL/KEYPAD/keypad.o
                0x000008e2                keypad_read
 .text.Stepper_Go
                0x0000099a      0x210 ./dio_led.o
                0x0000099a                Stepper_Go
 .text.FAN_STOP
                0x00000baa       0x16 ./dio_led.o
                0x00000baa                FAN_STOP
 .text.FAN_START
                0x00000bc0       0x16 ./dio_led.o
                0x00000bc0                FAN_START
 .text.READ_SPI
                0x00000bd6       0xb8 ./dio_led.o
                0x00000bd6                READ_SPI
 .text.seg_display
                0x00000c8e       0x5a ./dio_led.o
                0x00000c8e                seg_display
 .text.MTIMER0_ISR
                0x00000ce8        0xa ./dio_led.o
                0x00000ce8                MTIMER0_ISR
 .text.main     0x00000cf2       0x2a ./dio_led.o
                0x00000cf2                main
 .text.libgcc   0x00000d1c       0x18 f:/embeded system diploma/iti material/tool/imt_sdk_win_64/imt_sdk_win_64/winavr/bin/../lib/gcc/avr/4.3.3/avr5\libgcc.a(_udivmodqi4.o)
                0x00000d1c                __udivmodqi4
 .text.libgcc   0x00000d34        0x0 f:/embeded system diploma/iti material/tool/imt_sdk_win_64/imt_sdk_win_64/winavr/bin/../lib/gcc/avr/4.3.3/avr5\libgcc.a(_exit.o)
 .text.libgcc   0x00000d34        0x0 f:/embeded system diploma/iti material/tool/imt_sdk_win_64/imt_sdk_win_64/winavr/bin/../lib/gcc/avr/4.3.3/avr5\libgcc.a(_copy_data.o)
 .text.libgcc   0x00000d34        0x0 f:/embeded system diploma/iti material/tool/imt_sdk_win_64/imt_sdk_win_64/winavr/bin/../lib/gcc/avr/4.3.3/avr5\libgcc.a(_clear_bss.o)
                0x00000d34                . = ALIGN (0x2)
 *(.fini9)
 .fini9         0x00000d34        0x0 f:/embeded system diploma/iti material/tool/imt_sdk_win_64/imt_sdk_win_64/winavr/bin/../lib/gcc/avr/4.3.3/avr5\libgcc.a(_exit.o)
                0x00000d34                exit
                0x00000d34                _exit
 *(.fini9)
 *(.fini8)
 *(.fini8)
 *(.fini7)
 *(.fini7)
 *(.fini6)
 *(.fini6)
 *(.fini5)
 *(.fini5)
 *(.fini4)
 *(.fini4)
 *(.fini3)
 *(.fini3)
 *(.fini2)
 *(.fini2)
 *(.fini1)
 *(.fini1)
 *(.fini0)
 .fini0         0x00000d34        0x4 f:/embeded system diploma/iti material/tool/imt_sdk_win_64/imt_sdk_win_64/winavr/bin/../lib/gcc/avr/4.3.3/avr5\libgcc.a(_exit.o)
 *(.fini0)
                0x00000d38                _etext = .

.data           0x00800060       0x22 load address 0x00000d38
                0x00800060                PROVIDE (__data_start, .)
 *(.data)
 .data          0x00800060        0x0 f:/embeded system diploma/iti material/tool/imt_sdk_win_64/imt_sdk_win_64/winavr/bin/../lib/gcc/avr/4.3.3/../../../../avr/lib/avr5/crtm32.o
 .data          0x00800060        0x0 ./RTOS/RTOS_INT.o
 .data          0x00800060        0x0 ./MCAL/Timer_0/MCAL_TIMER0.o
 .data          0x00800060        0x0 ./MCAL/SPI/SPI_INT.o
 .data          0x00800060        0x0 ./MCAL/GLOBAL_INTERRUPT/GLOBAL_INT.o
 .data          0x00800060        0x0 ./MCAL/DIO/MCAL_DIO_PROGRAM.o
 .data          0x00800060        0x0 ./HAL/SERVO/HAL_SERVE.o
 .data          0x00800060        0x0 ./HAL/LED/HAL_LED.o
 .data          0x00800060        0x0 ./HAL/KEYPAD/keypad.o
 .data          0x00800060        0x0 ./dio_led.o
 .data          0x00800060        0x0 f:/embeded system diploma/iti material/tool/imt_sdk_win_64/imt_sdk_win_64/winavr/bin/../lib/gcc/avr/4.3.3/avr5\libgcc.a(_udivmodqi4.o)
 .data          0x00800060        0x0 f:/embeded system diploma/iti material/tool/imt_sdk_win_64/imt_sdk_win_64/winavr/bin/../lib/gcc/avr/4.3.3/avr5\libgcc.a(_exit.o)
 .data          0x00800060        0x0 f:/embeded system diploma/iti material/tool/imt_sdk_win_64/imt_sdk_win_64/winavr/bin/../lib/gcc/avr/4.3.3/avr5\libgcc.a(_copy_data.o)
 .data          0x00800060        0x0 f:/embeded system diploma/iti material/tool/imt_sdk_win_64/imt_sdk_win_64/winavr/bin/../lib/gcc/avr/4.3.3/avr5\libgcc.a(_clear_bss.o)
 *(.data*)
 .data.column_port_pins
                0x00800060        0x4 ./HAL/KEYPAD/keypad.o
                0x00800060                column_port_pins
 .data.row_port_pins
                0x00800064        0x4 ./HAL/KEYPAD/keypad.o
                0x00800064                row_port_pins
 .data.button_pos
                0x00800068       0x10 ./HAL/KEYPAD/keypad.o
                0x00800068                button_pos
 *(.rodata)
 *(.rodata*)
 .rodata.sevenSegDigits
                0x00800078        0xa ./dio_led.o
                0x00800078                sevenSegDigits
 *(.gnu.linkonce.d*)
                0x00800082                . = ALIGN (0x2)
                0x00800082                _edata = .
                0x00800082                PROVIDE (__data_end, .)

.bss            0x00800082       0x2b
                0x00800082                PROVIDE (__bss_start, .)
 *(.bss)
 .bss           0x00800082        0x0 f:/embeded system diploma/iti material/tool/imt_sdk_win_64/imt_sdk_win_64/winavr/bin/../lib/gcc/avr/4.3.3/../../../../avr/lib/avr5/crtm32.o
 .bss           0x00800082        0x0 ./RTOS/RTOS_INT.o
 .bss           0x00800082        0x0 ./MCAL/Timer_0/MCAL_TIMER0.o
 .bss           0x00800082        0x0 ./MCAL/SPI/SPI_INT.o
 .bss           0x00800082        0x0 ./MCAL/GLOBAL_INTERRUPT/GLOBAL_INT.o
 .bss           0x00800082        0x0 ./MCAL/DIO/MCAL_DIO_PROGRAM.o
 .bss           0x00800082        0x0 ./HAL/SERVO/HAL_SERVE.o
 .bss           0x00800082        0x0 ./HAL/LED/HAL_LED.o
 .bss           0x00800082        0x0 ./HAL/KEYPAD/keypad.o
 .bss           0x00800082        0x0 ./dio_led.o
 .bss           0x00800082        0x0 f:/embeded system diploma/iti material/tool/imt_sdk_win_64/imt_sdk_win_64/winavr/bin/../lib/gcc/avr/4.3.3/avr5\libgcc.a(_udivmodqi4.o)
 .bss           0x00800082        0x0 f:/embeded system diploma/iti material/tool/imt_sdk_win_64/imt_sdk_win_64/winavr/bin/../lib/gcc/avr/4.3.3/avr5\libgcc.a(_exit.o)
 .bss           0x00800082        0x0 f:/embeded system diploma/iti material/tool/imt_sdk_win_64/imt_sdk_win_64/winavr/bin/../lib/gcc/avr/4.3.3/avr5\libgcc.a(_copy_data.o)
 .bss           0x00800082        0x0 f:/embeded system diploma/iti material/tool/imt_sdk_win_64/imt_sdk_win_64/winavr/bin/../lib/gcc/avr/4.3.3/avr5\libgcc.a(_clear_bss.o)
 *(.bss*)
 .bss.Tasks     0x00800082       0x23 ./RTOS/RTOS_INT.o
                0x00800082                Tasks
 .bss.TIMER0_CALLBACK
                0x008000a5        0x2 ./MCAL/Timer_0/MCAL_TIMER0.o
                0x008000a5                TIMER0_CALLBACK
 .bss.UART_SPI_CALLBACK
                0x008000a7        0x2 ./MCAL/SPI/SPI_INT.o
 .bss.Receive_Data
                0x008000a9        0x1 ./dio_led.o
                0x008000a9                Receive_Data
 .bss.adc_flag  0x008000aa        0x1 ./dio_led.o
                0x008000aa                adc_flag
 *(COMMON)
 COMMON         0x008000ab        0x2 ./dio_led.o
                0x008000ab                tensDigit
                0x008000ac                onesDigit
                0x008000ad                PROVIDE (__bss_end, .)
                0x00000d38                __data_load_start = LOADADDR (.data)
                0x00000d5a                __data_load_end = (__data_load_start + SIZEOF (.data))

.noinit         0x008000ad        0x0
                0x008000ad                PROVIDE (__noinit_start, .)
 *(.noinit*)
                0x008000ad                PROVIDE (__noinit_end, .)
                0x008000ad                _end = .
                0x008000ad                PROVIDE (__heap_start, .)

.eeprom         0x00810000        0x0
 *(.eeprom*)
                0x00810000                __eeprom_end = .

.fuse
 *(.fuse)
 *(.lfuse)
 *(.hfuse)
 *(.efuse)

.lock
 *(.lock*)

.signature
 *(.signature*)

.stab
 *(.stab)

.stabstr
 *(.stabstr)

.stab.excl
 *(.stab.excl)

.stab.exclstr
 *(.stab.exclstr)

.stab.index
 *(.stab.index)

.stab.indexstr
 *(.stab.indexstr)

.comment
 *(.comment)

.debug
 *(.debug)

.line
 *(.line)

.debug_srcinfo
 *(.debug_srcinfo)

.debug_sfnames
 *(.debug_sfnames)

.debug_aranges
 *(.debug_aranges)

.debug_pubnames
 *(.debug_pubnames)

.debug_info
 *(.debug_info)
 *(.gnu.linkonce.wi.*)

.debug_abbrev
 *(.debug_abbrev)

.debug_line
 *(.debug_line)

.debug_frame
 *(.debug_frame)

.debug_str
 *(.debug_str)

.debug_loc
 *(.debug_loc)

.debug_macinfo
 *(.debug_macinfo)
OUTPUT(lecture_one.elf elf32-avr)
LOAD linker stubs
