Archive member included because of file (symbol)

f:/embeded system diploma/iti material/tool/imt_sdk_win_64/imt_sdk_win_64/winavr/bin/../lib/gcc/avr/4.3.3/avr5\libgcc.a(_udivmodqi4.o)
                              ./dio_led.o (__udivmodqi4)
f:/embeded system diploma/iti material/tool/imt_sdk_win_64/imt_sdk_win_64/winavr/bin/../lib/gcc/avr/4.3.3/avr5\libgcc.a(_exit.o)
                              f:/embeded system diploma/iti material/tool/imt_sdk_win_64/imt_sdk_win_64/winavr/bin/../lib/gcc/avr/4.3.3/../../../../avr/lib/avr5/crtm32.o (exit)
f:/embeded system diploma/iti material/tool/imt_sdk_win_64/imt_sdk_win_64/winavr/bin/../lib/gcc/avr/4.3.3/avr5\libgcc.a(_copy_data.o)
                              ./HAL/KEYPAD/keypad.o (__do_copy_data)
f:/embeded system diploma/iti material/tool/imt_sdk_win_64/imt_sdk_win_64/winavr/bin/../lib/gcc/avr/4.3.3/avr5\libgcc.a(_clear_bss.o)
                              ./RTOS/RTOS_INT.o (__do_clear_bss)
f:/embeded system diploma/iti material/tool/imt_sdk_win_64/imt_sdk_win_64/winavr/bin/../lib/gcc/avr/4.3.3/avr5\libgcc.a(_fixunssfsi.o)
                              ./HAL/KEYPAD/keypad.o (__fixunssfsi)
f:/embeded system diploma/iti material/tool/imt_sdk_win_64/imt_sdk_win_64/winavr/bin/../lib/gcc/avr/4.3.3/avr5\libgcc.a(_addsub_sf.o)
                              f:/embeded system diploma/iti material/tool/imt_sdk_win_64/imt_sdk_win_64/winavr/bin/../lib/gcc/avr/4.3.3/avr5\libgcc.a(_fixunssfsi.o) (__subsf3)
f:/embeded system diploma/iti material/tool/imt_sdk_win_64/imt_sdk_win_64/winavr/bin/../lib/gcc/avr/4.3.3/avr5\libgcc.a(_mul_sf.o)
                              ./HAL/KEYPAD/keypad.o (__mulsf3)
f:/embeded system diploma/iti material/tool/imt_sdk_win_64/imt_sdk_win_64/winavr/bin/../lib/gcc/avr/4.3.3/avr5\libgcc.a(_div_sf.o)
                              ./HAL/KEYPAD/keypad.o (__divsf3)
f:/embeded system diploma/iti material/tool/imt_sdk_win_64/imt_sdk_win_64/winavr/bin/../lib/gcc/avr/4.3.3/avr5\libgcc.a(_gt_sf.o)
                              ./HAL/KEYPAD/keypad.o (__gtsf2)
f:/embeded system diploma/iti material/tool/imt_sdk_win_64/imt_sdk_win_64/winavr/bin/../lib/gcc/avr/4.3.3/avr5\libgcc.a(_ge_sf.o)
                              f:/embeded system diploma/iti material/tool/imt_sdk_win_64/imt_sdk_win_64/winavr/bin/../lib/gcc/avr/4.3.3/avr5\libgcc.a(_fixunssfsi.o) (__gesf2)
f:/embeded system diploma/iti material/tool/imt_sdk_win_64/imt_sdk_win_64/winavr/bin/../lib/gcc/avr/4.3.3/avr5\libgcc.a(_lt_sf.o)
                              ./HAL/KEYPAD/keypad.o (__ltsf2)
f:/embeded system diploma/iti material/tool/imt_sdk_win_64/imt_sdk_win_64/winavr/bin/../lib/gcc/avr/4.3.3/avr5\libgcc.a(_sf_to_si.o)
                              f:/embeded system diploma/iti material/tool/imt_sdk_win_64/imt_sdk_win_64/winavr/bin/../lib/gcc/avr/4.3.3/avr5\libgcc.a(_fixunssfsi.o) (__fixsfsi)
f:/embeded system diploma/iti material/tool/imt_sdk_win_64/imt_sdk_win_64/winavr/bin/../lib/gcc/avr/4.3.3/avr5\libgcc.a(_thenan_sf.o)
                              f:/embeded system diploma/iti material/tool/imt_sdk_win_64/imt_sdk_win_64/winavr/bin/../lib/gcc/avr/4.3.3/avr5\libgcc.a(_addsub_sf.o) (__thenan_sf)
f:/embeded system diploma/iti material/tool/imt_sdk_win_64/imt_sdk_win_64/winavr/bin/../lib/gcc/avr/4.3.3/avr5\libgcc.a(_prologue.o)
                              f:/embeded system diploma/iti material/tool/imt_sdk_win_64/imt_sdk_win_64/winavr/bin/../lib/gcc/avr/4.3.3/avr5\libgcc.a(_addsub_sf.o) (__prologue_saves__)
f:/embeded system diploma/iti material/tool/imt_sdk_win_64/imt_sdk_win_64/winavr/bin/../lib/gcc/avr/4.3.3/avr5\libgcc.a(_epilogue.o)
                              f:/embeded system diploma/iti material/tool/imt_sdk_win_64/imt_sdk_win_64/winavr/bin/../lib/gcc/avr/4.3.3/avr5\libgcc.a(_addsub_sf.o) (__epilogue_restores__)
f:/embeded system diploma/iti material/tool/imt_sdk_win_64/imt_sdk_win_64/winavr/bin/../lib/gcc/avr/4.3.3/avr5\libgcc.a(_pack_sf.o)
                              f:/embeded system diploma/iti material/tool/imt_sdk_win_64/imt_sdk_win_64/winavr/bin/../lib/gcc/avr/4.3.3/avr5\libgcc.a(_addsub_sf.o) (__pack_f)
f:/embeded system diploma/iti material/tool/imt_sdk_win_64/imt_sdk_win_64/winavr/bin/../lib/gcc/avr/4.3.3/avr5\libgcc.a(_unpack_sf.o)
                              f:/embeded system diploma/iti material/tool/imt_sdk_win_64/imt_sdk_win_64/winavr/bin/../lib/gcc/avr/4.3.3/avr5\libgcc.a(_addsub_sf.o) (__unpack_f)
f:/embeded system diploma/iti material/tool/imt_sdk_win_64/imt_sdk_win_64/winavr/bin/../lib/gcc/avr/4.3.3/avr5\libgcc.a(_fpcmp_parts_sf.o)
                              f:/embeded system diploma/iti material/tool/imt_sdk_win_64/imt_sdk_win_64/winavr/bin/../lib/gcc/avr/4.3.3/avr5\libgcc.a(_gt_sf.o) (__fpcmp_parts_f)

Allocating common symbols
Common symbol       size              file

tensDigit           0x1               ./dio_led.o
onesDigit           0x1               ./dio_led.o

Memory Configuration

Name             Origin             Length             Attributes
text             0x00000000         0x00020000         xr
data             0x00800060         0x0000ffa0         rw !x
eeprom           0x00810000         0x00010000         rw !x
fuse             0x00820000         0x00000400         rw !x
lock             0x00830000         0x00000400         rw !x
signature        0x00840000         0x00000400         rw !x
*default*        0x00000000         0xffffffff

Linker script and memory map

LOAD f:/embeded system diploma/iti material/tool/imt_sdk_win_64/imt_sdk_win_64/winavr/bin/../lib/gcc/avr/4.3.3/../../../../avr/lib/avr5/crtm32.o
LOAD ./RTOS/RTOS_INT.o
LOAD ./MCAL/Timer_0/MCAL_TIMER0.o
LOAD ./MCAL/SPI/SPI_INT.o
LOAD ./MCAL/GLOBAL_INTERRUPT/GLOBAL_INT.o
LOAD ./MCAL/DIO/MCAL_DIO_PROGRAM.o
LOAD ./HAL/SERVO/HAL_SERVE.o
LOAD ./HAL/LED/HAL_LED.o
LOAD ./HAL/KEYPAD/keypad.o
LOAD ./dio_led.o
LOAD f:/embeded system diploma/iti material/tool/imt_sdk_win_64/imt_sdk_win_64/winavr/bin/../lib/gcc/avr/4.3.3/avr5\libgcc.a
LOAD f:/embeded system diploma/iti material/tool/imt_sdk_win_64/imt_sdk_win_64/winavr/bin/../lib/gcc/avr/4.3.3/../../../../avr/lib/avr5\libc.a
LOAD f:/embeded system diploma/iti material/tool/imt_sdk_win_64/imt_sdk_win_64/winavr/bin/../lib/gcc/avr/4.3.3/avr5\libgcc.a

.hash
 *(.hash)

.dynsym
 *(.dynsym)

.dynstr
 *(.dynstr)

.gnu.version
 *(.gnu.version)

.gnu.version_d
 *(.gnu.version_d)

.gnu.version_r
 *(.gnu.version_r)

.rel.init
 *(.rel.init)

.rela.init
 *(.rela.init)

.rel.text
 *(.rel.text)
 *(.rel.text.*)
 *(.rel.gnu.linkonce.t*)

.rela.text
 *(.rela.text)
 *(.rela.text.*)
 *(.rela.gnu.linkonce.t*)

.rel.fini
 *(.rel.fini)

.rela.fini
 *(.rela.fini)

.rel.rodata
 *(.rel.rodata)
 *(.rel.rodata.*)
 *(.rel.gnu.linkonce.r*)

.rela.rodata
 *(.rela.rodata)
 *(.rela.rodata.*)
 *(.rela.gnu.linkonce.r*)

.rel.data
 *(.rel.data)
 *(.rel.data.*)
 *(.rel.gnu.linkonce.d*)

.rela.data
 *(.rela.data)
 *(.rela.data.*)
 *(.rela.gnu.linkonce.d*)

.rel.ctors
 *(.rel.ctors)

.rela.ctors
 *(.rela.ctors)

.rel.dtors
 *(.rel.dtors)

.rela.dtors
 *(.rela.dtors)

.rel.got
 *(.rel.got)

.rela.got
 *(.rela.got)

.rel.bss
 *(.rel.bss)

.rela.bss
 *(.rela.bss)

.rel.plt
 *(.rel.plt)

.rela.plt
 *(.rela.plt)

.text           0x00000000     0x33fc
 *(.vectors)
 .vectors       0x00000000       0x54 f:/embeded system diploma/iti material/tool/imt_sdk_win_64/imt_sdk_win_64/winavr/bin/../lib/gcc/avr/4.3.3/../../../../avr/lib/avr5/crtm32.o
                0x00000000                __vectors
                0x00000000                __vector_default
 *(.vectors)
 *(.progmem.gcc*)
 *(.progmem*)
                0x00000054                . = ALIGN (0x2)
                0x00000054                __trampolines_start = .
 *(.trampolines)
 .trampolines   0x00000054        0x0 linker stubs
 *(.trampolines*)
                0x00000054                __trampolines_end = .
 *(.jumptables)
 *(.jumptables*)
 *(.lowtext)
 *(.lowtext*)
                0x00000054                __ctors_start = .
 *(.ctors)
                0x00000054                __ctors_end = .
                0x00000054                __dtors_start = .
 *(.dtors)
                0x00000054                __dtors_end = .
 SORT(*)(.ctors)
 SORT(*)(.dtors)
 *(.init0)
 .init0         0x00000054        0x0 f:/embeded system diploma/iti material/tool/imt_sdk_win_64/imt_sdk_win_64/winavr/bin/../lib/gcc/avr/4.3.3/../../../../avr/lib/avr5/crtm32.o
                0x00000054                __init
 *(.init0)
 *(.init1)
 *(.init1)
 *(.init2)
 .init2         0x00000054        0xc f:/embeded system diploma/iti material/tool/imt_sdk_win_64/imt_sdk_win_64/winavr/bin/../lib/gcc/avr/4.3.3/../../../../avr/lib/avr5/crtm32.o
 *(.init2)
 *(.init3)
 *(.init3)
 *(.init4)
 .init4         0x00000060       0x16 f:/embeded system diploma/iti material/tool/imt_sdk_win_64/imt_sdk_win_64/winavr/bin/../lib/gcc/avr/4.3.3/avr5\libgcc.a(_copy_data.o)
                0x00000060                __do_copy_data
 .init4         0x00000076       0x10 f:/embeded system diploma/iti material/tool/imt_sdk_win_64/imt_sdk_win_64/winavr/bin/../lib/gcc/avr/4.3.3/avr5\libgcc.a(_clear_bss.o)
                0x00000076                __do_clear_bss
 *(.init4)
 *(.init5)
 *(.init5)
 *(.init6)
 *(.init6)
 *(.init7)
 *(.init7)
 *(.init8)
 *(.init8)
 *(.init9)
 .init9         0x00000086        0x8 f:/embeded system diploma/iti material/tool/imt_sdk_win_64/imt_sdk_win_64/winavr/bin/../lib/gcc/avr/4.3.3/../../../../avr/lib/avr5/crtm32.o
 *(.init9)
 *(.text)
 .text          0x0000008e        0x4 f:/embeded system diploma/iti material/tool/imt_sdk_win_64/imt_sdk_win_64/winavr/bin/../lib/gcc/avr/4.3.3/../../../../avr/lib/avr5/crtm32.o
                0x0000008e                __vector_1
                0x0000008e                __bad_interrupt
                0x0000008e                __vector_6
                0x0000008e                __vector_3
                0x0000008e                __vector_11
                0x0000008e                __vector_13
                0x0000008e                __vector_17
                0x0000008e                __vector_19
                0x0000008e                __vector_7
                0x0000008e                __vector_5
                0x0000008e                __vector_4
                0x0000008e                __vector_9
                0x0000008e                __vector_2
                0x0000008e                __vector_15
                0x0000008e                __vector_8
                0x0000008e                __vector_14
                0x0000008e                __vector_16
                0x0000008e                __vector_18
                0x0000008e                __vector_20
 .text          0x00000092        0x0 ./RTOS/RTOS_INT.o
 .text          0x00000092        0x0 ./MCAL/Timer_0/MCAL_TIMER0.o
 .text          0x00000092        0x0 ./MCAL/SPI/SPI_INT.o
 .text          0x00000092        0x0 ./MCAL/GLOBAL_INTERRUPT/GLOBAL_INT.o
 .text          0x00000092        0x0 ./MCAL/DIO/MCAL_DIO_PROGRAM.o
 .text          0x00000092        0x0 ./HAL/SERVO/HAL_SERVE.o
 .text          0x00000092        0x0 ./HAL/LED/HAL_LED.o
 .text          0x00000092        0x0 ./HAL/KEYPAD/keypad.o
 .text          0x00000092        0x0 ./dio_led.o
 .text          0x00000092        0x0 f:/embeded system diploma/iti material/tool/imt_sdk_win_64/imt_sdk_win_64/winavr/bin/../lib/gcc/avr/4.3.3/avr5\libgcc.a(_udivmodqi4.o)
 .text          0x00000092        0x0 f:/embeded system diploma/iti material/tool/imt_sdk_win_64/imt_sdk_win_64/winavr/bin/../lib/gcc/avr/4.3.3/avr5\libgcc.a(_exit.o)
 .text          0x00000092        0x0 f:/embeded system diploma/iti material/tool/imt_sdk_win_64/imt_sdk_win_64/winavr/bin/../lib/gcc/avr/4.3.3/avr5\libgcc.a(_copy_data.o)
 .text          0x00000092        0x0 f:/embeded system diploma/iti material/tool/imt_sdk_win_64/imt_sdk_win_64/winavr/bin/../lib/gcc/avr/4.3.3/avr5\libgcc.a(_clear_bss.o)
 .text          0x00000092       0x58 f:/embeded system diploma/iti material/tool/imt_sdk_win_64/imt_sdk_win_64/winavr/bin/../lib/gcc/avr/4.3.3/avr5\libgcc.a(_fixunssfsi.o)
                0x00000092                __fixunssfsi
 .text          0x000000ea      0x354 f:/embeded system diploma/iti material/tool/imt_sdk_win_64/imt_sdk_win_64/winavr/bin/../lib/gcc/avr/4.3.3/avr5\libgcc.a(_addsub_sf.o)
                0x00000382                __subsf3
                0x000003e4                __addsf3
 .text          0x0000043e      0x1f4 f:/embeded system diploma/iti material/tool/imt_sdk_win_64/imt_sdk_win_64/winavr/bin/../lib/gcc/avr/4.3.3/avr5\libgcc.a(_mul_sf.o)
                0x0000043e                __mulsf3
 .text          0x00000632      0x158 f:/embeded system diploma/iti material/tool/imt_sdk_win_64/imt_sdk_win_64/winavr/bin/../lib/gcc/avr/4.3.3/avr5\libgcc.a(_div_sf.o)
                0x00000632                __divsf3
 .text          0x0000078a       0x60 f:/embeded system diploma/iti material/tool/imt_sdk_win_64/imt_sdk_win_64/winavr/bin/../lib/gcc/avr/4.3.3/avr5\libgcc.a(_gt_sf.o)
                0x0000078a                __gtsf2
 .text          0x000007ea       0x60 f:/embeded system diploma/iti material/tool/imt_sdk_win_64/imt_sdk_win_64/winavr/bin/../lib/gcc/avr/4.3.3/avr5\libgcc.a(_ge_sf.o)
                0x000007ea                __gesf2
 .text          0x0000084a       0x60 f:/embeded system diploma/iti material/tool/imt_sdk_win_64/imt_sdk_win_64/winavr/bin/../lib/gcc/avr/4.3.3/avr5\libgcc.a(_lt_sf.o)
                0x0000084a                __ltsf2
 .text          0x000008aa       0xa8 f:/embeded system diploma/iti material/tool/imt_sdk_win_64/imt_sdk_win_64/winavr/bin/../lib/gcc/avr/4.3.3/avr5\libgcc.a(_sf_to_si.o)
                0x000008aa                __fixsfsi
 .text          0x00000952        0x0 f:/embeded system diploma/iti material/tool/imt_sdk_win_64/imt_sdk_win_64/winavr/bin/../lib/gcc/avr/4.3.3/avr5\libgcc.a(_thenan_sf.o)
 .text          0x00000952        0x0 f:/embeded system diploma/iti material/tool/imt_sdk_win_64/imt_sdk_win_64/winavr/bin/../lib/gcc/avr/4.3.3/avr5\libgcc.a(_prologue.o)
 .text          0x00000952        0x0 f:/embeded system diploma/iti material/tool/imt_sdk_win_64/imt_sdk_win_64/winavr/bin/../lib/gcc/avr/4.3.3/avr5\libgcc.a(_epilogue.o)
 .text          0x00000952      0x1aa f:/embeded system diploma/iti material/tool/imt_sdk_win_64/imt_sdk_win_64/winavr/bin/../lib/gcc/avr/4.3.3/avr5\libgcc.a(_pack_sf.o)
                0x00000952                __pack_f
 .text          0x00000afc       0xf0 f:/embeded system diploma/iti material/tool/imt_sdk_win_64/imt_sdk_win_64/winavr/bin/../lib/gcc/avr/4.3.3/avr5\libgcc.a(_unpack_sf.o)
                0x00000afc                __unpack_f
 .text          0x00000bec       0xb2 f:/embeded system diploma/iti material/tool/imt_sdk_win_64/imt_sdk_win_64/winavr/bin/../lib/gcc/avr/4.3.3/avr5\libgcc.a(_fpcmp_parts_sf.o)
                0x00000bec                __fpcmp_parts_f
                0x00000c9e                . = ALIGN (0x2)
 *(.text.*)
 .text.Create_Task
                0x00000c9e      0x116 ./RTOS/RTOS_INT.o
                0x00000c9e                Create_Task
 .text.RTOS_START
                0x00000db4       0x28 ./RTOS/RTOS_INT.o
                0x00000db4                RTOS_START
 .text.Task_Suspend
                0x00000ddc       0x36 ./RTOS/RTOS_INT.o
                0x00000ddc                Task_Suspend
 .text.Task_Resume
                0x00000e12       0x34 ./RTOS/RTOS_INT.o
                0x00000e12                Task_Resume
 .text.Task_Delete
                0x00000e46       0x36 ./RTOS/RTOS_INT.o
                0x00000e46                Task_Delete
 .text.Schedular
                0x00000e7c      0x142 ./RTOS/RTOS_INT.o
                0x00000e7c                Schedular
 .text.MTIMER0_VoidInit
                0x00000fbe       0x5c ./MCAL/Timer_0/MCAL_TIMER0.o
                0x00000fbe                MTIMER0_VoidInit
 .text.MTIMER0_VoidDisable
                0x0000101a       0x1c ./MCAL/Timer_0/MCAL_TIMER0.o
                0x0000101a                MTIMER0_VoidDisable
 .text.MTIMER0_VoidSetPreLoad
                0x00001036       0x1c ./MCAL/Timer_0/MCAL_TIMER0.o
                0x00001036                MTIMER0_VoidSetPreLoad
 .text.TIMER_0_SET_DUTYCYCLE
                0x00001052       0x1c ./MCAL/Timer_0/MCAL_TIMER0.o
                0x00001052                TIMER_0_SET_DUTYCYCLE
 .text.TIMER0_SETCALLBACK
                0x0000106e       0x24 ./MCAL/Timer_0/MCAL_TIMER0.o
                0x0000106e                TIMER0_SETCALLBACK
 .text.__vector_10
                0x00001092       0x5a ./MCAL/Timer_0/MCAL_TIMER0.o
                0x00001092                __vector_10
 .text.MSPI_Init
                0x000010ec       0x92 ./MCAL/SPI/SPI_INT.o
                0x000010ec                MSPI_Init
 .text.MSPI_TRANSCIEVE_BLOCKING
                0x0000117e       0x2c ./MCAL/SPI/SPI_INT.o
                0x0000117e                MSPI_TRANSCIEVE_BLOCKING
 .text.SPI_TRANSCIEVE
                0x000011aa       0x2a ./MCAL/SPI/SPI_INT.o
                0x000011aa                SPI_TRANSCIEVE
 .text.SPI_MASTER_INIT
                0x000011d4       0x1e ./MCAL/SPI/SPI_INT.o
                0x000011d4                SPI_MASTER_INIT
 .text.SPI_SLAVE_INIT
                0x000011f2       0x1e ./MCAL/SPI/SPI_INT.o
                0x000011f2                SPI_SLAVE_INIT
 .text.SPI_SLAVE_RECE
                0x00001210       0x1e ./MCAL/SPI/SPI_INT.o
                0x00001210                SPI_SLAVE_RECE
 .text.SET_DIRECTIONS
                0x0000122e       0x36 ./MCAL/SPI/SPI_INT.o
 .text.__vector_12
                0x00001264       0x5a ./MCAL/SPI/SPI_INT.o
                0x00001264                __vector_12
 .text.DIO_PIN_WRITE_LOGIC_M
                0x000012be      0x200 ./MCAL/DIO/MCAL_DIO_PROGRAM.o
                0x000012be                DIO_PIN_WRITE_LOGIC_M
 .text.DIO_PIN_DIRECTION_INIT_M
                0x000014be      0x1f8 ./MCAL/DIO/MCAL_DIO_PROGRAM.o
                0x000014be                DIO_PIN_DIRECTION_INIT_M
 .text.DIO_PIN_TOGGLE_LOGIC_M
                0x000016b6       0xfa ./MCAL/DIO/MCAL_DIO_PROGRAM.o
                0x000016b6                DIO_PIN_TOGGLE_LOGIC_M
 .text.DIO_PIN_READ_LOGIC_LEVEL_M
                0x000017b0       0xf2 ./MCAL/DIO/MCAL_DIO_PROGRAM.o
                0x000017b0                DIO_PIN_READ_LOGIC_LEVEL_M
 .text.DIO_PORT_WRITE_LOGIC_M
                0x000018a2       0x82 ./MCAL/DIO/MCAL_DIO_PROGRAM.o
                0x000018a2                DIO_PORT_WRITE_LOGIC_M
 .text.DIO_PORT_SET_DIRECTION_M
                0x00001924       0x82 ./MCAL/DIO/MCAL_DIO_PROGRAM.o
                0x00001924                DIO_PORT_SET_DIRECTION_M
 .text.PORT_DIRECTION_INIT
                0x000019a6       0x2e ./MCAL/DIO/MCAL_DIO_PROGRAM.o
                0x000019a6                PORT_DIRECTION_INIT
 .text.PORT_LOGICLEVEL_INIT
                0x000019d4       0x26 ./MCAL/DIO/MCAL_DIO_PROGRAM.o
                0x000019d4                PORT_LOGICLEVEL_INIT
 .text.HAL_LED_ON
                0x000019fa       0x22 ./HAL/LED/HAL_LED.o
                0x000019fa                HAL_LED_ON
 .text.HAL_LED_OFF
                0x00001a1c       0x22 ./HAL/LED/HAL_LED.o
                0x00001a1c                HAL_LED_OFF
 .text.HAL_LED_TOGGLE
                0x00001a3e       0x20 ./HAL/LED/HAL_LED.o
                0x00001a3e                HAL_LED_TOGGLE
 .text.keypad_read
                0x00001a5e      0x336 ./HAL/KEYPAD/keypad.o
                0x00001a5e                keypad_read
 .text.keypad_read_1
                0x00001d94      0x1b8 ./HAL/KEYPAD/keypad.o
                0x00001d94                keypad_read_1
 .text.keypad_read_2
                0x00001f4c       0xd6 ./HAL/KEYPAD/keypad.o
                0x00001f4c                keypad_read_2
 .text.keypad_read_4
                0x00002022       0xe8 ./HAL/KEYPAD/keypad.o
                0x00002022                keypad_read_4
 .text.keypad_readd
                0x0000210a      0x106 ./HAL/KEYPAD/keypad.o
                0x0000210a                keypad_readd
 .text.main     0x00002210       0x34 ./dio_led.o
                0x00002210                main
 .text.READ_SPI
                0x00002244      0x12e ./dio_led.o
                0x00002244                READ_SPI
 .text.seg_display
                0x00002372       0x74 ./dio_led.o
                0x00002372                seg_display
 .text.FAN_START
                0x000023e6       0x22 ./dio_led.o
                0x000023e6                FAN_START
 .text.FAN_STOP
                0x00002408       0x22 ./dio_led.o
                0x00002408                FAN_STOP
 .text.MTIMER0_ISR
                0x0000242a       0x16 ./dio_led.o
                0x0000242a                MTIMER0_ISR
 .text.Stepper_Go
                0x00002440      0xf32 ./dio_led.o
                0x00002440                Stepper_Go
 .text.libgcc   0x00003372       0x18 f:/embeded system diploma/iti material/tool/imt_sdk_win_64/imt_sdk_win_64/winavr/bin/../lib/gcc/avr/4.3.3/avr5\libgcc.a(_udivmodqi4.o)
                0x00003372                __udivmodqi4
 .text.libgcc   0x0000338a        0x0 f:/embeded system diploma/iti material/tool/imt_sdk_win_64/imt_sdk_win_64/winavr/bin/../lib/gcc/avr/4.3.3/avr5\libgcc.a(_exit.o)
 .text.libgcc   0x0000338a        0x0 f:/embeded system diploma/iti material/tool/imt_sdk_win_64/imt_sdk_win_64/winavr/bin/../lib/gcc/avr/4.3.3/avr5\libgcc.a(_copy_data.o)
 .text.libgcc   0x0000338a        0x0 f:/embeded system diploma/iti material/tool/imt_sdk_win_64/imt_sdk_win_64/winavr/bin/../lib/gcc/avr/4.3.3/avr5\libgcc.a(_clear_bss.o)
 .text.libgcc   0x0000338a       0x38 f:/embeded system diploma/iti material/tool/imt_sdk_win_64/imt_sdk_win_64/winavr/bin/../lib/gcc/avr/4.3.3/avr5\libgcc.a(_prologue.o)
                0x0000338a                __prologue_saves__
 .text.libgcc   0x000033c2       0x36 f:/embeded system diploma/iti material/tool/imt_sdk_win_64/imt_sdk_win_64/winavr/bin/../lib/gcc/avr/4.3.3/avr5\libgcc.a(_epilogue.o)
                0x000033c2                __epilogue_restores__
                0x000033f8                . = ALIGN (0x2)
 *(.fini9)
 .fini9         0x000033f8        0x0 f:/embeded system diploma/iti material/tool/imt_sdk_win_64/imt_sdk_win_64/winavr/bin/../lib/gcc/avr/4.3.3/avr5\libgcc.a(_exit.o)
                0x000033f8                exit
                0x000033f8                _exit
 *(.fini9)
 *(.fini8)
 *(.fini8)
 *(.fini7)
 *(.fini7)
 *(.fini6)
 *(.fini6)
 *(.fini5)
 *(.fini5)
 *(.fini4)
 *(.fini4)
 *(.fini3)
 *(.fini3)
 *(.fini2)
 *(.fini2)
 *(.fini1)
 *(.fini1)
 *(.fini0)
 .fini0         0x000033f8        0x4 f:/embeded system diploma/iti material/tool/imt_sdk_win_64/imt_sdk_win_64/winavr/bin/../lib/gcc/avr/4.3.3/avr5\libgcc.a(_exit.o)
 *(.fini0)
                0x000033fc                _etext = .

.data           0x00800060       0x2a load address 0x000033fc
                0x00800060                PROVIDE (__data_start, .)
 *(.data)
 .data          0x00800060        0x0 f:/embeded system diploma/iti material/tool/imt_sdk_win_64/imt_sdk_win_64/winavr/bin/../lib/gcc/avr/4.3.3/../../../../avr/lib/avr5/crtm32.o
 .data          0x00800060        0x0 ./RTOS/RTOS_INT.o
 .data          0x00800060        0x0 ./MCAL/Timer_0/MCAL_TIMER0.o
 .data          0x00800060        0x0 ./MCAL/SPI/SPI_INT.o
 .data          0x00800060        0x0 ./MCAL/GLOBAL_INTERRUPT/GLOBAL_INT.o
 .data          0x00800060        0x0 ./MCAL/DIO/MCAL_DIO_PROGRAM.o
 .data          0x00800060        0x0 ./HAL/SERVO/HAL_SERVE.o
 .data          0x00800060        0x0 ./HAL/LED/HAL_LED.o
 .data          0x00800060        0x0 ./HAL/KEYPAD/keypad.o
 .data          0x00800060        0x0 ./dio_led.o
 .data          0x00800060        0x0 f:/embeded system diploma/iti material/tool/imt_sdk_win_64/imt_sdk_win_64/winavr/bin/../lib/gcc/avr/4.3.3/avr5\libgcc.a(_udivmodqi4.o)
 .data          0x00800060        0x0 f:/embeded system diploma/iti material/tool/imt_sdk_win_64/imt_sdk_win_64/winavr/bin/../lib/gcc/avr/4.3.3/avr5\libgcc.a(_exit.o)
 .data          0x00800060        0x0 f:/embeded system diploma/iti material/tool/imt_sdk_win_64/imt_sdk_win_64/winavr/bin/../lib/gcc/avr/4.3.3/avr5\libgcc.a(_copy_data.o)
 .data          0x00800060        0x0 f:/embeded system diploma/iti material/tool/imt_sdk_win_64/imt_sdk_win_64/winavr/bin/../lib/gcc/avr/4.3.3/avr5\libgcc.a(_clear_bss.o)
 .data          0x00800060        0x0 f:/embeded system diploma/iti material/tool/imt_sdk_win_64/imt_sdk_win_64/winavr/bin/../lib/gcc/avr/4.3.3/avr5\libgcc.a(_fixunssfsi.o)
 .data          0x00800060        0x0 f:/embeded system diploma/iti material/tool/imt_sdk_win_64/imt_sdk_win_64/winavr/bin/../lib/gcc/avr/4.3.3/avr5\libgcc.a(_addsub_sf.o)
 .data          0x00800060        0x0 f:/embeded system diploma/iti material/tool/imt_sdk_win_64/imt_sdk_win_64/winavr/bin/../lib/gcc/avr/4.3.3/avr5\libgcc.a(_mul_sf.o)
 .data          0x00800060        0x0 f:/embeded system diploma/iti material/tool/imt_sdk_win_64/imt_sdk_win_64/winavr/bin/../lib/gcc/avr/4.3.3/avr5\libgcc.a(_div_sf.o)
 .data          0x00800060        0x0 f:/embeded system diploma/iti material/tool/imt_sdk_win_64/imt_sdk_win_64/winavr/bin/../lib/gcc/avr/4.3.3/avr5\libgcc.a(_gt_sf.o)
 .data          0x00800060        0x0 f:/embeded system diploma/iti material/tool/imt_sdk_win_64/imt_sdk_win_64/winavr/bin/../lib/gcc/avr/4.3.3/avr5\libgcc.a(_ge_sf.o)
 .data          0x00800060        0x0 f:/embeded system diploma/iti material/tool/imt_sdk_win_64/imt_sdk_win_64/winavr/bin/../lib/gcc/avr/4.3.3/avr5\libgcc.a(_lt_sf.o)
 .data          0x00800060        0x0 f:/embeded system diploma/iti material/tool/imt_sdk_win_64/imt_sdk_win_64/winavr/bin/../lib/gcc/avr/4.3.3/avr5\libgcc.a(_sf_to_si.o)
 .data          0x00800060        0x8 f:/embeded system diploma/iti material/tool/imt_sdk_win_64/imt_sdk_win_64/winavr/bin/../lib/gcc/avr/4.3.3/avr5\libgcc.a(_thenan_sf.o)
                0x00800060                __thenan_sf
 .data          0x00800068        0x0 f:/embeded system diploma/iti material/tool/imt_sdk_win_64/imt_sdk_win_64/winavr/bin/../lib/gcc/avr/4.3.3/avr5\libgcc.a(_prologue.o)
 .data          0x00800068        0x0 f:/embeded system diploma/iti material/tool/imt_sdk_win_64/imt_sdk_win_64/winavr/bin/../lib/gcc/avr/4.3.3/avr5\libgcc.a(_epilogue.o)
 .data          0x00800068        0x0 f:/embeded system diploma/iti material/tool/imt_sdk_win_64/imt_sdk_win_64/winavr/bin/../lib/gcc/avr/4.3.3/avr5\libgcc.a(_pack_sf.o)
 .data          0x00800068        0x0 f:/embeded system diploma/iti material/tool/imt_sdk_win_64/imt_sdk_win_64/winavr/bin/../lib/gcc/avr/4.3.3/avr5\libgcc.a(_unpack_sf.o)
 .data          0x00800068        0x0 f:/embeded system diploma/iti material/tool/imt_sdk_win_64/imt_sdk_win_64/winavr/bin/../lib/gcc/avr/4.3.3/avr5\libgcc.a(_fpcmp_parts_sf.o)
 *(.data*)
 .data.column_port_pins
                0x00800068        0x4 ./HAL/KEYPAD/keypad.o
                0x00800068                column_port_pins
 .data.row_port_pins
                0x0080006c        0x4 ./HAL/KEYPAD/keypad.o
                0x0080006c                row_port_pins
 .data.button_pos
                0x00800070       0x10 ./HAL/KEYPAD/keypad.o
                0x00800070                button_pos
 *(.rodata)
 *(.rodata*)
 .rodata.sevenSegDigits
                0x00800080        0xa ./dio_led.o
                0x00800080                sevenSegDigits
 *(.gnu.linkonce.d*)
                0x0080008a                . = ALIGN (0x2)
                0x0080008a                _edata = .
                0x0080008a                PROVIDE (__data_end, .)

.bss            0x0080008a       0x2b
                0x0080008a                PROVIDE (__bss_start, .)
 *(.bss)
 .bss           0x0080008a        0x0 f:/embeded system diploma/iti material/tool/imt_sdk_win_64/imt_sdk_win_64/winavr/bin/../lib/gcc/avr/4.3.3/../../../../avr/lib/avr5/crtm32.o
 .bss           0x0080008a        0x0 ./RTOS/RTOS_INT.o
 .bss           0x0080008a        0x0 ./MCAL/Timer_0/MCAL_TIMER0.o
 .bss           0x0080008a        0x0 ./MCAL/SPI/SPI_INT.o
 .bss           0x0080008a        0x0 ./MCAL/GLOBAL_INTERRUPT/GLOBAL_INT.o
 .bss           0x0080008a        0x0 ./MCAL/DIO/MCAL_DIO_PROGRAM.o
 .bss           0x0080008a        0x0 ./HAL/SERVO/HAL_SERVE.o
 .bss           0x0080008a        0x0 ./HAL/LED/HAL_LED.o
 .bss           0x0080008a        0x0 ./HAL/KEYPAD/keypad.o
 .bss           0x0080008a        0x0 ./dio_led.o
 .bss           0x0080008a        0x0 f:/embeded system diploma/iti material/tool/imt_sdk_win_64/imt_sdk_win_64/winavr/bin/../lib/gcc/avr/4.3.3/avr5\libgcc.a(_udivmodqi4.o)
 .bss           0x0080008a        0x0 f:/embeded system diploma/iti material/tool/imt_sdk_win_64/imt_sdk_win_64/winavr/bin/../lib/gcc/avr/4.3.3/avr5\libgcc.a(_exit.o)
 .bss           0x0080008a        0x0 f:/embeded system diploma/iti material/tool/imt_sdk_win_64/imt_sdk_win_64/winavr/bin/../lib/gcc/avr/4.3.3/avr5\libgcc.a(_copy_data.o)
 .bss           0x0080008a        0x0 f:/embeded system diploma/iti material/tool/imt_sdk_win_64/imt_sdk_win_64/winavr/bin/../lib/gcc/avr/4.3.3/avr5\libgcc.a(_clear_bss.o)
 .bss           0x0080008a        0x0 f:/embeded system diploma/iti material/tool/imt_sdk_win_64/imt_sdk_win_64/winavr/bin/../lib/gcc/avr/4.3.3/avr5\libgcc.a(_fixunssfsi.o)
 .bss           0x0080008a        0x0 f:/embeded system diploma/iti material/tool/imt_sdk_win_64/imt_sdk_win_64/winavr/bin/../lib/gcc/avr/4.3.3/avr5\libgcc.a(_addsub_sf.o)
 .bss           0x0080008a        0x0 f:/embeded system diploma/iti material/tool/imt_sdk_win_64/imt_sdk_win_64/winavr/bin/../lib/gcc/avr/4.3.3/avr5\libgcc.a(_mul_sf.o)
 .bss           0x0080008a        0x0 f:/embeded system diploma/iti material/tool/imt_sdk_win_64/imt_sdk_win_64/winavr/bin/../lib/gcc/avr/4.3.3/avr5\libgcc.a(_div_sf.o)
 .bss           0x0080008a        0x0 f:/embeded system diploma/iti material/tool/imt_sdk_win_64/imt_sdk_win_64/winavr/bin/../lib/gcc/avr/4.3.3/avr5\libgcc.a(_gt_sf.o)
 .bss           0x0080008a        0x0 f:/embeded system diploma/iti material/tool/imt_sdk_win_64/imt_sdk_win_64/winavr/bin/../lib/gcc/avr/4.3.3/avr5\libgcc.a(_ge_sf.o)
 .bss           0x0080008a        0x0 f:/embeded system diploma/iti material/tool/imt_sdk_win_64/imt_sdk_win_64/winavr/bin/../lib/gcc/avr/4.3.3/avr5\libgcc.a(_lt_sf.o)
 .bss           0x0080008a        0x0 f:/embeded system diploma/iti material/tool/imt_sdk_win_64/imt_sdk_win_64/winavr/bin/../lib/gcc/avr/4.3.3/avr5\libgcc.a(_sf_to_si.o)
 .bss           0x0080008a        0x0 f:/embeded system diploma/iti material/tool/imt_sdk_win_64/imt_sdk_win_64/winavr/bin/../lib/gcc/avr/4.3.3/avr5\libgcc.a(_thenan_sf.o)
 .bss           0x0080008a        0x0 f:/embeded system diploma/iti material/tool/imt_sdk_win_64/imt_sdk_win_64/winavr/bin/../lib/gcc/avr/4.3.3/avr5\libgcc.a(_prologue.o)
 .bss           0x0080008a        0x0 f:/embeded system diploma/iti material/tool/imt_sdk_win_64/imt_sdk_win_64/winavr/bin/../lib/gcc/avr/4.3.3/avr5\libgcc.a(_epilogue.o)
 .bss           0x0080008a        0x0 f:/embeded system diploma/iti material/tool/imt_sdk_win_64/imt_sdk_win_64/winavr/bin/../lib/gcc/avr/4.3.3/avr5\libgcc.a(_pack_sf.o)
 .bss           0x0080008a        0x0 f:/embeded system diploma/iti material/tool/imt_sdk_win_64/imt_sdk_win_64/winavr/bin/../lib/gcc/avr/4.3.3/avr5\libgcc.a(_unpack_sf.o)
 .bss           0x0080008a        0x0 f:/embeded system diploma/iti material/tool/imt_sdk_win_64/imt_sdk_win_64/winavr/bin/../lib/gcc/avr/4.3.3/avr5\libgcc.a(_fpcmp_parts_sf.o)
 *(.bss*)
 .bss.Tasks     0x0080008a       0x23 ./RTOS/RTOS_INT.o
                0x0080008a                Tasks
 .bss.TIMER0_CALLBACK
                0x008000ad        0x2 ./MCAL/Timer_0/MCAL_TIMER0.o
                0x008000ad                TIMER0_CALLBACK
 .bss.UART_SPI_CALLBACK
                0x008000af        0x2 ./MCAL/SPI/SPI_INT.o
 .bss.Receive_Data
                0x008000b1        0x1 ./dio_led.o
                0x008000b1                Receive_Data
 .bss.adc_flag  0x008000b2        0x1 ./dio_led.o
                0x008000b2                adc_flag
 *(COMMON)
 COMMON         0x008000b3        0x2 ./dio_led.o
                0x008000b3                tensDigit
                0x008000b4                onesDigit
                0x008000b5                PROVIDE (__bss_end, .)
                0x000033fc                __data_load_start = LOADADDR (.data)
                0x00003426                __data_load_end = (__data_load_start + SIZEOF (.data))

.noinit         0x008000b5        0x0
                0x008000b5                PROVIDE (__noinit_start, .)
 *(.noinit*)
                0x008000b5                PROVIDE (__noinit_end, .)
                0x008000b5                _end = .
                0x008000b5                PROVIDE (__heap_start, .)

.eeprom         0x00810000        0x0
 *(.eeprom*)
                0x00810000                __eeprom_end = .

.fuse
 *(.fuse)
 *(.lfuse)
 *(.hfuse)
 *(.efuse)

.lock
 *(.lock*)

.signature
 *(.signature*)

.stab           0x00000000     0x32ac
 *(.stab)
 .stab          0x00000000      0x6d8 ./RTOS/RTOS_INT.o
 .stab          0x000006d8      0x33c ./MCAL/Timer_0/MCAL_TIMER0.o
                                0x570 (size before relaxing)
 .stab          0x00000a14      0x480 ./MCAL/SPI/SPI_INT.o
                                0x6b4 (size before relaxing)
 .stab          0x00000e94       0xd8 ./MCAL/GLOBAL_INTERRUPT/GLOBAL_INT.o
                                 0xe4 (size before relaxing)
 .stab          0x00000f6c      0x618 ./MCAL/DIO/MCAL_DIO_PROGRAM.o
                                0x84c (size before relaxing)
 .stab          0x00001584       0xd8 ./HAL/SERVO/HAL_SERVE.o
                                 0xe4 (size before relaxing)
 .stab          0x0000165c      0x240 ./HAL/LED/HAL_LED.o
                                0x24c (size before relaxing)
 .stab          0x0000189c      0xaa4 ./HAL/KEYPAD/keypad.o
                                0xcd8 (size before relaxing)
 .stab          0x00002340      0xf6c ./dio_led.o
                               0x11c4 (size before relaxing)

.stabstr        0x00000000     0x17e1
 *(.stabstr)
 .stabstr       0x00000000     0x17e1 ./RTOS/RTOS_INT.o

.stab.excl
 *(.stab.excl)

.stab.exclstr
 *(.stab.exclstr)

.stab.index
 *(.stab.index)

.stab.indexstr
 *(.stab.indexstr)

.comment
 *(.comment)

.debug
 *(.debug)

.line
 *(.line)

.debug_srcinfo
 *(.debug_srcinfo)

.debug_sfnames
 *(.debug_sfnames)

.debug_aranges  0x00000000      0x160
 *(.debug_aranges)
 .debug_aranges
                0x00000000       0x20 f:/embeded system diploma/iti material/tool/imt_sdk_win_64/imt_sdk_win_64/winavr/bin/../lib/gcc/avr/4.3.3/avr5\libgcc.a(_fixunssfsi.o)
 .debug_aranges
                0x00000020       0x20 f:/embeded system diploma/iti material/tool/imt_sdk_win_64/imt_sdk_win_64/winavr/bin/../lib/gcc/avr/4.3.3/avr5\libgcc.a(_addsub_sf.o)
 .debug_aranges
                0x00000040       0x20 f:/embeded system diploma/iti material/tool/imt_sdk_win_64/imt_sdk_win_64/winavr/bin/../lib/gcc/avr/4.3.3/avr5\libgcc.a(_mul_sf.o)
 .debug_aranges
                0x00000060       0x20 f:/embeded system diploma/iti material/tool/imt_sdk_win_64/imt_sdk_win_64/winavr/bin/../lib/gcc/avr/4.3.3/avr5\libgcc.a(_div_sf.o)
 .debug_aranges
                0x00000080       0x20 f:/embeded system diploma/iti material/tool/imt_sdk_win_64/imt_sdk_win_64/winavr/bin/../lib/gcc/avr/4.3.3/avr5\libgcc.a(_gt_sf.o)
 .debug_aranges
                0x000000a0       0x20 f:/embeded system diploma/iti material/tool/imt_sdk_win_64/imt_sdk_win_64/winavr/bin/../lib/gcc/avr/4.3.3/avr5\libgcc.a(_ge_sf.o)
 .debug_aranges
                0x000000c0       0x20 f:/embeded system diploma/iti material/tool/imt_sdk_win_64/imt_sdk_win_64/winavr/bin/../lib/gcc/avr/4.3.3/avr5\libgcc.a(_lt_sf.o)
 .debug_aranges
                0x000000e0       0x20 f:/embeded system diploma/iti material/tool/imt_sdk_win_64/imt_sdk_win_64/winavr/bin/../lib/gcc/avr/4.3.3/avr5\libgcc.a(_sf_to_si.o)
 .debug_aranges
                0x00000100       0x20 f:/embeded system diploma/iti material/tool/imt_sdk_win_64/imt_sdk_win_64/winavr/bin/../lib/gcc/avr/4.3.3/avr5\libgcc.a(_pack_sf.o)
 .debug_aranges
                0x00000120       0x20 f:/embeded system diploma/iti material/tool/imt_sdk_win_64/imt_sdk_win_64/winavr/bin/../lib/gcc/avr/4.3.3/avr5\libgcc.a(_unpack_sf.o)
 .debug_aranges
                0x00000140       0x20 f:/embeded system diploma/iti material/tool/imt_sdk_win_64/imt_sdk_win_64/winavr/bin/../lib/gcc/avr/4.3.3/avr5\libgcc.a(_fpcmp_parts_sf.o)

.debug_pubnames
                0x00000000      0x18f
 *(.debug_pubnames)
 .debug_pubnames
                0x00000000       0x23 f:/embeded system diploma/iti material/tool/imt_sdk_win_64/imt_sdk_win_64/winavr/bin/../lib/gcc/avr/4.3.3/avr5\libgcc.a(_fixunssfsi.o)
 .debug_pubnames
                0x00000023       0x2c f:/embeded system diploma/iti material/tool/imt_sdk_win_64/imt_sdk_win_64/winavr/bin/../lib/gcc/avr/4.3.3/avr5\libgcc.a(_addsub_sf.o)
 .debug_pubnames
                0x0000004f       0x1f f:/embeded system diploma/iti material/tool/imt_sdk_win_64/imt_sdk_win_64/winavr/bin/../lib/gcc/avr/4.3.3/avr5\libgcc.a(_mul_sf.o)
 .debug_pubnames
                0x0000006e       0x1f f:/embeded system diploma/iti material/tool/imt_sdk_win_64/imt_sdk_win_64/winavr/bin/../lib/gcc/avr/4.3.3/avr5\libgcc.a(_div_sf.o)
 .debug_pubnames
                0x0000008d       0x1e f:/embeded system diploma/iti material/tool/imt_sdk_win_64/imt_sdk_win_64/winavr/bin/../lib/gcc/avr/4.3.3/avr5\libgcc.a(_gt_sf.o)
 .debug_pubnames
                0x000000ab       0x1e f:/embeded system diploma/iti material/tool/imt_sdk_win_64/imt_sdk_win_64/winavr/bin/../lib/gcc/avr/4.3.3/avr5\libgcc.a(_ge_sf.o)
 .debug_pubnames
                0x000000c9       0x1e f:/embeded system diploma/iti material/tool/imt_sdk_win_64/imt_sdk_win_64/winavr/bin/../lib/gcc/avr/4.3.3/avr5\libgcc.a(_lt_sf.o)
 .debug_pubnames
                0x000000e7       0x20 f:/embeded system diploma/iti material/tool/imt_sdk_win_64/imt_sdk_win_64/winavr/bin/../lib/gcc/avr/4.3.3/avr5\libgcc.a(_sf_to_si.o)
 .debug_pubnames
                0x00000107       0x22 f:/embeded system diploma/iti material/tool/imt_sdk_win_64/imt_sdk_win_64/winavr/bin/../lib/gcc/avr/4.3.3/avr5\libgcc.a(_thenan_sf.o)
 .debug_pubnames
                0x00000129       0x1f f:/embeded system diploma/iti material/tool/imt_sdk_win_64/imt_sdk_win_64/winavr/bin/../lib/gcc/avr/4.3.3/avr5\libgcc.a(_pack_sf.o)
 .debug_pubnames
                0x00000148       0x21 f:/embeded system diploma/iti material/tool/imt_sdk_win_64/imt_sdk_win_64/winavr/bin/../lib/gcc/avr/4.3.3/avr5\libgcc.a(_unpack_sf.o)
 .debug_pubnames
                0x00000169       0x26 f:/embeded system diploma/iti material/tool/imt_sdk_win_64/imt_sdk_win_64/winavr/bin/../lib/gcc/avr/4.3.3/avr5\libgcc.a(_fpcmp_parts_sf.o)

.debug_info     0x00000000     0x2045
 *(.debug_info)
 .debug_info    0x00000000       0xb1 f:/embeded system diploma/iti material/tool/imt_sdk_win_64/imt_sdk_win_64/winavr/bin/../lib/gcc/avr/4.3.3/avr5\libgcc.a(_fixunssfsi.o)
 .debug_info    0x000000b1      0x47a f:/embeded system diploma/iti material/tool/imt_sdk_win_64/imt_sdk_win_64/winavr/bin/../lib/gcc/avr/4.3.3/avr5\libgcc.a(_addsub_sf.o)
 .debug_info    0x0000052b      0x485 f:/embeded system diploma/iti material/tool/imt_sdk_win_64/imt_sdk_win_64/winavr/bin/../lib/gcc/avr/4.3.3/avr5\libgcc.a(_mul_sf.o)
 .debug_info    0x000009b0      0x3fc f:/embeded system diploma/iti material/tool/imt_sdk_win_64/imt_sdk_win_64/winavr/bin/../lib/gcc/avr/4.3.3/avr5\libgcc.a(_div_sf.o)
 .debug_info    0x00000dac      0x27f f:/embeded system diploma/iti material/tool/imt_sdk_win_64/imt_sdk_win_64/winavr/bin/../lib/gcc/avr/4.3.3/avr5\libgcc.a(_gt_sf.o)
 .debug_info    0x0000102b      0x27f f:/embeded system diploma/iti material/tool/imt_sdk_win_64/imt_sdk_win_64/winavr/bin/../lib/gcc/avr/4.3.3/avr5\libgcc.a(_ge_sf.o)
 .debug_info    0x000012aa      0x27f f:/embeded system diploma/iti material/tool/imt_sdk_win_64/imt_sdk_win_64/winavr/bin/../lib/gcc/avr/4.3.3/avr5\libgcc.a(_lt_sf.o)
 .debug_info    0x00001529      0x2b0 f:/embeded system diploma/iti material/tool/imt_sdk_win_64/imt_sdk_win_64/winavr/bin/../lib/gcc/avr/4.3.3/avr5\libgcc.a(_sf_to_si.o)
 .debug_info    0x000017d9      0x12c f:/embeded system diploma/iti material/tool/imt_sdk_win_64/imt_sdk_win_64/winavr/bin/../lib/gcc/avr/4.3.3/avr5\libgcc.a(_thenan_sf.o)
 .debug_info    0x00001905      0x2df f:/embeded system diploma/iti material/tool/imt_sdk_win_64/imt_sdk_win_64/winavr/bin/../lib/gcc/avr/4.3.3/avr5\libgcc.a(_pack_sf.o)
 .debug_info    0x00001be4      0x251 f:/embeded system diploma/iti material/tool/imt_sdk_win_64/imt_sdk_win_64/winavr/bin/../lib/gcc/avr/4.3.3/avr5\libgcc.a(_unpack_sf.o)
 .debug_info    0x00001e35      0x210 f:/embeded system diploma/iti material/tool/imt_sdk_win_64/imt_sdk_win_64/winavr/bin/../lib/gcc/avr/4.3.3/avr5\libgcc.a(_fpcmp_parts_sf.o)
 *(.gnu.linkonce.wi.*)

.debug_abbrev   0x00000000     0x1101
 *(.debug_abbrev)
 .debug_abbrev  0x00000000       0x5d f:/embeded system diploma/iti material/tool/imt_sdk_win_64/imt_sdk_win_64/winavr/bin/../lib/gcc/avr/4.3.3/avr5\libgcc.a(_fixunssfsi.o)
 .debug_abbrev  0x0000005d      0x1ea f:/embeded system diploma/iti material/tool/imt_sdk_win_64/imt_sdk_win_64/winavr/bin/../lib/gcc/avr/4.3.3/avr5\libgcc.a(_addsub_sf.o)
 .debug_abbrev  0x00000247      0x21b f:/embeded system diploma/iti material/tool/imt_sdk_win_64/imt_sdk_win_64/winavr/bin/../lib/gcc/avr/4.3.3/avr5\libgcc.a(_mul_sf.o)
 .debug_abbrev  0x00000462      0x216 f:/embeded system diploma/iti material/tool/imt_sdk_win_64/imt_sdk_win_64/winavr/bin/../lib/gcc/avr/4.3.3/avr5\libgcc.a(_div_sf.o)
 .debug_abbrev  0x00000678      0x15a f:/embeded system diploma/iti material/tool/imt_sdk_win_64/imt_sdk_win_64/winavr/bin/../lib/gcc/avr/4.3.3/avr5\libgcc.a(_gt_sf.o)
 .debug_abbrev  0x000007d2      0x15a f:/embeded system diploma/iti material/tool/imt_sdk_win_64/imt_sdk_win_64/winavr/bin/../lib/gcc/avr/4.3.3/avr5\libgcc.a(_ge_sf.o)
 .debug_abbrev  0x0000092c      0x15a f:/embeded system diploma/iti material/tool/imt_sdk_win_64/imt_sdk_win_64/winavr/bin/../lib/gcc/avr/4.3.3/avr5\libgcc.a(_lt_sf.o)
 .debug_abbrev  0x00000a86      0x17f f:/embeded system diploma/iti material/tool/imt_sdk_win_64/imt_sdk_win_64/winavr/bin/../lib/gcc/avr/4.3.3/avr5\libgcc.a(_sf_to_si.o)
 .debug_abbrev  0x00000c05       0xad f:/embeded system diploma/iti material/tool/imt_sdk_win_64/imt_sdk_win_64/winavr/bin/../lib/gcc/avr/4.3.3/avr5\libgcc.a(_thenan_sf.o)
 .debug_abbrev  0x00000cb2      0x1c0 f:/embeded system diploma/iti material/tool/imt_sdk_win_64/imt_sdk_win_64/winavr/bin/../lib/gcc/avr/4.3.3/avr5\libgcc.a(_pack_sf.o)
 .debug_abbrev  0x00000e72      0x154 f:/embeded system diploma/iti material/tool/imt_sdk_win_64/imt_sdk_win_64/winavr/bin/../lib/gcc/avr/4.3.3/avr5\libgcc.a(_unpack_sf.o)
 .debug_abbrev  0x00000fc6      0x13b f:/embeded system diploma/iti material/tool/imt_sdk_win_64/imt_sdk_win_64/winavr/bin/../lib/gcc/avr/4.3.3/avr5\libgcc.a(_fpcmp_parts_sf.o)

.debug_line     0x00000000      0xf82
 *(.debug_line)
 .debug_line    0x00000000       0xa7 f:/embeded system diploma/iti material/tool/imt_sdk_win_64/imt_sdk_win_64/winavr/bin/../lib/gcc/avr/4.3.3/avr5\libgcc.a(_fixunssfsi.o)
 .debug_line    0x000000a7      0x2af f:/embeded system diploma/iti material/tool/imt_sdk_win_64/imt_sdk_win_64/winavr/bin/../lib/gcc/avr/4.3.3/avr5\libgcc.a(_addsub_sf.o)
 .debug_line    0x00000356      0x239 f:/embeded system diploma/iti material/tool/imt_sdk_win_64/imt_sdk_win_64/winavr/bin/../lib/gcc/avr/4.3.3/avr5\libgcc.a(_mul_sf.o)
 .debug_line    0x0000058f      0x1d5 f:/embeded system diploma/iti material/tool/imt_sdk_win_64/imt_sdk_win_64/winavr/bin/../lib/gcc/avr/4.3.3/avr5\libgcc.a(_div_sf.o)
 .debug_line    0x00000764       0xd3 f:/embeded system diploma/iti material/tool/imt_sdk_win_64/imt_sdk_win_64/winavr/bin/../lib/gcc/avr/4.3.3/avr5\libgcc.a(_gt_sf.o)
 .debug_line    0x00000837       0xd3 f:/embeded system diploma/iti material/tool/imt_sdk_win_64/imt_sdk_win_64/winavr/bin/../lib/gcc/avr/4.3.3/avr5\libgcc.a(_ge_sf.o)
 .debug_line    0x0000090a       0xd3 f:/embeded system diploma/iti material/tool/imt_sdk_win_64/imt_sdk_win_64/winavr/bin/../lib/gcc/avr/4.3.3/avr5\libgcc.a(_lt_sf.o)
 .debug_line    0x000009dd      0x109 f:/embeded system diploma/iti material/tool/imt_sdk_win_64/imt_sdk_win_64/winavr/bin/../lib/gcc/avr/4.3.3/avr5\libgcc.a(_sf_to_si.o)
 .debug_line    0x00000ae6       0x90 f:/embeded system diploma/iti material/tool/imt_sdk_win_64/imt_sdk_win_64/winavr/bin/../lib/gcc/avr/4.3.3/avr5\libgcc.a(_thenan_sf.o)
 .debug_line    0x00000b76      0x18a f:/embeded system diploma/iti material/tool/imt_sdk_win_64/imt_sdk_win_64/winavr/bin/../lib/gcc/avr/4.3.3/avr5\libgcc.a(_pack_sf.o)
 .debug_line    0x00000d00      0x14b f:/embeded system diploma/iti material/tool/imt_sdk_win_64/imt_sdk_win_64/winavr/bin/../lib/gcc/avr/4.3.3/avr5\libgcc.a(_unpack_sf.o)
 .debug_line    0x00000e4b      0x137 f:/embeded system diploma/iti material/tool/imt_sdk_win_64/imt_sdk_win_64/winavr/bin/../lib/gcc/avr/4.3.3/avr5\libgcc.a(_fpcmp_parts_sf.o)

.debug_frame    0x00000000      0x180
 *(.debug_frame)
 .debug_frame   0x00000000       0x20 f:/embeded system diploma/iti material/tool/imt_sdk_win_64/imt_sdk_win_64/winavr/bin/../lib/gcc/avr/4.3.3/avr5\libgcc.a(_fixunssfsi.o)
 .debug_frame   0x00000020       0x40 f:/embeded system diploma/iti material/tool/imt_sdk_win_64/imt_sdk_win_64/winavr/bin/../lib/gcc/avr/4.3.3/avr5\libgcc.a(_addsub_sf.o)
 .debug_frame   0x00000060       0x20 f:/embeded system diploma/iti material/tool/imt_sdk_win_64/imt_sdk_win_64/winavr/bin/../lib/gcc/avr/4.3.3/avr5\libgcc.a(_mul_sf.o)
 .debug_frame   0x00000080       0x20 f:/embeded system diploma/iti material/tool/imt_sdk_win_64/imt_sdk_win_64/winavr/bin/../lib/gcc/avr/4.3.3/avr5\libgcc.a(_div_sf.o)
 .debug_frame   0x000000a0       0x20 f:/embeded system diploma/iti material/tool/imt_sdk_win_64/imt_sdk_win_64/winavr/bin/../lib/gcc/avr/4.3.3/avr5\libgcc.a(_gt_sf.o)
 .debug_frame   0x000000c0       0x20 f:/embeded system diploma/iti material/tool/imt_sdk_win_64/imt_sdk_win_64/winavr/bin/../lib/gcc/avr/4.3.3/avr5\libgcc.a(_ge_sf.o)
 .debug_frame   0x000000e0       0x20 f:/embeded system diploma/iti material/tool/imt_sdk_win_64/imt_sdk_win_64/winavr/bin/../lib/gcc/avr/4.3.3/avr5\libgcc.a(_lt_sf.o)
 .debug_frame   0x00000100       0x20 f:/embeded system diploma/iti material/tool/imt_sdk_win_64/imt_sdk_win_64/winavr/bin/../lib/gcc/avr/4.3.3/avr5\libgcc.a(_sf_to_si.o)
 .debug_frame   0x00000120       0x20 f:/embeded system diploma/iti material/tool/imt_sdk_win_64/imt_sdk_win_64/winavr/bin/../lib/gcc/avr/4.3.3/avr5\libgcc.a(_pack_sf.o)
 .debug_frame   0x00000140       0x20 f:/embeded system diploma/iti material/tool/imt_sdk_win_64/imt_sdk_win_64/winavr/bin/../lib/gcc/avr/4.3.3/avr5\libgcc.a(_unpack_sf.o)
 .debug_frame   0x00000160       0x20 f:/embeded system diploma/iti material/tool/imt_sdk_win_64/imt_sdk_win_64/winavr/bin/../lib/gcc/avr/4.3.3/avr5\libgcc.a(_fpcmp_parts_sf.o)

.debug_str      0x00000000      0x2c2
 *(.debug_str)
 .debug_str     0x00000000       0xbf f:/embeded system diploma/iti material/tool/imt_sdk_win_64/imt_sdk_win_64/winavr/bin/../lib/gcc/avr/4.3.3/avr5\libgcc.a(_fixunssfsi.o)
                                 0xfe (size before relaxing)
 .debug_str     0x000000bf      0x14d f:/embeded system diploma/iti material/tool/imt_sdk_win_64/imt_sdk_win_64/winavr/bin/../lib/gcc/avr/4.3.3/avr5\libgcc.a(_addsub_sf.o)
                                0x206 (size before relaxing)
 .debug_str     0x0000020c       0x27 f:/embeded system diploma/iti material/tool/imt_sdk_win_64/imt_sdk_win_64/winavr/bin/../lib/gcc/avr/4.3.3/avr5\libgcc.a(_mul_sf.o)
                                0x1bf (size before relaxing)
 .debug_str     0x00000233       0x35 f:/embeded system diploma/iti material/tool/imt_sdk_win_64/imt_sdk_win_64/winavr/bin/../lib/gcc/avr/4.3.3/avr5\libgcc.a(_div_sf.o)
                                0x1c8 (size before relaxing)
 .debug_str     0x00000268        0xf f:/embeded system diploma/iti material/tool/imt_sdk_win_64/imt_sdk_win_64/winavr/bin/../lib/gcc/avr/4.3.3/avr5\libgcc.a(_gt_sf.o)
                                0x195 (size before relaxing)
 .debug_str     0x00000277        0x8 f:/embeded system diploma/iti material/tool/imt_sdk_win_64/imt_sdk_win_64/winavr/bin/../lib/gcc/avr/4.3.3/avr5\libgcc.a(_ge_sf.o)
                                0x195 (size before relaxing)
 .debug_str     0x0000027f        0x8 f:/embeded system diploma/iti material/tool/imt_sdk_win_64/imt_sdk_win_64/winavr/bin/../lib/gcc/avr/4.3.3/avr5\libgcc.a(_lt_sf.o)
                                0x195 (size before relaxing)
 .debug_str     0x00000287        0xa f:/embeded system diploma/iti material/tool/imt_sdk_win_64/imt_sdk_win_64/winavr/bin/../lib/gcc/avr/4.3.3/avr5\libgcc.a(_sf_to_si.o)
                                0x19e (size before relaxing)
 .debug_str     0x00000000      0x103 f:/embeded system diploma/iti material/tool/imt_sdk_win_64/imt_sdk_win_64/winavr/bin/../lib/gcc/avr/4.3.3/avr5\libgcc.a(_thenan_sf.o)
 .debug_str     0x00000291       0x16 f:/embeded system diploma/iti material/tool/imt_sdk_win_64/imt_sdk_win_64/winavr/bin/../lib/gcc/avr/4.3.3/avr5\libgcc.a(_pack_sf.o)
                                0x19d (size before relaxing)
 .debug_str     0x000002a7        0xb f:/embeded system diploma/iti material/tool/imt_sdk_win_64/imt_sdk_win_64/winavr/bin/../lib/gcc/avr/4.3.3/avr5\libgcc.a(_unpack_sf.o)
                                0x17f (size before relaxing)
 .debug_str     0x000002b2       0x10 f:/embeded system diploma/iti material/tool/imt_sdk_win_64/imt_sdk_win_64/winavr/bin/../lib/gcc/avr/4.3.3/avr5\libgcc.a(_fpcmp_parts_sf.o)
                                0x163 (size before relaxing)

.debug_loc      0x00000000      0x88e
 *(.debug_loc)
 .debug_loc     0x00000000       0x34 f:/embeded system diploma/iti material/tool/imt_sdk_win_64/imt_sdk_win_64/winavr/bin/../lib/gcc/avr/4.3.3/avr5\libgcc.a(_fixunssfsi.o)
 .debug_loc     0x00000034      0x32a f:/embeded system diploma/iti material/tool/imt_sdk_win_64/imt_sdk_win_64/winavr/bin/../lib/gcc/avr/4.3.3/avr5\libgcc.a(_addsub_sf.o)
 .debug_loc     0x0000035e      0x104 f:/embeded system diploma/iti material/tool/imt_sdk_win_64/imt_sdk_win_64/winavr/bin/../lib/gcc/avr/4.3.3/avr5\libgcc.a(_mul_sf.o)
 .debug_loc     0x00000462       0xc0 f:/embeded system diploma/iti material/tool/imt_sdk_win_64/imt_sdk_win_64/winavr/bin/../lib/gcc/avr/4.3.3/avr5\libgcc.a(_div_sf.o)
 .debug_loc     0x00000522       0x3c f:/embeded system diploma/iti material/tool/imt_sdk_win_64/imt_sdk_win_64/winavr/bin/../lib/gcc/avr/4.3.3/avr5\libgcc.a(_gt_sf.o)
 .debug_loc     0x0000055e       0x3c f:/embeded system diploma/iti material/tool/imt_sdk_win_64/imt_sdk_win_64/winavr/bin/../lib/gcc/avr/4.3.3/avr5\libgcc.a(_ge_sf.o)
 .debug_loc     0x0000059a       0x3c f:/embeded system diploma/iti material/tool/imt_sdk_win_64/imt_sdk_win_64/winavr/bin/../lib/gcc/avr/4.3.3/avr5\libgcc.a(_lt_sf.o)
 .debug_loc     0x000005d6       0x7e f:/embeded system diploma/iti material/tool/imt_sdk_win_64/imt_sdk_win_64/winavr/bin/../lib/gcc/avr/4.3.3/avr5\libgcc.a(_sf_to_si.o)
 .debug_loc     0x00000654      0x13e f:/embeded system diploma/iti material/tool/imt_sdk_win_64/imt_sdk_win_64/winavr/bin/../lib/gcc/avr/4.3.3/avr5\libgcc.a(_pack_sf.o)
 .debug_loc     0x00000792       0xac f:/embeded system diploma/iti material/tool/imt_sdk_win_64/imt_sdk_win_64/winavr/bin/../lib/gcc/avr/4.3.3/avr5\libgcc.a(_unpack_sf.o)
 .debug_loc     0x0000083e       0x50 f:/embeded system diploma/iti material/tool/imt_sdk_win_64/imt_sdk_win_64/winavr/bin/../lib/gcc/avr/4.3.3/avr5\libgcc.a(_fpcmp_parts_sf.o)

.debug_macinfo
 *(.debug_macinfo)
OUTPUT(lecture_one.elf elf32-avr)
LOAD linker stubs

.debug_ranges   0x00000000       0x50
 .debug_ranges  0x00000000       0x50 f:/embeded system diploma/iti material/tool/imt_sdk_win_64/imt_sdk_win_64/winavr/bin/../lib/gcc/avr/4.3.3/avr5\libgcc.a(_mul_sf.o)
