Archive member included because of file (symbol)

f:/embeded system diploma/iti material/tool/imt_sdk_win_64/imt_sdk_win_64/winavr/bin/../lib/gcc/avr/4.3.3/avr5\libgcc.a(_exit.o)
                              f:/embeded system diploma/iti material/tool/imt_sdk_win_64/imt_sdk_win_64/winavr/bin/../lib/gcc/avr/4.3.3/../../../../avr/lib/avr5/crtm32.o (exit)
f:/embeded system diploma/iti material/tool/imt_sdk_win_64/imt_sdk_win_64/winavr/bin/../lib/gcc/avr/4.3.3/avr5\libgcc.a(_copy_data.o)
                              ./HAL/LCD/hal_lcd.o (__do_copy_data)
f:/embeded system diploma/iti material/tool/imt_sdk_win_64/imt_sdk_win_64/winavr/bin/../lib/gcc/avr/4.3.3/avr5\libgcc.a(_clear_bss.o)
                              ./RTOS/RTOS_INT.o (__do_clear_bss)
f:/embeded system diploma/iti material/tool/imt_sdk_win_64/imt_sdk_win_64/winavr/bin/../lib/gcc/avr/4.3.3/avr5\libgcc.a(_fixunssfsi.o)
                              ./dio_led.o (__fixunssfsi)
f:/embeded system diploma/iti material/tool/imt_sdk_win_64/imt_sdk_win_64/winavr/bin/../lib/gcc/avr/4.3.3/avr5\libgcc.a(_addsub_sf.o)
                              ./MCAL/M_ADC_INT.o (__subsf3)
f:/embeded system diploma/iti material/tool/imt_sdk_win_64/imt_sdk_win_64/winavr/bin/../lib/gcc/avr/4.3.3/avr5\libgcc.a(_mul_sf.o)
                              ./MCAL/M_ADC_INT.o (__mulsf3)
f:/embeded system diploma/iti material/tool/imt_sdk_win_64/imt_sdk_win_64/winavr/bin/../lib/gcc/avr/4.3.3/avr5\libgcc.a(_div_sf.o)
                              ./MCAL/M_ADC_INT.o (__divsf3)
f:/embeded system diploma/iti material/tool/imt_sdk_win_64/imt_sdk_win_64/winavr/bin/../lib/gcc/avr/4.3.3/avr5\libgcc.a(_ge_sf.o)
                              f:/embeded system diploma/iti material/tool/imt_sdk_win_64/imt_sdk_win_64/winavr/bin/../lib/gcc/avr/4.3.3/avr5\libgcc.a(_fixunssfsi.o) (__gesf2)
f:/embeded system diploma/iti material/tool/imt_sdk_win_64/imt_sdk_win_64/winavr/bin/../lib/gcc/avr/4.3.3/avr5\libgcc.a(_si_to_sf.o)
                              ./HAL/LCD/hal_lcd.o (__floatsisf)
f:/embeded system diploma/iti material/tool/imt_sdk_win_64/imt_sdk_win_64/winavr/bin/../lib/gcc/avr/4.3.3/avr5\libgcc.a(_sf_to_si.o)
                              ./HAL/LCD/hal_lcd.o (__fixsfsi)
f:/embeded system diploma/iti material/tool/imt_sdk_win_64/imt_sdk_win_64/winavr/bin/../lib/gcc/avr/4.3.3/avr5\libgcc.a(_thenan_sf.o)
                              f:/embeded system diploma/iti material/tool/imt_sdk_win_64/imt_sdk_win_64/winavr/bin/../lib/gcc/avr/4.3.3/avr5\libgcc.a(_addsub_sf.o) (__thenan_sf)
f:/embeded system diploma/iti material/tool/imt_sdk_win_64/imt_sdk_win_64/winavr/bin/../lib/gcc/avr/4.3.3/avr5\libgcc.a(_usi_to_sf.o)
                              ./MCAL/M_ADC_INT.o (__floatunsisf)
f:/embeded system diploma/iti material/tool/imt_sdk_win_64/imt_sdk_win_64/winavr/bin/../lib/gcc/avr/4.3.3/avr5\libgcc.a(_prologue.o)
                              f:/embeded system diploma/iti material/tool/imt_sdk_win_64/imt_sdk_win_64/winavr/bin/../lib/gcc/avr/4.3.3/avr5\libgcc.a(_addsub_sf.o) (__prologue_saves__)
f:/embeded system diploma/iti material/tool/imt_sdk_win_64/imt_sdk_win_64/winavr/bin/../lib/gcc/avr/4.3.3/avr5\libgcc.a(_epilogue.o)
                              f:/embeded system diploma/iti material/tool/imt_sdk_win_64/imt_sdk_win_64/winavr/bin/../lib/gcc/avr/4.3.3/avr5\libgcc.a(_addsub_sf.o) (__epilogue_restores__)
f:/embeded system diploma/iti material/tool/imt_sdk_win_64/imt_sdk_win_64/winavr/bin/../lib/gcc/avr/4.3.3/avr5\libgcc.a(_clzsi2.o)
                              f:/embeded system diploma/iti material/tool/imt_sdk_win_64/imt_sdk_win_64/winavr/bin/../lib/gcc/avr/4.3.3/avr5\libgcc.a(_si_to_sf.o) (__clzsi2)
f:/embeded system diploma/iti material/tool/imt_sdk_win_64/imt_sdk_win_64/winavr/bin/../lib/gcc/avr/4.3.3/avr5\libgcc.a(_pack_sf.o)
                              f:/embeded system diploma/iti material/tool/imt_sdk_win_64/imt_sdk_win_64/winavr/bin/../lib/gcc/avr/4.3.3/avr5\libgcc.a(_addsub_sf.o) (__pack_f)
f:/embeded system diploma/iti material/tool/imt_sdk_win_64/imt_sdk_win_64/winavr/bin/../lib/gcc/avr/4.3.3/avr5\libgcc.a(_unpack_sf.o)
                              f:/embeded system diploma/iti material/tool/imt_sdk_win_64/imt_sdk_win_64/winavr/bin/../lib/gcc/avr/4.3.3/avr5\libgcc.a(_addsub_sf.o) (__unpack_f)
f:/embeded system diploma/iti material/tool/imt_sdk_win_64/imt_sdk_win_64/winavr/bin/../lib/gcc/avr/4.3.3/avr5\libgcc.a(_fpcmp_parts_sf.o)
                              f:/embeded system diploma/iti material/tool/imt_sdk_win_64/imt_sdk_win_64/winavr/bin/../lib/gcc/avr/4.3.3/avr5\libgcc.a(_ge_sf.o) (__fpcmp_parts_f)
f:/embeded system diploma/iti material/tool/imt_sdk_win_64/imt_sdk_win_64/winavr/bin/../lib/gcc/avr/4.3.3/avr5\libgcc.a(_clz.o)
                              f:/embeded system diploma/iti material/tool/imt_sdk_win_64/imt_sdk_win_64/winavr/bin/../lib/gcc/avr/4.3.3/avr5\libgcc.a(_clzsi2.o) (__clz_tab)
f:/embeded system diploma/iti material/tool/imt_sdk_win_64/imt_sdk_win_64/winavr/bin/../lib/gcc/avr/4.3.3/../../../../avr/lib/avr5\libc.a(sprintf.o)
                              ./HAL/LCD/hal_lcd.o (sprintf)
f:/embeded system diploma/iti material/tool/imt_sdk_win_64/imt_sdk_win_64/winavr/bin/../lib/gcc/avr/4.3.3/../../../../avr/lib/avr5\libc.a(vfprintf_std.o)
                              f:/embeded system diploma/iti material/tool/imt_sdk_win_64/imt_sdk_win_64/winavr/bin/../lib/gcc/avr/4.3.3/../../../../avr/lib/avr5\libc.a(sprintf.o) (vfprintf)
f:/embeded system diploma/iti material/tool/imt_sdk_win_64/imt_sdk_win_64/winavr/bin/../lib/gcc/avr/4.3.3/../../../../avr/lib/avr5\libc.a(strnlen_P.o)
                              f:/embeded system diploma/iti material/tool/imt_sdk_win_64/imt_sdk_win_64/winavr/bin/../lib/gcc/avr/4.3.3/../../../../avr/lib/avr5\libc.a(vfprintf_std.o) (strnlen_P)
f:/embeded system diploma/iti material/tool/imt_sdk_win_64/imt_sdk_win_64/winavr/bin/../lib/gcc/avr/4.3.3/../../../../avr/lib/avr5\libc.a(strnlen.o)
                              f:/embeded system diploma/iti material/tool/imt_sdk_win_64/imt_sdk_win_64/winavr/bin/../lib/gcc/avr/4.3.3/../../../../avr/lib/avr5\libc.a(vfprintf_std.o) (strnlen)
f:/embeded system diploma/iti material/tool/imt_sdk_win_64/imt_sdk_win_64/winavr/bin/../lib/gcc/avr/4.3.3/../../../../avr/lib/avr5\libc.a(fputc.o)
                              f:/embeded system diploma/iti material/tool/imt_sdk_win_64/imt_sdk_win_64/winavr/bin/../lib/gcc/avr/4.3.3/../../../../avr/lib/avr5\libc.a(vfprintf_std.o) (fputc)
f:/embeded system diploma/iti material/tool/imt_sdk_win_64/imt_sdk_win_64/winavr/bin/../lib/gcc/avr/4.3.3/../../../../avr/lib/avr5\libc.a(ultoa_invert.o)
                              f:/embeded system diploma/iti material/tool/imt_sdk_win_64/imt_sdk_win_64/winavr/bin/../lib/gcc/avr/4.3.3/../../../../avr/lib/avr5\libc.a(vfprintf_std.o) (__ultoa_invert)

Allocating common symbols
Common symbol       size              file

compared_password_pos
                    0x1               ./dio_led.o
kp_state            0x1               ./dio_led.o
temp                0x1               ./dio_led.o
counter             0x2               ./dio_led.o
Light_val           0x1               ./dio_led.o
New_User_Address    0x1               ./dio_led.o

Memory Configuration

Name             Origin             Length             Attributes
text             0x00000000         0x00020000         xr
data             0x00800060         0x0000ffa0         rw !x
eeprom           0x00810000         0x00010000         rw !x
fuse             0x00820000         0x00000400         rw !x
lock             0x00830000         0x00000400         rw !x
signature        0x00840000         0x00000400         rw !x
*default*        0x00000000         0xffffffff

Linker script and memory map

LOAD f:/embeded system diploma/iti material/tool/imt_sdk_win_64/imt_sdk_win_64/winavr/bin/../lib/gcc/avr/4.3.3/../../../../avr/lib/avr5/crtm32.o
LOAD ./RTOS/RTOS_INT.o
LOAD ./MCAL/UART/MCAL_UART_INT.o
LOAD ./MCAL/Timer_1/MCAL_TIMER1.o
LOAD ./MCAL/Timer_0/MCAL_TIMER0.o
LOAD ./MCAL/SPI/SPI_INT.o
LOAD ./MCAL/MCAL_WDT/MCAL_WDT_INT.o
LOAD ./MCAL/I2C/MCAL_I2C_INIT.o
LOAD ./MCAL/GLOBAL_INTERRUPT/GLOBAL_INT.o
LOAD ./MCAL/External_Interrupt/MCAL_EXT_INT.o
LOAD ./MCAL/DIO/MCAL_DIO_PROGRAM.o
LOAD ./MCAL/M_ADC_INT.o
LOAD ./HAL/SERVO/HAL_SERVE.o
LOAD ./HAL/LED/HAL_LED.o
LOAD ./HAL/LCD/hal_lcd.o
LOAD ./HAL/KEYPAD/keypad.o
LOAD ./HAL/EXT_EEPROM/HAL_EEPROM_INT.o
LOAD ./dio_led.o
LOAD f:/embeded system diploma/iti material/tool/imt_sdk_win_64/imt_sdk_win_64/winavr/bin/../lib/gcc/avr/4.3.3/avr5\libgcc.a
LOAD f:/embeded system diploma/iti material/tool/imt_sdk_win_64/imt_sdk_win_64/winavr/bin/../lib/gcc/avr/4.3.3/../../../../avr/lib/avr5\libc.a
LOAD f:/embeded system diploma/iti material/tool/imt_sdk_win_64/imt_sdk_win_64/winavr/bin/../lib/gcc/avr/4.3.3/avr5\libgcc.a

.hash
 *(.hash)

.dynsym
 *(.dynsym)

.dynstr
 *(.dynstr)

.gnu.version
 *(.gnu.version)

.gnu.version_d
 *(.gnu.version_d)

.gnu.version_r
 *(.gnu.version_r)

.rel.init
 *(.rel.init)

.rela.init
 *(.rela.init)

.rel.text
 *(.rel.text)
 *(.rel.text.*)
 *(.rel.gnu.linkonce.t*)

.rela.text
 *(.rela.text)
 *(.rela.text.*)
 *(.rela.gnu.linkonce.t*)

.rel.fini
 *(.rel.fini)

.rela.fini
 *(.rela.fini)

.rel.rodata
 *(.rel.rodata)
 *(.rel.rodata.*)
 *(.rel.gnu.linkonce.r*)

.rela.rodata
 *(.rela.rodata)
 *(.rela.rodata.*)
 *(.rela.gnu.linkonce.r*)

.rel.data
 *(.rel.data)
 *(.rel.data.*)
 *(.rel.gnu.linkonce.d*)

.rela.data
 *(.rela.data)
 *(.rela.data.*)
 *(.rela.gnu.linkonce.d*)

.rel.ctors
 *(.rel.ctors)

.rela.ctors
 *(.rela.ctors)

.rel.dtors
 *(.rel.dtors)

.rela.dtors
 *(.rela.dtors)

.rel.got
 *(.rel.got)

.rela.got
 *(.rela.got)

.rel.bss
 *(.rel.bss)

.rela.bss
 *(.rela.bss)

.rel.plt
 *(.rel.plt)

.rela.plt
 *(.rela.plt)

.text           0x00000000     0x33f0
 *(.vectors)
 .vectors       0x00000000       0x54 f:/embeded system diploma/iti material/tool/imt_sdk_win_64/imt_sdk_win_64/winavr/bin/../lib/gcc/avr/4.3.3/../../../../avr/lib/avr5/crtm32.o
                0x00000000                __vectors
                0x00000000                __vector_default
 *(.vectors)
 *(.progmem.gcc*)
 *(.progmem*)
                0x00000054                . = ALIGN (0x2)
                0x00000054                __trampolines_start = .
 *(.trampolines)
 .trampolines   0x00000054        0x0 linker stubs
 *(.trampolines*)
                0x00000054                __trampolines_end = .
 *(.jumptables)
 *(.jumptables*)
 *(.lowtext)
 *(.lowtext*)
                0x00000054                __ctors_start = .
 *(.ctors)
                0x00000054                __ctors_end = .
                0x00000054                __dtors_start = .
 *(.dtors)
                0x00000054                __dtors_end = .
 SORT(*)(.ctors)
 SORT(*)(.dtors)
 *(.init0)
 .init0         0x00000054        0x0 f:/embeded system diploma/iti material/tool/imt_sdk_win_64/imt_sdk_win_64/winavr/bin/../lib/gcc/avr/4.3.3/../../../../avr/lib/avr5/crtm32.o
                0x00000054                __init
 *(.init0)
 *(.init1)
 *(.init1)
 *(.init2)
 .init2         0x00000054        0xc f:/embeded system diploma/iti material/tool/imt_sdk_win_64/imt_sdk_win_64/winavr/bin/../lib/gcc/avr/4.3.3/../../../../avr/lib/avr5/crtm32.o
 *(.init2)
 *(.init3)
 *(.init3)
 *(.init4)
 .init4         0x00000060       0x16 f:/embeded system diploma/iti material/tool/imt_sdk_win_64/imt_sdk_win_64/winavr/bin/../lib/gcc/avr/4.3.3/avr5\libgcc.a(_copy_data.o)
                0x00000060                __do_copy_data
 .init4         0x00000076       0x10 f:/embeded system diploma/iti material/tool/imt_sdk_win_64/imt_sdk_win_64/winavr/bin/../lib/gcc/avr/4.3.3/avr5\libgcc.a(_clear_bss.o)
                0x00000076                __do_clear_bss
 *(.init4)
 *(.init5)
 *(.init5)
 *(.init6)
 *(.init6)
 *(.init7)
 *(.init7)
 *(.init8)
 *(.init8)
 *(.init9)
 .init9         0x00000086        0x8 f:/embeded system diploma/iti material/tool/imt_sdk_win_64/imt_sdk_win_64/winavr/bin/../lib/gcc/avr/4.3.3/../../../../avr/lib/avr5/crtm32.o
 *(.init9)
 *(.text)
 .text          0x0000008e        0x4 f:/embeded system diploma/iti material/tool/imt_sdk_win_64/imt_sdk_win_64/winavr/bin/../lib/gcc/avr/4.3.3/../../../../avr/lib/avr5/crtm32.o
                0x0000008e                __bad_interrupt
                0x0000008e                __vector_6
                0x0000008e                __vector_11
                0x0000008e                __vector_17
                0x0000008e                __vector_7
                0x0000008e                __vector_5
                0x0000008e                __vector_4
                0x0000008e                __vector_9
                0x0000008e                __vector_8
                0x0000008e                __vector_16
                0x0000008e                __vector_18
                0x0000008e                __vector_20
 .text          0x00000092        0x0 ./RTOS/RTOS_INT.o
 .text          0x00000092        0x0 ./MCAL/UART/MCAL_UART_INT.o
 .text          0x00000092        0x0 ./MCAL/Timer_1/MCAL_TIMER1.o
 .text          0x00000092        0x0 ./MCAL/Timer_0/MCAL_TIMER0.o
 .text          0x00000092        0x0 ./MCAL/SPI/SPI_INT.o
 .text          0x00000092        0x0 ./MCAL/MCAL_WDT/MCAL_WDT_INT.o
 .text          0x00000092        0x0 ./MCAL/I2C/MCAL_I2C_INIT.o
 .text          0x00000092        0x0 ./MCAL/GLOBAL_INTERRUPT/GLOBAL_INT.o
 .text          0x00000092        0x0 ./MCAL/External_Interrupt/MCAL_EXT_INT.o
 .text          0x00000092        0x0 ./MCAL/DIO/MCAL_DIO_PROGRAM.o
 .text          0x00000092        0x0 ./MCAL/M_ADC_INT.o
 .text          0x00000092        0x0 ./HAL/SERVO/HAL_SERVE.o
 .text          0x00000092        0x0 ./HAL/LED/HAL_LED.o
 .text          0x00000092        0x0 ./HAL/LCD/hal_lcd.o
 .text          0x00000092        0x0 ./HAL/KEYPAD/keypad.o
 .text          0x00000092        0x0 ./HAL/EXT_EEPROM/HAL_EEPROM_INT.o
 .text          0x00000092        0x0 ./dio_led.o
 .text          0x00000092        0x0 f:/embeded system diploma/iti material/tool/imt_sdk_win_64/imt_sdk_win_64/winavr/bin/../lib/gcc/avr/4.3.3/avr5\libgcc.a(_exit.o)
 .text          0x00000092        0x0 f:/embeded system diploma/iti material/tool/imt_sdk_win_64/imt_sdk_win_64/winavr/bin/../lib/gcc/avr/4.3.3/avr5\libgcc.a(_copy_data.o)
 .text          0x00000092        0x0 f:/embeded system diploma/iti material/tool/imt_sdk_win_64/imt_sdk_win_64/winavr/bin/../lib/gcc/avr/4.3.3/avr5\libgcc.a(_clear_bss.o)
 .text          0x00000092       0x58 f:/embeded system diploma/iti material/tool/imt_sdk_win_64/imt_sdk_win_64/winavr/bin/../lib/gcc/avr/4.3.3/avr5\libgcc.a(_fixunssfsi.o)
                0x00000092                __fixunssfsi
 .text          0x000000ea      0x354 f:/embeded system diploma/iti material/tool/imt_sdk_win_64/imt_sdk_win_64/winavr/bin/../lib/gcc/avr/4.3.3/avr5\libgcc.a(_addsub_sf.o)
                0x00000382                __subsf3
                0x000003e4                __addsf3
 .text          0x0000043e      0x1f4 f:/embeded system diploma/iti material/tool/imt_sdk_win_64/imt_sdk_win_64/winavr/bin/../lib/gcc/avr/4.3.3/avr5\libgcc.a(_mul_sf.o)
                0x0000043e                __mulsf3
 .text          0x00000632      0x158 f:/embeded system diploma/iti material/tool/imt_sdk_win_64/imt_sdk_win_64/winavr/bin/../lib/gcc/avr/4.3.3/avr5\libgcc.a(_div_sf.o)
                0x00000632                __divsf3
 .text          0x0000078a       0x60 f:/embeded system diploma/iti material/tool/imt_sdk_win_64/imt_sdk_win_64/winavr/bin/../lib/gcc/avr/4.3.3/avr5\libgcc.a(_ge_sf.o)
                0x0000078a                __gesf2
 .text          0x000007ea       0xbc f:/embeded system diploma/iti material/tool/imt_sdk_win_64/imt_sdk_win_64/winavr/bin/../lib/gcc/avr/4.3.3/avr5\libgcc.a(_si_to_sf.o)
                0x000007ea                __floatsisf
 .text          0x000008a6       0xa8 f:/embeded system diploma/iti material/tool/imt_sdk_win_64/imt_sdk_win_64/winavr/bin/../lib/gcc/avr/4.3.3/avr5\libgcc.a(_sf_to_si.o)
                0x000008a6                __fixsfsi
 .text          0x0000094e        0x0 f:/embeded system diploma/iti material/tool/imt_sdk_win_64/imt_sdk_win_64/winavr/bin/../lib/gcc/avr/4.3.3/avr5\libgcc.a(_thenan_sf.o)
 .text          0x0000094e       0xf2 f:/embeded system diploma/iti material/tool/imt_sdk_win_64/imt_sdk_win_64/winavr/bin/../lib/gcc/avr/4.3.3/avr5\libgcc.a(_usi_to_sf.o)
                0x0000094e                __floatunsisf
 .text          0x00000a40        0x0 f:/embeded system diploma/iti material/tool/imt_sdk_win_64/imt_sdk_win_64/winavr/bin/../lib/gcc/avr/4.3.3/avr5\libgcc.a(_prologue.o)
 .text          0x00000a40        0x0 f:/embeded system diploma/iti material/tool/imt_sdk_win_64/imt_sdk_win_64/winavr/bin/../lib/gcc/avr/4.3.3/avr5\libgcc.a(_epilogue.o)
 .text          0x00000a40       0x9e f:/embeded system diploma/iti material/tool/imt_sdk_win_64/imt_sdk_win_64/winavr/bin/../lib/gcc/avr/4.3.3/avr5\libgcc.a(_clzsi2.o)
                0x00000a40                __clzsi2
 .text          0x00000ade      0x1aa f:/embeded system diploma/iti material/tool/imt_sdk_win_64/imt_sdk_win_64/winavr/bin/../lib/gcc/avr/4.3.3/avr5\libgcc.a(_pack_sf.o)
                0x00000ade                __pack_f
 .text          0x00000c88       0xf0 f:/embeded system diploma/iti material/tool/imt_sdk_win_64/imt_sdk_win_64/winavr/bin/../lib/gcc/avr/4.3.3/avr5\libgcc.a(_unpack_sf.o)
                0x00000c88                __unpack_f
 .text          0x00000d78       0xb2 f:/embeded system diploma/iti material/tool/imt_sdk_win_64/imt_sdk_win_64/winavr/bin/../lib/gcc/avr/4.3.3/avr5\libgcc.a(_fpcmp_parts_sf.o)
                0x00000d78                __fpcmp_parts_f
 .text          0x00000e2a        0x0 f:/embeded system diploma/iti material/tool/imt_sdk_win_64/imt_sdk_win_64/winavr/bin/../lib/gcc/avr/4.3.3/avr5\libgcc.a(_clz.o)
 .text          0x00000e2a        0x0 f:/embeded system diploma/iti material/tool/imt_sdk_win_64/imt_sdk_win_64/winavr/bin/../lib/gcc/avr/4.3.3/../../../../avr/lib/avr5\libc.a(sprintf.o)
 .text          0x00000e2a        0x0 f:/embeded system diploma/iti material/tool/imt_sdk_win_64/imt_sdk_win_64/winavr/bin/../lib/gcc/avr/4.3.3/../../../../avr/lib/avr5\libc.a(vfprintf_std.o)
 .text          0x00000e2a        0x0 f:/embeded system diploma/iti material/tool/imt_sdk_win_64/imt_sdk_win_64/winavr/bin/../lib/gcc/avr/4.3.3/../../../../avr/lib/avr5\libc.a(strnlen_P.o)
 .text          0x00000e2a        0x0 f:/embeded system diploma/iti material/tool/imt_sdk_win_64/imt_sdk_win_64/winavr/bin/../lib/gcc/avr/4.3.3/../../../../avr/lib/avr5\libc.a(strnlen.o)
 .text          0x00000e2a        0x0 f:/embeded system diploma/iti material/tool/imt_sdk_win_64/imt_sdk_win_64/winavr/bin/../lib/gcc/avr/4.3.3/../../../../avr/lib/avr5\libc.a(fputc.o)
 .text          0x00000e2a        0x0 f:/embeded system diploma/iti material/tool/imt_sdk_win_64/imt_sdk_win_64/winavr/bin/../lib/gcc/avr/4.3.3/../../../../avr/lib/avr5\libc.a(ultoa_invert.o)
                0x00000e2a                . = ALIGN (0x2)
 *(.text.*)
 .text.Create_Task
                0x00000e2a       0x36 ./RTOS/RTOS_INT.o
                0x00000e2a                Create_Task
 .text.Task_Suspend
                0x00000e60       0x1c ./RTOS/RTOS_INT.o
                0x00000e60                Task_Suspend
 .text.Task_Resume
                0x00000e7c       0x1a ./RTOS/RTOS_INT.o
                0x00000e7c                Task_Resume
 .text.Task_Delete
                0x00000e96       0x1c ./RTOS/RTOS_INT.o
                0x00000e96                Task_Delete
 .text.Schedular
                0x00000eb2       0x36 ./RTOS/RTOS_INT.o
                0x00000eb2                Schedular
 .text.RTOS_START
                0x00000ee8       0x14 ./RTOS/RTOS_INT.o
                0x00000ee8                RTOS_START
 .text.MUART_INIT
                0x00000efc       0x24 ./MCAL/UART/MCAL_UART_INT.o
                0x00000efc                MUART_INIT
 .text.UART_SEND_CHAR_BLOCKING
                0x00000f20        0x8 ./MCAL/UART/MCAL_UART_INT.o
                0x00000f20                UART_SEND_CHAR_BLOCKING
 .text.UART_SEND_STRING_BLOCKING
                0x00000f28       0x14 ./MCAL/UART/MCAL_UART_INT.o
                0x00000f28                UART_SEND_STRING_BLOCKING
 .text.UART_RECEIVE_CHAR_BLOCKING
                0x00000f3c        0x8 ./MCAL/UART/MCAL_UART_INT.o
                0x00000f3c                UART_RECEIVE_CHAR_BLOCKING
 .text.UART_RECEIVE_CHAR_POOLING
                0x00000f44        0xa ./MCAL/UART/MCAL_UART_INT.o
                0x00000f44                UART_RECEIVE_CHAR_POOLING
 .text.__vector_13
                0x00000f4e       0x4a ./MCAL/UART/MCAL_UART_INT.o
                0x00000f4e                __vector_13
 .text.__vector_14
                0x00000f98       0x4a ./MCAL/UART/MCAL_UART_INT.o
                0x00000f98                __vector_14
 .text.__vector_15
                0x00000fe2       0x4a ./MCAL/UART/MCAL_UART_INT.o
                0x00000fe2                __vector_15
 .text.MTIMER1_VoidDisable
                0x0000102c        0x2 ./MCAL/Timer_1/MCAL_TIMER1.o
                0x0000102c                MTIMER1_VoidDisable
 .text.SET_TIMER1_MAIN_MODE
                0x0000102e       0x7a ./MCAL/Timer_1/MCAL_TIMER1.o
                0x0000102e                SET_TIMER1_MAIN_MODE
 .text.SET_TIMER1_SELECT_SUB_MODE
                0x000010a8       0x9e ./MCAL/Timer_1/MCAL_TIMER1.o
                0x000010a8                SET_TIMER1_SELECT_SUB_MODE
 .text.SELECT_PRESCALER
                0x00001146       0x88 ./MCAL/Timer_1/MCAL_TIMER1.o
                0x00001146                SELECT_PRESCALER
 .text.MTIMER1_VoidInit
                0x000011ce       0x1e ./MCAL/Timer_1/MCAL_TIMER1.o
                0x000011ce                MTIMER1_VoidInit
 .text.MTIMER1_VoidSetTopValue
                0x000011ec       0x2a ./MCAL/Timer_1/MCAL_TIMER1.o
                0x000011ec                MTIMER1_VoidSetTopValue
 .text.SET_DUTYCYCLEVAL
                0x00001216       0x16 ./MCAL/Timer_1/MCAL_TIMER1.o
                0x00001216                SET_DUTYCYCLEVAL
 .text.MTIMER1_ICU_EDGE_SELECT
                0x0000122c       0x1a ./MCAL/Timer_1/MCAL_TIMER1.o
                0x0000122c                MTIMER1_ICU_EDGE_SELECT
 .text.MTIMER1_ENABLE_ICU_INTERRUPT
                0x00001246        0x8 ./MCAL/Timer_1/MCAL_TIMER1.o
                0x00001246                MTIMER1_ENABLE_ICU_INTERRUPT
 .text.MTIMER1_READ_ICU_VALUE
                0x0000124e        0x8 ./MCAL/Timer_1/MCAL_TIMER1.o
                0x0000124e                MTIMER1_READ_ICU_VALUE
 .text.MTIMER0_VoidInit
                0x00001256       0x26 ./MCAL/Timer_0/MCAL_TIMER0.o
                0x00001256                MTIMER0_VoidInit
 .text.MTIMER0_VoidDisable
                0x0000127c        0x8 ./MCAL/Timer_0/MCAL_TIMER0.o
                0x0000127c                MTIMER0_VoidDisable
 .text.MTIMER0_VoidSetPreLoad
                0x00001284        0x4 ./MCAL/Timer_0/MCAL_TIMER0.o
                0x00001284                MTIMER0_VoidSetPreLoad
 .text.TIMER_0_SET_DUTYCYCLE
                0x00001288        0x4 ./MCAL/Timer_0/MCAL_TIMER0.o
                0x00001288                TIMER_0_SET_DUTYCYCLE
 .text.TIMER0_SETCALLBACK
                0x0000128c        0xa ./MCAL/Timer_0/MCAL_TIMER0.o
                0x0000128c                TIMER0_SETCALLBACK
 .text.__vector_10
                0x00001296       0x4e ./MCAL/Timer_0/MCAL_TIMER0.o
                0x00001296                __vector_10
 .text.MSPI_TRANSCIEVE_BLOCKING
                0x000012e4        0xa ./MCAL/SPI/SPI_INT.o
                0x000012e4                MSPI_TRANSCIEVE_BLOCKING
 .text.SPI_TRANSCIEVE
                0x000012ee        0x8 ./MCAL/SPI/SPI_INT.o
                0x000012ee                SPI_TRANSCIEVE
 .text.SPI_INIT
                0x000012f6        0xa ./MCAL/SPI/SPI_INT.o
                0x000012f6                SPI_INIT
 .text.__vector_12
                0x00001300       0x4a ./MCAL/SPI/SPI_INT.o
                0x00001300                __vector_12
 .text.MSPI_Init
                0x0000134a       0x3c ./MCAL/SPI/SPI_INT.o
                0x0000134a                MSPI_Init
 .text.MWDT_Start
                0x00001386       0x10 ./MCAL/MCAL_WDT/MCAL_WDT_INT.o
                0x00001386                MWDT_Start
 .text.MWDT_DISABLE
                0x00001396       0x1c ./MCAL/MCAL_WDT/MCAL_WDT_INT.o
                0x00001396                MWDT_DISABLE
 .text.I2C_INIT
                0x000013b2       0x18 ./MCAL/I2C/MCAL_I2C_INIT.o
                0x000013b2                I2C_INIT
 .text.I2C_START
                0x000013ca        0xc ./MCAL/I2C/MCAL_I2C_INIT.o
                0x000013ca                I2C_START
 .text.I2C_WRITE
                0x000013d6       0x1c ./MCAL/I2C/MCAL_I2C_INIT.o
                0x000013d6                I2C_WRITE
 .text.I2C_READ_WITH_ACK
                0x000013f2       0x1c ./MCAL/I2C/MCAL_I2C_INIT.o
                0x000013f2                I2C_READ_WITH_ACK
 .text.I2C_STOP
                0x0000140e        0x6 ./MCAL/I2C/MCAL_I2C_INIT.o
                0x0000140e                I2C_STOP
 .text.I2C_GETSTATUS
                0x00001414        0x6 ./MCAL/I2C/MCAL_I2C_INIT.o
                0x00001414                I2C_GETSTATUS
 .text.__vector_19
                0x0000141a       0x4a ./MCAL/I2C/MCAL_I2C_INIT.o
                0x0000141a                __vector_19
 .text.MEXTI0_voidInit
                0x00001464       0x1a ./MCAL/External_Interrupt/MCAL_EXT_INT.o
                0x00001464                MEXTI0_voidInit
 .text.MEXTI1_voidInit
                0x0000147e       0x1a ./MCAL/External_Interrupt/MCAL_EXT_INT.o
                0x0000147e                MEXTI1_voidInit
 .text.MEXTI2_voidInit
                0x00001498       0x14 ./MCAL/External_Interrupt/MCAL_EXT_INT.o
                0x00001498                MEXTI2_voidInit
 .text.EXT_CALLBACK
                0x000014ac       0x2a ./MCAL/External_Interrupt/MCAL_EXT_INT.o
                0x000014ac                EXT_CALLBACK
 .text.__vector_1
                0x000014d6       0x4e ./MCAL/External_Interrupt/MCAL_EXT_INT.o
                0x000014d6                __vector_1
 .text.__vector_2
                0x00001524       0x4e ./MCAL/External_Interrupt/MCAL_EXT_INT.o
                0x00001524                __vector_2
 .text.__vector_3
                0x00001572       0x4e ./MCAL/External_Interrupt/MCAL_EXT_INT.o
                0x00001572                __vector_3
 .text.DIO_PIN_WRITE_LOGIC_M
                0x000015c0       0xe6 ./MCAL/DIO/MCAL_DIO_PROGRAM.o
                0x000015c0                DIO_PIN_WRITE_LOGIC_M
 .text.DIO_PIN_DIRECTION_INIT_M
                0x000016a6       0xe2 ./MCAL/DIO/MCAL_DIO_PROGRAM.o
                0x000016a6                DIO_PIN_DIRECTION_INIT_M
 .text.DIO_PIN_TOGGLE_LOGIC_M
                0x00001788       0x6a ./MCAL/DIO/MCAL_DIO_PROGRAM.o
                0x00001788                DIO_PIN_TOGGLE_LOGIC_M
 .text.DIO_PIN_READ_LOGIC_LEVEL_M
                0x000017f2       0x3e ./MCAL/DIO/MCAL_DIO_PROGRAM.o
                0x000017f2                DIO_PIN_READ_LOGIC_LEVEL_M
 .text.DIO_PORT_WRITE_LOGIC_M
                0x00001830       0x22 ./MCAL/DIO/MCAL_DIO_PROGRAM.o
                0x00001830                DIO_PORT_WRITE_LOGIC_M
 .text.DIO_PORT_SET_DIRECTION_M
                0x00001852       0x22 ./MCAL/DIO/MCAL_DIO_PROGRAM.o
                0x00001852                DIO_PORT_SET_DIRECTION_M
 .text.PORT_DIRECTION_INIT
                0x00001874       0x12 ./MCAL/DIO/MCAL_DIO_PROGRAM.o
                0x00001874                PORT_DIRECTION_INIT
 .text.PORT_LOGICLEVEL_INIT
                0x00001886        0xe ./MCAL/DIO/MCAL_DIO_PROGRAM.o
                0x00001886                PORT_LOGICLEVEL_INIT
 .text.MADC_voidInit
                0x00001894       0x10 ./MCAL/M_ADC_INT.o
                0x00001894                MADC_voidInit
 .text.MADC_u16_GetVal_BLOCKING
                0x000018a4       0x18 ./MCAL/M_ADC_INT.o
                0x000018a4                MADC_u16_GetVal_BLOCKING
 .text.MADC_u16_GetVal_INTERRUPT
                0x000018bc       0x18 ./MCAL/M_ADC_INT.o
                0x000018bc                MADC_u16_GetVal_INTERRUPT
 .text.MADC_u16_GetVal_POOLING
                0x000018d4       0x14 ./MCAL/M_ADC_INT.o
                0x000018d4                MADC_u16_GetVal_POOLING
 .text.Mapping_Values
                0x000018e8       0xe4 ./MCAL/M_ADC_INT.o
                0x000018e8                Mapping_Values
 .text.HAL_LED_TOGGLE
                0x000019cc        0x6 ./HAL/LED/HAL_LED.o
                0x000019cc                HAL_LED_TOGGLE
 .text.HAL_LED_OFF
                0x000019d2        0x8 ./HAL/LED/HAL_LED.o
                0x000019d2                HAL_LED_OFF
 .text.HAL_LED_ON
                0x000019da        0x8 ./HAL/LED/HAL_LED.o
                0x000019da                HAL_LED_ON
 .text.convert_uint16_to_string
                0x000019e2       0x56 ./HAL/LCD/hal_lcd.o
                0x000019e2                convert_uint16_to_string
 .text.convert_uint8_to_string
                0x00001a38       0x5a ./HAL/LCD/hal_lcd.o
                0x00001a38                convert_uint8_to_string
 .text.convert_uint32_to_string
                0x00001a92       0x6a ./HAL/LCD/hal_lcd.o
                0x00001a92                convert_uint32_to_string
 .text.HLCD_Send_char_4bit
                0x00001afc       0xd8 ./HAL/LCD/hal_lcd.o
                0x00001afc                HLCD_Send_char_4bit
 .text.HLCD_Send_String_4bit
                0x00001bd4       0x2e ./HAL/LCD/hal_lcd.o
                0x00001bd4                HLCD_Send_String_4bit
 .text.HLCD_Send_Command_4bit
                0x00001c02       0xd8 ./HAL/LCD/hal_lcd.o
                0x00001c02                HLCD_Send_Command_4bit
 .text.HLCD_Send_char_Position_4bit
                0x00001cda       0x44 ./HAL/LCD/hal_lcd.o
                0x00001cda                HLCD_Send_char_Position_4bit
 .text.HLCD_Send_CursorPosition_4bit
                0x00001d1e       0x3e ./HAL/LCD/hal_lcd.o
                0x00001d1e                HLCD_Send_CursorPosition_4bit
 .text.HLCD_Send_String_Position_4bit
                0x00001d5c       0x48 ./HAL/LCD/hal_lcd.o
                0x00001d5c                HLCD_Send_String_Position_4bit
 .text.SEND_U16_4BIT
                0x00001da4       0x52 ./HAL/LCD/hal_lcd.o
                0x00001da4                SEND_U16_4BIT
 .text.HLCD_INIT_4bit
                0x00001df6       0x50 ./HAL/LCD/hal_lcd.o
                0x00001df6                HLCD_INIT_4bit
 .text.HLCD_Send_String_8bit
                0x00001e46       0x56 ./HAL/LCD/hal_lcd.o
                0x00001e46                HLCD_Send_String_8bit
 .text.HLCD_Send_char_8bit
                0x00001e9c       0x40 ./HAL/LCD/hal_lcd.o
                0x00001e9c                HLCD_Send_char_8bit
 .text.HLCD_Send_Float1
                0x00001edc       0xa4 ./HAL/LCD/hal_lcd.o
                0x00001edc                HLCD_Send_Float1
 .text.HLCD_Send_Command_8bit
                0x00001f80       0x40 ./HAL/LCD/hal_lcd.o
                0x00001f80                HLCD_Send_Command_8bit
 .text.HLCD_Send_char_Position_8bit
                0x00001fc0       0x44 ./HAL/LCD/hal_lcd.o
                0x00001fc0                HLCD_Send_char_Position_8bit
 .text.HLCD_Send_CursorPosition_8bit
                0x00002004       0x3e ./HAL/LCD/hal_lcd.o
                0x00002004                HLCD_Send_CursorPosition_8bit
 .text.HLCD_Send_String_Position_8bit
                0x00002042       0x48 ./HAL/LCD/hal_lcd.o
                0x00002042                HLCD_Send_String_Position_8bit
 .text.SEND_U16_8BIT
                0x0000208a       0x52 ./HAL/LCD/hal_lcd.o
                0x0000208a                SEND_U16_8BIT
 .text.HLCD_INIT_8bit
                0x000020dc       0x34 ./HAL/LCD/hal_lcd.o
                0x000020dc                HLCD_INIT_8bit
 .text.keypad_readd
                0x00002110       0xf2 ./HAL/KEYPAD/keypad.o
                0x00002110                keypad_readd
 .text.keypad_read_4
                0x00002202       0xb0 ./HAL/KEYPAD/keypad.o
                0x00002202                keypad_read_4
 .text.keypad_read_2
                0x000022b2       0xd4 ./HAL/KEYPAD/keypad.o
                0x000022b2                keypad_read_2
 .text.keypad_read_1
                0x00002386       0xce ./HAL/KEYPAD/keypad.o
                0x00002386                keypad_read_1
 .text.keypad_read
                0x00002454       0xb8 ./HAL/KEYPAD/keypad.o
                0x00002454                keypad_read
 .text.HEEPROM_READ
                0x0000250c       0x38 ./HAL/EXT_EEPROM/HAL_EEPROM_INT.o
                0x0000250c                HEEPROM_READ
 .text.HEEPROM_READ_STRING
                0x00002544       0x42 ./HAL/EXT_EEPROM/HAL_EEPROM_INT.o
                0x00002544                HEEPROM_READ_STRING
 .text.HEEPROM_WRITE
                0x00002586       0x28 ./HAL/EXT_EEPROM/HAL_EEPROM_INT.o
                0x00002586                HEEPROM_WRITE
 .text.HEEPROM_WRITE_STRING
                0x000025ae       0x62 ./HAL/EXT_EEPROM/HAL_EEPROM_INT.o
                0x000025ae                HEEPROM_WRITE_STRING
 .text.ACCOUNT_CHECK
                0x00002610        0x2 ./dio_led.o
                0x00002610                ACCOUNT_CHECK
 .text.SET_DEFAULT_USER_PASS
                0x00002612       0x22 ./dio_led.o
                0x00002612                SET_DEFAULT_USER_PASS
 .text.CHANGE_PASSWORD
                0x00002634       0x60 ./dio_led.o
                0x00002634                CHANGE_PASSWORD
 .text.GET_NEW_USER
                0x00002694       0x70 ./dio_led.o
                0x00002694                GET_NEW_USER
 .text.ENTER_NEW_PASS_FRAME
                0x00002704       0x18 ./dio_led.o
                0x00002704                ENTER_NEW_PASS_FRAME
 .text.ENTER_PASS_FRAME
                0x0000271c       0x18 ./dio_led.o
                0x0000271c                ENTER_PASS_FRAME
 .text.ENTER_USER_FRAME
                0x00002734       0x18 ./dio_led.o
                0x00002734                ENTER_USER_FRAME
 .text.RTOS_INIT
                0x0000274c       0x5e ./dio_led.o
                0x0000274c                RTOS_INIT
 .text.SPI_SEND
                0x000027aa       0x28 ./dio_led.o
                0x000027aa                SPI_SEND
 .text.READ_LM35
                0x000027d2       0x36 ./dio_led.o
                0x000027d2                READ_LM35
 .text.READ_LDR
                0x00002808       0x36 ./dio_led.o
                0x00002808                READ_LDR
 .text.BLUETOOTH_SYSTEM_OPENED
                0x0000283e       0x30 ./dio_led.o
                0x0000283e                BLUETOOTH_SYSTEM_OPENED
 .text.ADD_USER_FRAME
                0x0000286e       0x1c ./dio_led.o
                0x0000286e                ADD_USER_FRAME
 .text.CHANGE_PASSWORD_FRAME
                0x0000288a       0x4c ./dio_led.o
                0x0000288a                CHANGE_PASSWORD_FRAME
 .text.IDLE_STATE
                0x000028d6       0x3e ./dio_led.o
                0x000028d6                IDLE_STATE
 .text.IDLE_FRAME
                0x00002914       0x2c ./dio_led.o
                0x00002914                IDLE_FRAME
 .text.GET_NEW_PASS
                0x00002940       0xa8 ./dio_led.o
                0x00002940                GET_NEW_PASS
 .text.WRONG_USER_FRAME
                0x000029e8       0x34 ./dio_led.o
                0x000029e8                WRONG_USER_FRAME
 .text.WRONG_PASS_FRAME
                0x00002a1c       0x34 ./dio_led.o
                0x00002a1c                WRONG_PASS_FRAME
 .text.COMPARE_PASSWORD
                0x00002a50       0xe8 ./dio_led.o
                0x00002a50                COMPARE_PASSWORD
 .text.COMPARE_USER
                0x00002b38      0x134 ./dio_led.o
                0x00002b38                COMPARE_USER
 .text.GET_ACCOUNT
                0x00002c6c       0x7e ./dio_led.o
                0x00002c6c                GET_ACCOUNT
 .text.main     0x00002cea      0x152 ./dio_led.o
                0x00002cea                main
 .text.libgcc   0x00002e3c        0x0 f:/embeded system diploma/iti material/tool/imt_sdk_win_64/imt_sdk_win_64/winavr/bin/../lib/gcc/avr/4.3.3/avr5\libgcc.a(_exit.o)
 .text.libgcc   0x00002e3c        0x0 f:/embeded system diploma/iti material/tool/imt_sdk_win_64/imt_sdk_win_64/winavr/bin/../lib/gcc/avr/4.3.3/avr5\libgcc.a(_copy_data.o)
 .text.libgcc   0x00002e3c        0x0 f:/embeded system diploma/iti material/tool/imt_sdk_win_64/imt_sdk_win_64/winavr/bin/../lib/gcc/avr/4.3.3/avr5\libgcc.a(_clear_bss.o)
 .text.libgcc   0x00002e3c       0x38 f:/embeded system diploma/iti material/tool/imt_sdk_win_64/imt_sdk_win_64/winavr/bin/../lib/gcc/avr/4.3.3/avr5\libgcc.a(_prologue.o)
                0x00002e3c                __prologue_saves__
 .text.libgcc   0x00002e74       0x36 f:/embeded system diploma/iti material/tool/imt_sdk_win_64/imt_sdk_win_64/winavr/bin/../lib/gcc/avr/4.3.3/avr5\libgcc.a(_epilogue.o)
                0x00002e74                __epilogue_restores__
 .text.avr-libc
                0x00002eaa       0x48 f:/embeded system diploma/iti material/tool/imt_sdk_win_64/imt_sdk_win_64/winavr/bin/../lib/gcc/avr/4.3.3/../../../../avr/lib/avr5\libc.a(sprintf.o)
                0x00002eaa                sprintf
 .text.avr-libc
                0x00002ef2      0x3ba f:/embeded system diploma/iti material/tool/imt_sdk_win_64/imt_sdk_win_64/winavr/bin/../lib/gcc/avr/4.3.3/../../../../avr/lib/avr5\libc.a(vfprintf_std.o)
                0x00002ef2                vfprintf
 .text.avr-libc
                0x000032ac       0x16 f:/embeded system diploma/iti material/tool/imt_sdk_win_64/imt_sdk_win_64/winavr/bin/../lib/gcc/avr/4.3.3/../../../../avr/lib/avr5\libc.a(strnlen_P.o)
                0x000032ac                strnlen_P
 .text.avr-libc
                0x000032c2       0x16 f:/embeded system diploma/iti material/tool/imt_sdk_win_64/imt_sdk_win_64/winavr/bin/../lib/gcc/avr/4.3.3/../../../../avr/lib/avr5\libc.a(strnlen.o)
                0x000032c2                strnlen
 .text.avr-libc
                0x000032d8       0x58 f:/embeded system diploma/iti material/tool/imt_sdk_win_64/imt_sdk_win_64/winavr/bin/../lib/gcc/avr/4.3.3/../../../../avr/lib/avr5\libc.a(fputc.o)
                0x000032d8                fputc
 .text.avr-libc
                0x00003330       0xbc f:/embeded system diploma/iti material/tool/imt_sdk_win_64/imt_sdk_win_64/winavr/bin/../lib/gcc/avr/4.3.3/../../../../avr/lib/avr5\libc.a(ultoa_invert.o)
                0x00003330                __ultoa_invert
                0x000033ec                . = ALIGN (0x2)
 *(.fini9)
 .fini9         0x000033ec        0x0 f:/embeded system diploma/iti material/tool/imt_sdk_win_64/imt_sdk_win_64/winavr/bin/../lib/gcc/avr/4.3.3/avr5\libgcc.a(_exit.o)
                0x000033ec                exit
                0x000033ec                _exit
 *(.fini9)
 *(.fini8)
 *(.fini8)
 *(.fini7)
 *(.fini7)
 *(.fini6)
 *(.fini6)
 *(.fini5)
 *(.fini5)
 *(.fini4)
 *(.fini4)
 *(.fini3)
 *(.fini3)
 *(.fini2)
 *(.fini2)
 *(.fini1)
 *(.fini1)
 *(.fini0)
 .fini0         0x000033ec        0x4 f:/embeded system diploma/iti material/tool/imt_sdk_win_64/imt_sdk_win_64/winavr/bin/../lib/gcc/avr/4.3.3/avr5\libgcc.a(_exit.o)
 *(.fini0)
                0x000033f0                _etext = .

.data           0x00800060      0x1fe load address 0x000033f0
                0x00800060                PROVIDE (__data_start, .)
 *(.data)
 .data          0x00800060        0x0 f:/embeded system diploma/iti material/tool/imt_sdk_win_64/imt_sdk_win_64/winavr/bin/../lib/gcc/avr/4.3.3/../../../../avr/lib/avr5/crtm32.o
 .data          0x00800060        0x0 ./RTOS/RTOS_INT.o
 .data          0x00800060        0x0 ./MCAL/UART/MCAL_UART_INT.o
 .data          0x00800060        0x0 ./MCAL/Timer_1/MCAL_TIMER1.o
 .data          0x00800060        0x0 ./MCAL/Timer_0/MCAL_TIMER0.o
 .data          0x00800060        0x0 ./MCAL/SPI/SPI_INT.o
 .data          0x00800060        0x0 ./MCAL/MCAL_WDT/MCAL_WDT_INT.o
 .data          0x00800060        0x0 ./MCAL/I2C/MCAL_I2C_INIT.o
 .data          0x00800060        0x0 ./MCAL/GLOBAL_INTERRUPT/GLOBAL_INT.o
 .data          0x00800060        0x0 ./MCAL/External_Interrupt/MCAL_EXT_INT.o
 .data          0x00800060        0x0 ./MCAL/DIO/MCAL_DIO_PROGRAM.o
 .data          0x00800060        0x0 ./MCAL/M_ADC_INT.o
 .data          0x00800060        0x0 ./HAL/SERVO/HAL_SERVE.o
 .data          0x00800060        0x0 ./HAL/LED/HAL_LED.o
 .data          0x00800060        0x3 ./HAL/LCD/hal_lcd.o
 .data          0x00800063        0x0 ./HAL/KEYPAD/keypad.o
 .data          0x00800063        0x0 ./HAL/EXT_EEPROM/HAL_EEPROM_INT.o
 .data          0x00800063       0xda ./dio_led.o
 .data          0x0080013d        0x0 f:/embeded system diploma/iti material/tool/imt_sdk_win_64/imt_sdk_win_64/winavr/bin/../lib/gcc/avr/4.3.3/avr5\libgcc.a(_exit.o)
 .data          0x0080013d        0x0 f:/embeded system diploma/iti material/tool/imt_sdk_win_64/imt_sdk_win_64/winavr/bin/../lib/gcc/avr/4.3.3/avr5\libgcc.a(_copy_data.o)
 .data          0x0080013d        0x0 f:/embeded system diploma/iti material/tool/imt_sdk_win_64/imt_sdk_win_64/winavr/bin/../lib/gcc/avr/4.3.3/avr5\libgcc.a(_clear_bss.o)
 .data          0x0080013d        0x0 f:/embeded system diploma/iti material/tool/imt_sdk_win_64/imt_sdk_win_64/winavr/bin/../lib/gcc/avr/4.3.3/avr5\libgcc.a(_fixunssfsi.o)
 .data          0x0080013d        0x0 f:/embeded system diploma/iti material/tool/imt_sdk_win_64/imt_sdk_win_64/winavr/bin/../lib/gcc/avr/4.3.3/avr5\libgcc.a(_addsub_sf.o)
 .data          0x0080013d        0x0 f:/embeded system diploma/iti material/tool/imt_sdk_win_64/imt_sdk_win_64/winavr/bin/../lib/gcc/avr/4.3.3/avr5\libgcc.a(_mul_sf.o)
 .data          0x0080013d        0x0 f:/embeded system diploma/iti material/tool/imt_sdk_win_64/imt_sdk_win_64/winavr/bin/../lib/gcc/avr/4.3.3/avr5\libgcc.a(_div_sf.o)
 .data          0x0080013d        0x0 f:/embeded system diploma/iti material/tool/imt_sdk_win_64/imt_sdk_win_64/winavr/bin/../lib/gcc/avr/4.3.3/avr5\libgcc.a(_ge_sf.o)
 .data          0x0080013d        0x0 f:/embeded system diploma/iti material/tool/imt_sdk_win_64/imt_sdk_win_64/winavr/bin/../lib/gcc/avr/4.3.3/avr5\libgcc.a(_si_to_sf.o)
 .data          0x0080013d        0x0 f:/embeded system diploma/iti material/tool/imt_sdk_win_64/imt_sdk_win_64/winavr/bin/../lib/gcc/avr/4.3.3/avr5\libgcc.a(_sf_to_si.o)
 .data          0x0080013d        0x8 f:/embeded system diploma/iti material/tool/imt_sdk_win_64/imt_sdk_win_64/winavr/bin/../lib/gcc/avr/4.3.3/avr5\libgcc.a(_thenan_sf.o)
                0x0080013d                __thenan_sf
 .data          0x00800145        0x0 f:/embeded system diploma/iti material/tool/imt_sdk_win_64/imt_sdk_win_64/winavr/bin/../lib/gcc/avr/4.3.3/avr5\libgcc.a(_usi_to_sf.o)
 .data          0x00800145        0x0 f:/embeded system diploma/iti material/tool/imt_sdk_win_64/imt_sdk_win_64/winavr/bin/../lib/gcc/avr/4.3.3/avr5\libgcc.a(_prologue.o)
 .data          0x00800145        0x0 f:/embeded system diploma/iti material/tool/imt_sdk_win_64/imt_sdk_win_64/winavr/bin/../lib/gcc/avr/4.3.3/avr5\libgcc.a(_epilogue.o)
 .data          0x00800145        0x0 f:/embeded system diploma/iti material/tool/imt_sdk_win_64/imt_sdk_win_64/winavr/bin/../lib/gcc/avr/4.3.3/avr5\libgcc.a(_clzsi2.o)
 .data          0x00800145        0x0 f:/embeded system diploma/iti material/tool/imt_sdk_win_64/imt_sdk_win_64/winavr/bin/../lib/gcc/avr/4.3.3/avr5\libgcc.a(_pack_sf.o)
 .data          0x00800145        0x0 f:/embeded system diploma/iti material/tool/imt_sdk_win_64/imt_sdk_win_64/winavr/bin/../lib/gcc/avr/4.3.3/avr5\libgcc.a(_unpack_sf.o)
 .data          0x00800145        0x0 f:/embeded system diploma/iti material/tool/imt_sdk_win_64/imt_sdk_win_64/winavr/bin/../lib/gcc/avr/4.3.3/avr5\libgcc.a(_fpcmp_parts_sf.o)
 .data          0x00800145      0x100 f:/embeded system diploma/iti material/tool/imt_sdk_win_64/imt_sdk_win_64/winavr/bin/../lib/gcc/avr/4.3.3/avr5\libgcc.a(_clz.o)
                0x00800145                __clz_tab
 .data          0x00800245        0x0 f:/embeded system diploma/iti material/tool/imt_sdk_win_64/imt_sdk_win_64/winavr/bin/../lib/gcc/avr/4.3.3/../../../../avr/lib/avr5\libc.a(sprintf.o)
 .data          0x00800245        0x0 f:/embeded system diploma/iti material/tool/imt_sdk_win_64/imt_sdk_win_64/winavr/bin/../lib/gcc/avr/4.3.3/../../../../avr/lib/avr5\libc.a(vfprintf_std.o)
 .data          0x00800245        0x0 f:/embeded system diploma/iti material/tool/imt_sdk_win_64/imt_sdk_win_64/winavr/bin/../lib/gcc/avr/4.3.3/../../../../avr/lib/avr5\libc.a(strnlen_P.o)
 .data          0x00800245        0x0 f:/embeded system diploma/iti material/tool/imt_sdk_win_64/imt_sdk_win_64/winavr/bin/../lib/gcc/avr/4.3.3/../../../../avr/lib/avr5\libc.a(strnlen.o)
 .data          0x00800245        0x0 f:/embeded system diploma/iti material/tool/imt_sdk_win_64/imt_sdk_win_64/winavr/bin/../lib/gcc/avr/4.3.3/../../../../avr/lib/avr5\libc.a(fputc.o)
 .data          0x00800245        0x0 f:/embeded system diploma/iti material/tool/imt_sdk_win_64/imt_sdk_win_64/winavr/bin/../lib/gcc/avr/4.3.3/../../../../avr/lib/avr5\libc.a(ultoa_invert.o)
 *(.data*)
 .data.column_port_pins
                0x00800245        0x4 ./HAL/KEYPAD/keypad.o
                0x00800245                column_port_pins
 .data.row_port_pins
                0x00800249        0x4 ./HAL/KEYPAD/keypad.o
                0x00800249                row_port_pins
 .data.button_pos
                0x0080024d       0x10 ./HAL/KEYPAD/keypad.o
                0x0080024d                button_pos
 .data.SIGN_STATE
                0x0080025d        0x1 ./dio_led.o
                0x0080025d                SIGN_STATE
 *(.rodata)
 *(.rodata*)
 *(.gnu.linkonce.d*)
                0x0080025e                . = ALIGN (0x2)
                0x0080025e                _edata = .
                0x0080025e                PROVIDE (__data_end, .)

.bss            0x0080025e       0x52
                0x0080025e                PROVIDE (__bss_start, .)
 *(.bss)
 .bss           0x0080025e        0x0 f:/embeded system diploma/iti material/tool/imt_sdk_win_64/imt_sdk_win_64/winavr/bin/../lib/gcc/avr/4.3.3/../../../../avr/lib/avr5/crtm32.o
 .bss           0x0080025e        0x0 ./RTOS/RTOS_INT.o
 .bss           0x0080025e        0x0 ./MCAL/UART/MCAL_UART_INT.o
 .bss           0x0080025e        0x0 ./MCAL/Timer_1/MCAL_TIMER1.o
 .bss           0x0080025e        0x0 ./MCAL/Timer_0/MCAL_TIMER0.o
 .bss           0x0080025e        0x0 ./MCAL/SPI/SPI_INT.o
 .bss           0x0080025e        0x0 ./MCAL/MCAL_WDT/MCAL_WDT_INT.o
 .bss           0x0080025e        0x0 ./MCAL/I2C/MCAL_I2C_INIT.o
 .bss           0x0080025e        0x0 ./MCAL/GLOBAL_INTERRUPT/GLOBAL_INT.o
 .bss           0x0080025e        0x0 ./MCAL/External_Interrupt/MCAL_EXT_INT.o
 .bss           0x0080025e        0x0 ./MCAL/DIO/MCAL_DIO_PROGRAM.o
 .bss           0x0080025e        0x0 ./MCAL/M_ADC_INT.o
 .bss           0x0080025e        0x0 ./HAL/SERVO/HAL_SERVE.o
 .bss           0x0080025e        0x0 ./HAL/LED/HAL_LED.o
 .bss           0x0080025e        0x0 ./HAL/LCD/hal_lcd.o
 .bss           0x0080025e        0x0 ./HAL/KEYPAD/keypad.o
 .bss           0x0080025e        0x0 ./HAL/EXT_EEPROM/HAL_EEPROM_INT.o
 .bss           0x0080025e        0x0 ./dio_led.o
 .bss           0x0080025e        0x0 f:/embeded system diploma/iti material/tool/imt_sdk_win_64/imt_sdk_win_64/winavr/bin/../lib/gcc/avr/4.3.3/avr5\libgcc.a(_exit.o)
 .bss           0x0080025e        0x0 f:/embeded system diploma/iti material/tool/imt_sdk_win_64/imt_sdk_win_64/winavr/bin/../lib/gcc/avr/4.3.3/avr5\libgcc.a(_copy_data.o)
 .bss           0x0080025e        0x0 f:/embeded system diploma/iti material/tool/imt_sdk_win_64/imt_sdk_win_64/winavr/bin/../lib/gcc/avr/4.3.3/avr5\libgcc.a(_clear_bss.o)
 .bss           0x0080025e        0x0 f:/embeded system diploma/iti material/tool/imt_sdk_win_64/imt_sdk_win_64/winavr/bin/../lib/gcc/avr/4.3.3/avr5\libgcc.a(_fixunssfsi.o)
 .bss           0x0080025e        0x0 f:/embeded system diploma/iti material/tool/imt_sdk_win_64/imt_sdk_win_64/winavr/bin/../lib/gcc/avr/4.3.3/avr5\libgcc.a(_addsub_sf.o)
 .bss           0x0080025e        0x0 f:/embeded system diploma/iti material/tool/imt_sdk_win_64/imt_sdk_win_64/winavr/bin/../lib/gcc/avr/4.3.3/avr5\libgcc.a(_mul_sf.o)
 .bss           0x0080025e        0x0 f:/embeded system diploma/iti material/tool/imt_sdk_win_64/imt_sdk_win_64/winavr/bin/../lib/gcc/avr/4.3.3/avr5\libgcc.a(_div_sf.o)
 .bss           0x0080025e        0x0 f:/embeded system diploma/iti material/tool/imt_sdk_win_64/imt_sdk_win_64/winavr/bin/../lib/gcc/avr/4.3.3/avr5\libgcc.a(_ge_sf.o)
 .bss           0x0080025e        0x0 f:/embeded system diploma/iti material/tool/imt_sdk_win_64/imt_sdk_win_64/winavr/bin/../lib/gcc/avr/4.3.3/avr5\libgcc.a(_si_to_sf.o)
 .bss           0x0080025e        0x0 f:/embeded system diploma/iti material/tool/imt_sdk_win_64/imt_sdk_win_64/winavr/bin/../lib/gcc/avr/4.3.3/avr5\libgcc.a(_sf_to_si.o)
 .bss           0x0080025e        0x0 f:/embeded system diploma/iti material/tool/imt_sdk_win_64/imt_sdk_win_64/winavr/bin/../lib/gcc/avr/4.3.3/avr5\libgcc.a(_thenan_sf.o)
 .bss           0x0080025e        0x0 f:/embeded system diploma/iti material/tool/imt_sdk_win_64/imt_sdk_win_64/winavr/bin/../lib/gcc/avr/4.3.3/avr5\libgcc.a(_usi_to_sf.o)
 .bss           0x0080025e        0x0 f:/embeded system diploma/iti material/tool/imt_sdk_win_64/imt_sdk_win_64/winavr/bin/../lib/gcc/avr/4.3.3/avr5\libgcc.a(_prologue.o)
 .bss           0x0080025e        0x0 f:/embeded system diploma/iti material/tool/imt_sdk_win_64/imt_sdk_win_64/winavr/bin/../lib/gcc/avr/4.3.3/avr5\libgcc.a(_epilogue.o)
 .bss           0x0080025e        0x0 f:/embeded system diploma/iti material/tool/imt_sdk_win_64/imt_sdk_win_64/winavr/bin/../lib/gcc/avr/4.3.3/avr5\libgcc.a(_clzsi2.o)
 .bss           0x0080025e        0x0 f:/embeded system diploma/iti material/tool/imt_sdk_win_64/imt_sdk_win_64/winavr/bin/../lib/gcc/avr/4.3.3/avr5\libgcc.a(_pack_sf.o)
 .bss           0x0080025e        0x0 f:/embeded system diploma/iti material/tool/imt_sdk_win_64/imt_sdk_win_64/winavr/bin/../lib/gcc/avr/4.3.3/avr5\libgcc.a(_unpack_sf.o)
 .bss           0x0080025e        0x0 f:/embeded system diploma/iti material/tool/imt_sdk_win_64/imt_sdk_win_64/winavr/bin/../lib/gcc/avr/4.3.3/avr5\libgcc.a(_fpcmp_parts_sf.o)
 .bss           0x0080025e        0x0 f:/embeded system diploma/iti material/tool/imt_sdk_win_64/imt_sdk_win_64/winavr/bin/../lib/gcc/avr/4.3.3/avr5\libgcc.a(_clz.o)
 .bss           0x0080025e        0x0 f:/embeded system diploma/iti material/tool/imt_sdk_win_64/imt_sdk_win_64/winavr/bin/../lib/gcc/avr/4.3.3/../../../../avr/lib/avr5\libc.a(sprintf.o)
 .bss           0x0080025e        0x0 f:/embeded system diploma/iti material/tool/imt_sdk_win_64/imt_sdk_win_64/winavr/bin/../lib/gcc/avr/4.3.3/../../../../avr/lib/avr5\libc.a(vfprintf_std.o)
 .bss           0x0080025e        0x0 f:/embeded system diploma/iti material/tool/imt_sdk_win_64/imt_sdk_win_64/winavr/bin/../lib/gcc/avr/4.3.3/../../../../avr/lib/avr5\libc.a(strnlen_P.o)
 .bss           0x0080025e        0x0 f:/embeded system diploma/iti material/tool/imt_sdk_win_64/imt_sdk_win_64/winavr/bin/../lib/gcc/avr/4.3.3/../../../../avr/lib/avr5\libc.a(strnlen.o)
 .bss           0x0080025e        0x0 f:/embeded system diploma/iti material/tool/imt_sdk_win_64/imt_sdk_win_64/winavr/bin/../lib/gcc/avr/4.3.3/../../../../avr/lib/avr5\libc.a(fputc.o)
 .bss           0x0080025e        0x0 f:/embeded system diploma/iti material/tool/imt_sdk_win_64/imt_sdk_win_64/winavr/bin/../lib/gcc/avr/4.3.3/../../../../avr/lib/avr5\libc.a(ultoa_invert.o)
 *(.bss*)
 .bss.Tasks     0x0080025e       0x23 ./RTOS/RTOS_INT.o
                0x0080025e                Tasks
 .bss.TIMER0_CALLBACK
                0x00800281        0x2 ./MCAL/Timer_0/MCAL_TIMER0.o
                0x00800281                TIMER0_CALLBACK
 .bss.EXT_INT2  0x00800283        0x2 ./MCAL/External_Interrupt/MCAL_EXT_INT.o
 .bss.EXT_INT1  0x00800285        0x2 ./MCAL/External_Interrupt/MCAL_EXT_INT.o
 .bss.EXT_INT0  0x00800287        0x2 ./MCAL/External_Interrupt/MCAL_EXT_INT.o
 .bss.kp_val    0x00800289        0x1 ./dio_led.o
                0x00800289                kp_val
 .bss.USER_POS_
                0x0080028a        0x1 ./dio_led.o
                0x0080028a                USER_POS_
 .bss.PASS_POS  0x0080028b        0x1 ./dio_led.o
                0x0080028b                PASS_POS
 .bss.PASS_POS_
                0x0080028c        0x1 ./dio_led.o
                0x0080028c                PASS_POS_
 .bss.tasks_state
                0x0080028d        0x1 ./dio_led.o
                0x0080028d                tasks_state
 .bss.DEF_USER  0x0080028e        0x4 ./dio_led.o
                0x0080028e                DEF_USER
 .bss.DEF_EEPROM
                0x00800292        0x4 ./dio_led.o
                0x00800292                DEF_EEPROM
 .bss.DEF_PASSWORD
                0x00800296        0x4 ./dio_led.o
                0x00800296                DEF_PASSWORD
 .bss.number_Of_user
                0x0080029a        0x1 ./dio_led.o
                0x0080029a                number_Of_user
 .bss.entry     0x0080029b        0x2 ./dio_led.o
                0x0080029b                entry
 .bss.OPEN_CHANGE_FLAG
                0x0080029d        0x2 ./dio_led.o
                0x0080029d                OPEN_CHANGE_FLAG
 .bss.LDR_VAL   0x0080029f        0x2 ./dio_led.o
                0x0080029f                LDR_VAL
 .bss.LM35_VAL  0x008002a1        0x2 ./dio_led.o
                0x008002a1                LM35_VAL
 .bss.S_address.2162
                0x008002a3        0x1 ./dio_led.o
 .bss.S_address.2144
                0x008002a4        0x1 ./dio_led.o
 .bss.pass_pos.2020
                0x008002a5        0x2 ./dio_led.o
 .bss.user_pos.1990
                0x008002a7        0x2 ./dio_led.o
 *(COMMON)
 COMMON         0x008002a9        0x7 ./dio_led.o
                0x008002a9                compared_password_pos
                0x008002aa                kp_state
                0x008002ab                temp
                0x008002ac                counter
                0x008002ae                Light_val
                0x008002af                New_User_Address
                0x008002b0                PROVIDE (__bss_end, .)
                0x000033f0                __data_load_start = LOADADDR (.data)
                0x000035ee                __data_load_end = (__data_load_start + SIZEOF (.data))

.noinit         0x008002b0        0x0
                0x008002b0                PROVIDE (__noinit_start, .)
 *(.noinit*)
                0x008002b0                PROVIDE (__noinit_end, .)
                0x008002b0                _end = .
                0x008002b0                PROVIDE (__heap_start, .)

.eeprom         0x00810000        0x0
 *(.eeprom*)
                0x00810000                __eeprom_end = .

.fuse
 *(.fuse)
 *(.lfuse)
 *(.hfuse)
 *(.efuse)

.lock
 *(.lock*)

.signature
 *(.signature*)

.stab
 *(.stab)

.stabstr
 *(.stabstr)

.stab.excl
 *(.stab.excl)

.stab.exclstr
 *(.stab.exclstr)

.stab.index
 *(.stab.index)

.stab.indexstr
 *(.stab.indexstr)

.comment
 *(.comment)

.debug
 *(.debug)

.line
 *(.line)

.debug_srcinfo
 *(.debug_srcinfo)

.debug_sfnames
 *(.debug_sfnames)

.debug_aranges  0x00000000      0x180
 *(.debug_aranges)
 .debug_aranges
                0x00000000       0x20 f:/embeded system diploma/iti material/tool/imt_sdk_win_64/imt_sdk_win_64/winavr/bin/../lib/gcc/avr/4.3.3/avr5\libgcc.a(_fixunssfsi.o)
 .debug_aranges
                0x00000020       0x20 f:/embeded system diploma/iti material/tool/imt_sdk_win_64/imt_sdk_win_64/winavr/bin/../lib/gcc/avr/4.3.3/avr5\libgcc.a(_addsub_sf.o)
 .debug_aranges
                0x00000040       0x20 f:/embeded system diploma/iti material/tool/imt_sdk_win_64/imt_sdk_win_64/winavr/bin/../lib/gcc/avr/4.3.3/avr5\libgcc.a(_mul_sf.o)
 .debug_aranges
                0x00000060       0x20 f:/embeded system diploma/iti material/tool/imt_sdk_win_64/imt_sdk_win_64/winavr/bin/../lib/gcc/avr/4.3.3/avr5\libgcc.a(_div_sf.o)
 .debug_aranges
                0x00000080       0x20 f:/embeded system diploma/iti material/tool/imt_sdk_win_64/imt_sdk_win_64/winavr/bin/../lib/gcc/avr/4.3.3/avr5\libgcc.a(_ge_sf.o)
 .debug_aranges
                0x000000a0       0x20 f:/embeded system diploma/iti material/tool/imt_sdk_win_64/imt_sdk_win_64/winavr/bin/../lib/gcc/avr/4.3.3/avr5\libgcc.a(_si_to_sf.o)
 .debug_aranges
                0x000000c0       0x20 f:/embeded system diploma/iti material/tool/imt_sdk_win_64/imt_sdk_win_64/winavr/bin/../lib/gcc/avr/4.3.3/avr5\libgcc.a(_sf_to_si.o)
 .debug_aranges
                0x000000e0       0x20 f:/embeded system diploma/iti material/tool/imt_sdk_win_64/imt_sdk_win_64/winavr/bin/../lib/gcc/avr/4.3.3/avr5\libgcc.a(_usi_to_sf.o)
 .debug_aranges
                0x00000100       0x20 f:/embeded system diploma/iti material/tool/imt_sdk_win_64/imt_sdk_win_64/winavr/bin/../lib/gcc/avr/4.3.3/avr5\libgcc.a(_clzsi2.o)
 .debug_aranges
                0x00000120       0x20 f:/embeded system diploma/iti material/tool/imt_sdk_win_64/imt_sdk_win_64/winavr/bin/../lib/gcc/avr/4.3.3/avr5\libgcc.a(_pack_sf.o)
 .debug_aranges
                0x00000140       0x20 f:/embeded system diploma/iti material/tool/imt_sdk_win_64/imt_sdk_win_64/winavr/bin/../lib/gcc/avr/4.3.3/avr5\libgcc.a(_unpack_sf.o)
 .debug_aranges
                0x00000160       0x20 f:/embeded system diploma/iti material/tool/imt_sdk_win_64/imt_sdk_win_64/winavr/bin/../lib/gcc/avr/4.3.3/avr5\libgcc.a(_fpcmp_parts_sf.o)

.debug_pubnames
                0x00000000      0x1d8
 *(.debug_pubnames)
 .debug_pubnames
                0x00000000       0x23 f:/embeded system diploma/iti material/tool/imt_sdk_win_64/imt_sdk_win_64/winavr/bin/../lib/gcc/avr/4.3.3/avr5\libgcc.a(_fixunssfsi.o)
 .debug_pubnames
                0x00000023       0x2c f:/embeded system diploma/iti material/tool/imt_sdk_win_64/imt_sdk_win_64/winavr/bin/../lib/gcc/avr/4.3.3/avr5\libgcc.a(_addsub_sf.o)
 .debug_pubnames
                0x0000004f       0x1f f:/embeded system diploma/iti material/tool/imt_sdk_win_64/imt_sdk_win_64/winavr/bin/../lib/gcc/avr/4.3.3/avr5\libgcc.a(_mul_sf.o)
 .debug_pubnames
                0x0000006e       0x1f f:/embeded system diploma/iti material/tool/imt_sdk_win_64/imt_sdk_win_64/winavr/bin/../lib/gcc/avr/4.3.3/avr5\libgcc.a(_div_sf.o)
 .debug_pubnames
                0x0000008d       0x1e f:/embeded system diploma/iti material/tool/imt_sdk_win_64/imt_sdk_win_64/winavr/bin/../lib/gcc/avr/4.3.3/avr5\libgcc.a(_ge_sf.o)
 .debug_pubnames
                0x000000ab       0x22 f:/embeded system diploma/iti material/tool/imt_sdk_win_64/imt_sdk_win_64/winavr/bin/../lib/gcc/avr/4.3.3/avr5\libgcc.a(_si_to_sf.o)
 .debug_pubnames
                0x000000cd       0x20 f:/embeded system diploma/iti material/tool/imt_sdk_win_64/imt_sdk_win_64/winavr/bin/../lib/gcc/avr/4.3.3/avr5\libgcc.a(_sf_to_si.o)
 .debug_pubnames
                0x000000ed       0x22 f:/embeded system diploma/iti material/tool/imt_sdk_win_64/imt_sdk_win_64/winavr/bin/../lib/gcc/avr/4.3.3/avr5\libgcc.a(_thenan_sf.o)
 .debug_pubnames
                0x0000010f       0x24 f:/embeded system diploma/iti material/tool/imt_sdk_win_64/imt_sdk_win_64/winavr/bin/../lib/gcc/avr/4.3.3/avr5\libgcc.a(_usi_to_sf.o)
 .debug_pubnames
                0x00000133       0x1f f:/embeded system diploma/iti material/tool/imt_sdk_win_64/imt_sdk_win_64/winavr/bin/../lib/gcc/avr/4.3.3/avr5\libgcc.a(_clzsi2.o)
 .debug_pubnames
                0x00000152       0x1f f:/embeded system diploma/iti material/tool/imt_sdk_win_64/imt_sdk_win_64/winavr/bin/../lib/gcc/avr/4.3.3/avr5\libgcc.a(_pack_sf.o)
 .debug_pubnames
                0x00000171       0x21 f:/embeded system diploma/iti material/tool/imt_sdk_win_64/imt_sdk_win_64/winavr/bin/../lib/gcc/avr/4.3.3/avr5\libgcc.a(_unpack_sf.o)
 .debug_pubnames
                0x00000192       0x26 f:/embeded system diploma/iti material/tool/imt_sdk_win_64/imt_sdk_win_64/winavr/bin/../lib/gcc/avr/4.3.3/avr5\libgcc.a(_fpcmp_parts_sf.o)
 .debug_pubnames
                0x000001b8       0x20 f:/embeded system diploma/iti material/tool/imt_sdk_win_64/imt_sdk_win_64/winavr/bin/../lib/gcc/avr/4.3.3/avr5\libgcc.a(_clz.o)

.debug_info     0x00000000     0x2114
 *(.debug_info)
 .debug_info    0x00000000       0xb1 f:/embeded system diploma/iti material/tool/imt_sdk_win_64/imt_sdk_win_64/winavr/bin/../lib/gcc/avr/4.3.3/avr5\libgcc.a(_fixunssfsi.o)
 .debug_info    0x000000b1      0x47a f:/embeded system diploma/iti material/tool/imt_sdk_win_64/imt_sdk_win_64/winavr/bin/../lib/gcc/avr/4.3.3/avr5\libgcc.a(_addsub_sf.o)
 .debug_info    0x0000052b      0x485 f:/embeded system diploma/iti material/tool/imt_sdk_win_64/imt_sdk_win_64/winavr/bin/../lib/gcc/avr/4.3.3/avr5\libgcc.a(_mul_sf.o)
 .debug_info    0x000009b0      0x3fc f:/embeded system diploma/iti material/tool/imt_sdk_win_64/imt_sdk_win_64/winavr/bin/../lib/gcc/avr/4.3.3/avr5\libgcc.a(_div_sf.o)
 .debug_info    0x00000dac      0x27f f:/embeded system diploma/iti material/tool/imt_sdk_win_64/imt_sdk_win_64/winavr/bin/../lib/gcc/avr/4.3.3/avr5\libgcc.a(_ge_sf.o)
 .debug_info    0x0000102b      0x207 f:/embeded system diploma/iti material/tool/imt_sdk_win_64/imt_sdk_win_64/winavr/bin/../lib/gcc/avr/4.3.3/avr5\libgcc.a(_si_to_sf.o)
 .debug_info    0x00001232      0x2b0 f:/embeded system diploma/iti material/tool/imt_sdk_win_64/imt_sdk_win_64/winavr/bin/../lib/gcc/avr/4.3.3/avr5\libgcc.a(_sf_to_si.o)
 .debug_info    0x000014e2      0x12c f:/embeded system diploma/iti material/tool/imt_sdk_win_64/imt_sdk_win_64/winavr/bin/../lib/gcc/avr/4.3.3/avr5\libgcc.a(_thenan_sf.o)
 .debug_info    0x0000160e      0x206 f:/embeded system diploma/iti material/tool/imt_sdk_win_64/imt_sdk_win_64/winavr/bin/../lib/gcc/avr/4.3.3/avr5\libgcc.a(_usi_to_sf.o)
 .debug_info    0x00001814      0x117 f:/embeded system diploma/iti material/tool/imt_sdk_win_64/imt_sdk_win_64/winavr/bin/../lib/gcc/avr/4.3.3/avr5\libgcc.a(_clzsi2.o)
 .debug_info    0x0000192b      0x2df f:/embeded system diploma/iti material/tool/imt_sdk_win_64/imt_sdk_win_64/winavr/bin/../lib/gcc/avr/4.3.3/avr5\libgcc.a(_pack_sf.o)
 .debug_info    0x00001c0a      0x251 f:/embeded system diploma/iti material/tool/imt_sdk_win_64/imt_sdk_win_64/winavr/bin/../lib/gcc/avr/4.3.3/avr5\libgcc.a(_unpack_sf.o)
 .debug_info    0x00001e5b      0x210 f:/embeded system diploma/iti material/tool/imt_sdk_win_64/imt_sdk_win_64/winavr/bin/../lib/gcc/avr/4.3.3/avr5\libgcc.a(_fpcmp_parts_sf.o)
 .debug_info    0x0000206b       0xa9 f:/embeded system diploma/iti material/tool/imt_sdk_win_64/imt_sdk_win_64/winavr/bin/../lib/gcc/avr/4.3.3/avr5\libgcc.a(_clz.o)
 *(.gnu.linkonce.wi.*)

.debug_abbrev   0x00000000     0x121a
 *(.debug_abbrev)
 .debug_abbrev  0x00000000       0x5d f:/embeded system diploma/iti material/tool/imt_sdk_win_64/imt_sdk_win_64/winavr/bin/../lib/gcc/avr/4.3.3/avr5\libgcc.a(_fixunssfsi.o)
 .debug_abbrev  0x0000005d      0x1ea f:/embeded system diploma/iti material/tool/imt_sdk_win_64/imt_sdk_win_64/winavr/bin/../lib/gcc/avr/4.3.3/avr5\libgcc.a(_addsub_sf.o)
 .debug_abbrev  0x00000247      0x21b f:/embeded system diploma/iti material/tool/imt_sdk_win_64/imt_sdk_win_64/winavr/bin/../lib/gcc/avr/4.3.3/avr5\libgcc.a(_mul_sf.o)
 .debug_abbrev  0x00000462      0x216 f:/embeded system diploma/iti material/tool/imt_sdk_win_64/imt_sdk_win_64/winavr/bin/../lib/gcc/avr/4.3.3/avr5\libgcc.a(_div_sf.o)
 .debug_abbrev  0x00000678      0x15a f:/embeded system diploma/iti material/tool/imt_sdk_win_64/imt_sdk_win_64/winavr/bin/../lib/gcc/avr/4.3.3/avr5\libgcc.a(_ge_sf.o)
 .debug_abbrev  0x000007d2      0x148 f:/embeded system diploma/iti material/tool/imt_sdk_win_64/imt_sdk_win_64/winavr/bin/../lib/gcc/avr/4.3.3/avr5\libgcc.a(_si_to_sf.o)
 .debug_abbrev  0x0000091a      0x17f f:/embeded system diploma/iti material/tool/imt_sdk_win_64/imt_sdk_win_64/winavr/bin/../lib/gcc/avr/4.3.3/avr5\libgcc.a(_sf_to_si.o)
 .debug_abbrev  0x00000a99       0xad f:/embeded system diploma/iti material/tool/imt_sdk_win_64/imt_sdk_win_64/winavr/bin/../lib/gcc/avr/4.3.3/avr5\libgcc.a(_thenan_sf.o)
 .debug_abbrev  0x00000b46      0x157 f:/embeded system diploma/iti material/tool/imt_sdk_win_64/imt_sdk_win_64/winavr/bin/../lib/gcc/avr/4.3.3/avr5\libgcc.a(_usi_to_sf.o)
 .debug_abbrev  0x00000c9d       0xc4 f:/embeded system diploma/iti material/tool/imt_sdk_win_64/imt_sdk_win_64/winavr/bin/../lib/gcc/avr/4.3.3/avr5\libgcc.a(_clzsi2.o)
 .debug_abbrev  0x00000d61      0x1c0 f:/embeded system diploma/iti material/tool/imt_sdk_win_64/imt_sdk_win_64/winavr/bin/../lib/gcc/avr/4.3.3/avr5\libgcc.a(_pack_sf.o)
 .debug_abbrev  0x00000f21      0x154 f:/embeded system diploma/iti material/tool/imt_sdk_win_64/imt_sdk_win_64/winavr/bin/../lib/gcc/avr/4.3.3/avr5\libgcc.a(_unpack_sf.o)
 .debug_abbrev  0x00001075      0x13b f:/embeded system diploma/iti material/tool/imt_sdk_win_64/imt_sdk_win_64/winavr/bin/../lib/gcc/avr/4.3.3/avr5\libgcc.a(_fpcmp_parts_sf.o)
 .debug_abbrev  0x000011b0       0x6a f:/embeded system diploma/iti material/tool/imt_sdk_win_64/imt_sdk_win_64/winavr/bin/../lib/gcc/avr/4.3.3/avr5\libgcc.a(_clz.o)

.debug_line     0x00000000     0x1165
 *(.debug_line)
 .debug_line    0x00000000       0xa7 f:/embeded system diploma/iti material/tool/imt_sdk_win_64/imt_sdk_win_64/winavr/bin/../lib/gcc/avr/4.3.3/avr5\libgcc.a(_fixunssfsi.o)
 .debug_line    0x000000a7      0x2af f:/embeded system diploma/iti material/tool/imt_sdk_win_64/imt_sdk_win_64/winavr/bin/../lib/gcc/avr/4.3.3/avr5\libgcc.a(_addsub_sf.o)
 .debug_line    0x00000356      0x239 f:/embeded system diploma/iti material/tool/imt_sdk_win_64/imt_sdk_win_64/winavr/bin/../lib/gcc/avr/4.3.3/avr5\libgcc.a(_mul_sf.o)
 .debug_line    0x0000058f      0x1d5 f:/embeded system diploma/iti material/tool/imt_sdk_win_64/imt_sdk_win_64/winavr/bin/../lib/gcc/avr/4.3.3/avr5\libgcc.a(_div_sf.o)
 .debug_line    0x00000764       0xd3 f:/embeded system diploma/iti material/tool/imt_sdk_win_64/imt_sdk_win_64/winavr/bin/../lib/gcc/avr/4.3.3/avr5\libgcc.a(_ge_sf.o)
 .debug_line    0x00000837      0x135 f:/embeded system diploma/iti material/tool/imt_sdk_win_64/imt_sdk_win_64/winavr/bin/../lib/gcc/avr/4.3.3/avr5\libgcc.a(_si_to_sf.o)
 .debug_line    0x0000096c      0x109 f:/embeded system diploma/iti material/tool/imt_sdk_win_64/imt_sdk_win_64/winavr/bin/../lib/gcc/avr/4.3.3/avr5\libgcc.a(_sf_to_si.o)
 .debug_line    0x00000a75       0x90 f:/embeded system diploma/iti material/tool/imt_sdk_win_64/imt_sdk_win_64/winavr/bin/../lib/gcc/avr/4.3.3/avr5\libgcc.a(_thenan_sf.o)
 .debug_line    0x00000b05      0x133 f:/embeded system diploma/iti material/tool/imt_sdk_win_64/imt_sdk_win_64/winavr/bin/../lib/gcc/avr/4.3.3/avr5\libgcc.a(_usi_to_sf.o)
 .debug_line    0x00000c38       0xa5 f:/embeded system diploma/iti material/tool/imt_sdk_win_64/imt_sdk_win_64/winavr/bin/../lib/gcc/avr/4.3.3/avr5\libgcc.a(_clzsi2.o)
 .debug_line    0x00000cdd      0x18a f:/embeded system diploma/iti material/tool/imt_sdk_win_64/imt_sdk_win_64/winavr/bin/../lib/gcc/avr/4.3.3/avr5\libgcc.a(_pack_sf.o)
 .debug_line    0x00000e67      0x14b f:/embeded system diploma/iti material/tool/imt_sdk_win_64/imt_sdk_win_64/winavr/bin/../lib/gcc/avr/4.3.3/avr5\libgcc.a(_unpack_sf.o)
 .debug_line    0x00000fb2      0x137 f:/embeded system diploma/iti material/tool/imt_sdk_win_64/imt_sdk_win_64/winavr/bin/../lib/gcc/avr/4.3.3/avr5\libgcc.a(_fpcmp_parts_sf.o)
 .debug_line    0x000010e9       0x7c f:/embeded system diploma/iti material/tool/imt_sdk_win_64/imt_sdk_win_64/winavr/bin/../lib/gcc/avr/4.3.3/avr5\libgcc.a(_clz.o)

.debug_frame    0x00000000      0x1a0
 *(.debug_frame)
 .debug_frame   0x00000000       0x20 f:/embeded system diploma/iti material/tool/imt_sdk_win_64/imt_sdk_win_64/winavr/bin/../lib/gcc/avr/4.3.3/avr5\libgcc.a(_fixunssfsi.o)
 .debug_frame   0x00000020       0x40 f:/embeded system diploma/iti material/tool/imt_sdk_win_64/imt_sdk_win_64/winavr/bin/../lib/gcc/avr/4.3.3/avr5\libgcc.a(_addsub_sf.o)
 .debug_frame   0x00000060       0x20 f:/embeded system diploma/iti material/tool/imt_sdk_win_64/imt_sdk_win_64/winavr/bin/../lib/gcc/avr/4.3.3/avr5\libgcc.a(_mul_sf.o)
 .debug_frame   0x00000080       0x20 f:/embeded system diploma/iti material/tool/imt_sdk_win_64/imt_sdk_win_64/winavr/bin/../lib/gcc/avr/4.3.3/avr5\libgcc.a(_div_sf.o)
 .debug_frame   0x000000a0       0x20 f:/embeded system diploma/iti material/tool/imt_sdk_win_64/imt_sdk_win_64/winavr/bin/../lib/gcc/avr/4.3.3/avr5\libgcc.a(_ge_sf.o)
 .debug_frame   0x000000c0       0x20 f:/embeded system diploma/iti material/tool/imt_sdk_win_64/imt_sdk_win_64/winavr/bin/../lib/gcc/avr/4.3.3/avr5\libgcc.a(_si_to_sf.o)
 .debug_frame   0x000000e0       0x20 f:/embeded system diploma/iti material/tool/imt_sdk_win_64/imt_sdk_win_64/winavr/bin/../lib/gcc/avr/4.3.3/avr5\libgcc.a(_sf_to_si.o)
 .debug_frame   0x00000100       0x20 f:/embeded system diploma/iti material/tool/imt_sdk_win_64/imt_sdk_win_64/winavr/bin/../lib/gcc/avr/4.3.3/avr5\libgcc.a(_usi_to_sf.o)
 .debug_frame   0x00000120       0x20 f:/embeded system diploma/iti material/tool/imt_sdk_win_64/imt_sdk_win_64/winavr/bin/../lib/gcc/avr/4.3.3/avr5\libgcc.a(_clzsi2.o)
 .debug_frame   0x00000140       0x20 f:/embeded system diploma/iti material/tool/imt_sdk_win_64/imt_sdk_win_64/winavr/bin/../lib/gcc/avr/4.3.3/avr5\libgcc.a(_pack_sf.o)
 .debug_frame   0x00000160       0x20 f:/embeded system diploma/iti material/tool/imt_sdk_win_64/imt_sdk_win_64/winavr/bin/../lib/gcc/avr/4.3.3/avr5\libgcc.a(_unpack_sf.o)
 .debug_frame   0x00000180       0x20 f:/embeded system diploma/iti material/tool/imt_sdk_win_64/imt_sdk_win_64/winavr/bin/../lib/gcc/avr/4.3.3/avr5\libgcc.a(_fpcmp_parts_sf.o)

.debug_str      0x00000000      0x2f7
 *(.debug_str)
 .debug_str     0x00000000       0xbf f:/embeded system diploma/iti material/tool/imt_sdk_win_64/imt_sdk_win_64/winavr/bin/../lib/gcc/avr/4.3.3/avr5\libgcc.a(_fixunssfsi.o)
                                 0xfe (size before relaxing)
 .debug_str     0x000000bf      0x14d f:/embeded system diploma/iti material/tool/imt_sdk_win_64/imt_sdk_win_64/winavr/bin/../lib/gcc/avr/4.3.3/avr5\libgcc.a(_addsub_sf.o)
                                0x206 (size before relaxing)
 .debug_str     0x0000020c       0x27 f:/embeded system diploma/iti material/tool/imt_sdk_win_64/imt_sdk_win_64/winavr/bin/../lib/gcc/avr/4.3.3/avr5\libgcc.a(_mul_sf.o)
                                0x1bf (size before relaxing)
 .debug_str     0x00000233       0x35 f:/embeded system diploma/iti material/tool/imt_sdk_win_64/imt_sdk_win_64/winavr/bin/../lib/gcc/avr/4.3.3/avr5\libgcc.a(_div_sf.o)
                                0x1c8 (size before relaxing)
 .debug_str     0x00000268        0x8 f:/embeded system diploma/iti material/tool/imt_sdk_win_64/imt_sdk_win_64/winavr/bin/../lib/gcc/avr/4.3.3/avr5\libgcc.a(_ge_sf.o)
                                0x195 (size before relaxing)
 .debug_str     0x00000270       0x1e f:/embeded system diploma/iti material/tool/imt_sdk_win_64/imt_sdk_win_64/winavr/bin/../lib/gcc/avr/4.3.3/avr5\libgcc.a(_si_to_sf.o)
                                0x17b (size before relaxing)
 .debug_str     0x0000028e        0xa f:/embeded system diploma/iti material/tool/imt_sdk_win_64/imt_sdk_win_64/winavr/bin/../lib/gcc/avr/4.3.3/avr5\libgcc.a(_sf_to_si.o)
                                0x19e (size before relaxing)
 .debug_str     0x00000000      0x103 f:/embeded system diploma/iti material/tool/imt_sdk_win_64/imt_sdk_win_64/winavr/bin/../lib/gcc/avr/4.3.3/avr5\libgcc.a(_thenan_sf.o)
 .debug_str     0x00000298       0x14 f:/embeded system diploma/iti material/tool/imt_sdk_win_64/imt_sdk_win_64/winavr/bin/../lib/gcc/avr/4.3.3/avr5\libgcc.a(_usi_to_sf.o)
                                0x177 (size before relaxing)
 .debug_str     0x000002ac       0x20 f:/embeded system diploma/iti material/tool/imt_sdk_win_64/imt_sdk_win_64/winavr/bin/../lib/gcc/avr/4.3.3/avr5\libgcc.a(_clzsi2.o)
                                0x111 (size before relaxing)
 .debug_str     0x000002cc       0x10 f:/embeded system diploma/iti material/tool/imt_sdk_win_64/imt_sdk_win_64/winavr/bin/../lib/gcc/avr/4.3.3/avr5\libgcc.a(_pack_sf.o)
                                0x19d (size before relaxing)
 .debug_str     0x000002dc        0xb f:/embeded system diploma/iti material/tool/imt_sdk_win_64/imt_sdk_win_64/winavr/bin/../lib/gcc/avr/4.3.3/avr5\libgcc.a(_unpack_sf.o)
                                0x17f (size before relaxing)
 .debug_str     0x000002e7       0x10 f:/embeded system diploma/iti material/tool/imt_sdk_win_64/imt_sdk_win_64/winavr/bin/../lib/gcc/avr/4.3.3/avr5\libgcc.a(_fpcmp_parts_sf.o)
                                0x163 (size before relaxing)
 .debug_str     0x00000000       0xf4 f:/embeded system diploma/iti material/tool/imt_sdk_win_64/imt_sdk_win_64/winavr/bin/../lib/gcc/avr/4.3.3/avr5\libgcc.a(_clz.o)

.debug_loc      0x00000000      0x9a2
 *(.debug_loc)
 .debug_loc     0x00000000       0x34 f:/embeded system diploma/iti material/tool/imt_sdk_win_64/imt_sdk_win_64/winavr/bin/../lib/gcc/avr/4.3.3/avr5\libgcc.a(_fixunssfsi.o)
 .debug_loc     0x00000034      0x32a f:/embeded system diploma/iti material/tool/imt_sdk_win_64/imt_sdk_win_64/winavr/bin/../lib/gcc/avr/4.3.3/avr5\libgcc.a(_addsub_sf.o)
 .debug_loc     0x0000035e      0x104 f:/embeded system diploma/iti material/tool/imt_sdk_win_64/imt_sdk_win_64/winavr/bin/../lib/gcc/avr/4.3.3/avr5\libgcc.a(_mul_sf.o)
 .debug_loc     0x00000462       0xc0 f:/embeded system diploma/iti material/tool/imt_sdk_win_64/imt_sdk_win_64/winavr/bin/../lib/gcc/avr/4.3.3/avr5\libgcc.a(_div_sf.o)
 .debug_loc     0x00000522       0x3c f:/embeded system diploma/iti material/tool/imt_sdk_win_64/imt_sdk_win_64/winavr/bin/../lib/gcc/avr/4.3.3/avr5\libgcc.a(_ge_sf.o)
 .debug_loc     0x0000055e       0xac f:/embeded system diploma/iti material/tool/imt_sdk_win_64/imt_sdk_win_64/winavr/bin/../lib/gcc/avr/4.3.3/avr5\libgcc.a(_si_to_sf.o)
 .debug_loc     0x0000060a       0x7e f:/embeded system diploma/iti material/tool/imt_sdk_win_64/imt_sdk_win_64/winavr/bin/../lib/gcc/avr/4.3.3/avr5\libgcc.a(_sf_to_si.o)
 .debug_loc     0x00000688       0x4c f:/embeded system diploma/iti material/tool/imt_sdk_win_64/imt_sdk_win_64/winavr/bin/../lib/gcc/avr/4.3.3/avr5\libgcc.a(_usi_to_sf.o)
 .debug_loc     0x000006d4       0x94 f:/embeded system diploma/iti material/tool/imt_sdk_win_64/imt_sdk_win_64/winavr/bin/../lib/gcc/avr/4.3.3/avr5\libgcc.a(_clzsi2.o)
 .debug_loc     0x00000768      0x13e f:/embeded system diploma/iti material/tool/imt_sdk_win_64/imt_sdk_win_64/winavr/bin/../lib/gcc/avr/4.3.3/avr5\libgcc.a(_pack_sf.o)
 .debug_loc     0x000008a6       0xac f:/embeded system diploma/iti material/tool/imt_sdk_win_64/imt_sdk_win_64/winavr/bin/../lib/gcc/avr/4.3.3/avr5\libgcc.a(_unpack_sf.o)
 .debug_loc     0x00000952       0x50 f:/embeded system diploma/iti material/tool/imt_sdk_win_64/imt_sdk_win_64/winavr/bin/../lib/gcc/avr/4.3.3/avr5\libgcc.a(_fpcmp_parts_sf.o)

.debug_macinfo
 *(.debug_macinfo)
OUTPUT(FINAL_PROJECT.elf elf32-avr)
LOAD linker stubs

.debug_ranges   0x00000000       0x50
 .debug_ranges  0x00000000       0x50 f:/embeded system diploma/iti material/tool/imt_sdk_win_64/imt_sdk_win_64/winavr/bin/../lib/gcc/avr/4.3.3/avr5\libgcc.a(_mul_sf.o)
