Archive member included because of file (symbol)

f:/embeded system diploma/iti material/tool/imt_sdk_win_64/imt_sdk_win_64/winavr/bin/../lib/gcc/avr/4.3.3/avr5\libgcc.a(_exit.o)
                              f:/embeded system diploma/iti material/tool/imt_sdk_win_64/imt_sdk_win_64/winavr/bin/../lib/gcc/avr/4.3.3/../../../../avr/lib/avr5/crtm32.o (exit)
f:/embeded system diploma/iti material/tool/imt_sdk_win_64/imt_sdk_win_64/winavr/bin/../lib/gcc/avr/4.3.3/avr5\libgcc.a(_copy_data.o)
                              ./HAL/LCD/hal_lcd.o (__do_copy_data)
f:/embeded system diploma/iti material/tool/imt_sdk_win_64/imt_sdk_win_64/winavr/bin/../lib/gcc/avr/4.3.3/avr5\libgcc.a(_clear_bss.o)
                              ./RTOS/RTOS_INT.o (__do_clear_bss)
f:/embeded system diploma/iti material/tool/imt_sdk_win_64/imt_sdk_win_64/winavr/bin/../lib/gcc/avr/4.3.3/avr5\libgcc.a(_fixunssfsi.o)
                              ./dio_led.o (__fixunssfsi)
f:/embeded system diploma/iti material/tool/imt_sdk_win_64/imt_sdk_win_64/winavr/bin/../lib/gcc/avr/4.3.3/avr5\libgcc.a(_addsub_sf.o)
                              ./MCAL/M_ADC_INT.o (__subsf3)
f:/embeded system diploma/iti material/tool/imt_sdk_win_64/imt_sdk_win_64/winavr/bin/../lib/gcc/avr/4.3.3/avr5\libgcc.a(_mul_sf.o)
                              ./MCAL/M_ADC_INT.o (__mulsf3)
f:/embeded system diploma/iti material/tool/imt_sdk_win_64/imt_sdk_win_64/winavr/bin/../lib/gcc/avr/4.3.3/avr5\libgcc.a(_div_sf.o)
                              ./MCAL/M_ADC_INT.o (__divsf3)
f:/embeded system diploma/iti material/tool/imt_sdk_win_64/imt_sdk_win_64/winavr/bin/../lib/gcc/avr/4.3.3/avr5\libgcc.a(_ge_sf.o)
                              f:/embeded system diploma/iti material/tool/imt_sdk_win_64/imt_sdk_win_64/winavr/bin/../lib/gcc/avr/4.3.3/avr5\libgcc.a(_fixunssfsi.o) (__gesf2)
f:/embeded system diploma/iti material/tool/imt_sdk_win_64/imt_sdk_win_64/winavr/bin/../lib/gcc/avr/4.3.3/avr5\libgcc.a(_si_to_sf.o)
                              ./HAL/LCD/hal_lcd.o (__floatsisf)
f:/embeded system diploma/iti material/tool/imt_sdk_win_64/imt_sdk_win_64/winavr/bin/../lib/gcc/avr/4.3.3/avr5\libgcc.a(_sf_to_si.o)
                              ./HAL/LCD/hal_lcd.o (__fixsfsi)
f:/embeded system diploma/iti material/tool/imt_sdk_win_64/imt_sdk_win_64/winavr/bin/../lib/gcc/avr/4.3.3/avr5\libgcc.a(_thenan_sf.o)
                              f:/embeded system diploma/iti material/tool/imt_sdk_win_64/imt_sdk_win_64/winavr/bin/../lib/gcc/avr/4.3.3/avr5\libgcc.a(_addsub_sf.o) (__thenan_sf)
f:/embeded system diploma/iti material/tool/imt_sdk_win_64/imt_sdk_win_64/winavr/bin/../lib/gcc/avr/4.3.3/avr5\libgcc.a(_usi_to_sf.o)
                              ./MCAL/M_ADC_INT.o (__floatunsisf)
f:/embeded system diploma/iti material/tool/imt_sdk_win_64/imt_sdk_win_64/winavr/bin/../lib/gcc/avr/4.3.3/avr5\libgcc.a(_prologue.o)
                              f:/embeded system diploma/iti material/tool/imt_sdk_win_64/imt_sdk_win_64/winavr/bin/../lib/gcc/avr/4.3.3/avr5\libgcc.a(_addsub_sf.o) (__prologue_saves__)
f:/embeded system diploma/iti material/tool/imt_sdk_win_64/imt_sdk_win_64/winavr/bin/../lib/gcc/avr/4.3.3/avr5\libgcc.a(_epilogue.o)
                              f:/embeded system diploma/iti material/tool/imt_sdk_win_64/imt_sdk_win_64/winavr/bin/../lib/gcc/avr/4.3.3/avr5\libgcc.a(_addsub_sf.o) (__epilogue_restores__)
f:/embeded system diploma/iti material/tool/imt_sdk_win_64/imt_sdk_win_64/winavr/bin/../lib/gcc/avr/4.3.3/avr5\libgcc.a(_clzsi2.o)
                              f:/embeded system diploma/iti material/tool/imt_sdk_win_64/imt_sdk_win_64/winavr/bin/../lib/gcc/avr/4.3.3/avr5\libgcc.a(_si_to_sf.o) (__clzsi2)
f:/embeded system diploma/iti material/tool/imt_sdk_win_64/imt_sdk_win_64/winavr/bin/../lib/gcc/avr/4.3.3/avr5\libgcc.a(_pack_sf.o)
                              f:/embeded system diploma/iti material/tool/imt_sdk_win_64/imt_sdk_win_64/winavr/bin/../lib/gcc/avr/4.3.3/avr5\libgcc.a(_addsub_sf.o) (__pack_f)
f:/embeded system diploma/iti material/tool/imt_sdk_win_64/imt_sdk_win_64/winavr/bin/../lib/gcc/avr/4.3.3/avr5\libgcc.a(_unpack_sf.o)
                              f:/embeded system diploma/iti material/tool/imt_sdk_win_64/imt_sdk_win_64/winavr/bin/../lib/gcc/avr/4.3.3/avr5\libgcc.a(_addsub_sf.o) (__unpack_f)
f:/embeded system diploma/iti material/tool/imt_sdk_win_64/imt_sdk_win_64/winavr/bin/../lib/gcc/avr/4.3.3/avr5\libgcc.a(_fpcmp_parts_sf.o)
                              f:/embeded system diploma/iti material/tool/imt_sdk_win_64/imt_sdk_win_64/winavr/bin/../lib/gcc/avr/4.3.3/avr5\libgcc.a(_ge_sf.o) (__fpcmp_parts_f)
f:/embeded system diploma/iti material/tool/imt_sdk_win_64/imt_sdk_win_64/winavr/bin/../lib/gcc/avr/4.3.3/avr5\libgcc.a(_clz.o)
                              f:/embeded system diploma/iti material/tool/imt_sdk_win_64/imt_sdk_win_64/winavr/bin/../lib/gcc/avr/4.3.3/avr5\libgcc.a(_clzsi2.o) (__clz_tab)
f:/embeded system diploma/iti material/tool/imt_sdk_win_64/imt_sdk_win_64/winavr/bin/../lib/gcc/avr/4.3.3/../../../../avr/lib/avr5\libc.a(sprintf.o)
                              ./HAL/LCD/hal_lcd.o (sprintf)
f:/embeded system diploma/iti material/tool/imt_sdk_win_64/imt_sdk_win_64/winavr/bin/../lib/gcc/avr/4.3.3/../../../../avr/lib/avr5\libc.a(vfprintf_std.o)
                              f:/embeded system diploma/iti material/tool/imt_sdk_win_64/imt_sdk_win_64/winavr/bin/../lib/gcc/avr/4.3.3/../../../../avr/lib/avr5\libc.a(sprintf.o) (vfprintf)
f:/embeded system diploma/iti material/tool/imt_sdk_win_64/imt_sdk_win_64/winavr/bin/../lib/gcc/avr/4.3.3/../../../../avr/lib/avr5\libc.a(strnlen_P.o)
                              f:/embeded system diploma/iti material/tool/imt_sdk_win_64/imt_sdk_win_64/winavr/bin/../lib/gcc/avr/4.3.3/../../../../avr/lib/avr5\libc.a(vfprintf_std.o) (strnlen_P)
f:/embeded system diploma/iti material/tool/imt_sdk_win_64/imt_sdk_win_64/winavr/bin/../lib/gcc/avr/4.3.3/../../../../avr/lib/avr5\libc.a(strnlen.o)
                              f:/embeded system diploma/iti material/tool/imt_sdk_win_64/imt_sdk_win_64/winavr/bin/../lib/gcc/avr/4.3.3/../../../../avr/lib/avr5\libc.a(vfprintf_std.o) (strnlen)
f:/embeded system diploma/iti material/tool/imt_sdk_win_64/imt_sdk_win_64/winavr/bin/../lib/gcc/avr/4.3.3/../../../../avr/lib/avr5\libc.a(fputc.o)
                              f:/embeded system diploma/iti material/tool/imt_sdk_win_64/imt_sdk_win_64/winavr/bin/../lib/gcc/avr/4.3.3/../../../../avr/lib/avr5\libc.a(vfprintf_std.o) (fputc)
f:/embeded system diploma/iti material/tool/imt_sdk_win_64/imt_sdk_win_64/winavr/bin/../lib/gcc/avr/4.3.3/../../../../avr/lib/avr5\libc.a(ultoa_invert.o)
                              f:/embeded system diploma/iti material/tool/imt_sdk_win_64/imt_sdk_win_64/winavr/bin/../lib/gcc/avr/4.3.3/../../../../avr/lib/avr5\libc.a(vfprintf_std.o) (__ultoa_invert)

Allocating common symbols
Common symbol       size              file

compared_password_pos
                    0x1               ./dio_led.o
kp_state            0x1               ./dio_led.o
counter             0x2               ./dio_led.o
New_User_Address    0x1               ./dio_led.o

Memory Configuration

Name             Origin             Length             Attributes
text             0x00000000         0x00020000         xr
data             0x00800060         0x0000ffa0         rw !x
eeprom           0x00810000         0x00010000         rw !x
fuse             0x00820000         0x00000400         rw !x
lock             0x00830000         0x00000400         rw !x
signature        0x00840000         0x00000400         rw !x
*default*        0x00000000         0xffffffff

Linker script and memory map

LOAD f:/embeded system diploma/iti material/tool/imt_sdk_win_64/imt_sdk_win_64/winavr/bin/../lib/gcc/avr/4.3.3/../../../../avr/lib/avr5/crtm32.o
LOAD ./RTOS/RTOS_INT.o
LOAD ./MCAL/UART/MCAL_UART_INT.o
LOAD ./MCAL/Timer_1/MCAL_TIMER1.o
LOAD ./MCAL/Timer_0/MCAL_TIMER0.o
LOAD ./MCAL/SPI/SPI_INT.o
LOAD ./MCAL/MCAL_WDT/MCAL_WDT_INT.o
LOAD ./MCAL/I2C/MCAL_I2C_INIT.o
LOAD ./MCAL/GLOBAL_INTERRUPT/GLOBAL_INT.o
LOAD ./MCAL/External_Interrupt/MCAL_EXT_INT.o
LOAD ./MCAL/DIO/MCAL_DIO_PROGRAM.o
LOAD ./MCAL/M_ADC_INT.o
LOAD ./HAL/SERVO/HAL_SERVE.o
LOAD ./HAL/LED/HAL_LED.o
LOAD ./HAL/LCD/hal_lcd.o
LOAD ./HAL/KEYPAD/keypad.o
LOAD ./HAL/EXT_EEPROM/HAL_EEPROM_INT.o
LOAD ./dio_led.o
LOAD f:/embeded system diploma/iti material/tool/imt_sdk_win_64/imt_sdk_win_64/winavr/bin/../lib/gcc/avr/4.3.3/avr5\libgcc.a
LOAD f:/embeded system diploma/iti material/tool/imt_sdk_win_64/imt_sdk_win_64/winavr/bin/../lib/gcc/avr/4.3.3/../../../../avr/lib/avr5\libc.a
LOAD f:/embeded system diploma/iti material/tool/imt_sdk_win_64/imt_sdk_win_64/winavr/bin/../lib/gcc/avr/4.3.3/avr5\libgcc.a

.hash
 *(.hash)

.dynsym
 *(.dynsym)

.dynstr
 *(.dynstr)

.gnu.version
 *(.gnu.version)

.gnu.version_d
 *(.gnu.version_d)

.gnu.version_r
 *(.gnu.version_r)

.rel.init
 *(.rel.init)

.rela.init
 *(.rela.init)

.rel.text
 *(.rel.text)
 *(.rel.text.*)
 *(.rel.gnu.linkonce.t*)

.rela.text
 *(.rela.text)
 *(.rela.text.*)
 *(.rela.gnu.linkonce.t*)

.rel.fini
 *(.rel.fini)

.rela.fini
 *(.rela.fini)

.rel.rodata
 *(.rel.rodata)
 *(.rel.rodata.*)
 *(.rel.gnu.linkonce.r*)

.rela.rodata
 *(.rela.rodata)
 *(.rela.rodata.*)
 *(.rela.gnu.linkonce.r*)

.rel.data
 *(.rel.data)
 *(.rel.data.*)
 *(.rel.gnu.linkonce.d*)

.rela.data
 *(.rela.data)
 *(.rela.data.*)
 *(.rela.gnu.linkonce.d*)

.rel.ctors
 *(.rel.ctors)

.rela.ctors
 *(.rela.ctors)

.rel.dtors
 *(.rel.dtors)

.rela.dtors
 *(.rela.dtors)

.rel.got
 *(.rel.got)

.rela.got
 *(.rela.got)

.rel.bss
 *(.rel.bss)

.rela.bss
 *(.rela.bss)

.rel.plt
 *(.rel.plt)

.rela.plt
 *(.rela.plt)

.text           0x00000000     0x31e0
 *(.vectors)
 .vectors       0x00000000       0x54 f:/embeded system diploma/iti material/tool/imt_sdk_win_64/imt_sdk_win_64/winavr/bin/../lib/gcc/avr/4.3.3/../../../../avr/lib/avr5/crtm32.o
                0x00000000                __vectors
                0x00000000                __vector_default
 *(.vectors)
 *(.progmem.gcc*)
 *(.progmem*)
                0x00000054                . = ALIGN (0x2)
                0x00000054                __trampolines_start = .
 *(.trampolines)
 .trampolines   0x00000054        0x0 linker stubs
 *(.trampolines*)
                0x00000054                __trampolines_end = .
 *(.jumptables)
 *(.jumptables*)
 *(.lowtext)
 *(.lowtext*)
                0x00000054                __ctors_start = .
 *(.ctors)
                0x00000054                __ctors_end = .
                0x00000054                __dtors_start = .
 *(.dtors)
                0x00000054                __dtors_end = .
 SORT(*)(.ctors)
 SORT(*)(.dtors)
 *(.init0)
 .init0         0x00000054        0x0 f:/embeded system diploma/iti material/tool/imt_sdk_win_64/imt_sdk_win_64/winavr/bin/../lib/gcc/avr/4.3.3/../../../../avr/lib/avr5/crtm32.o
                0x00000054                __init
 *(.init0)
 *(.init1)
 *(.init1)
 *(.init2)
 .init2         0x00000054        0xc f:/embeded system diploma/iti material/tool/imt_sdk_win_64/imt_sdk_win_64/winavr/bin/../lib/gcc/avr/4.3.3/../../../../avr/lib/avr5/crtm32.o
 *(.init2)
 *(.init3)
 *(.init3)
 *(.init4)
 .init4         0x00000060       0x16 f:/embeded system diploma/iti material/tool/imt_sdk_win_64/imt_sdk_win_64/winavr/bin/../lib/gcc/avr/4.3.3/avr5\libgcc.a(_copy_data.o)
                0x00000060                __do_copy_data
 .init4         0x00000076       0x10 f:/embeded system diploma/iti material/tool/imt_sdk_win_64/imt_sdk_win_64/winavr/bin/../lib/gcc/avr/4.3.3/avr5\libgcc.a(_clear_bss.o)
                0x00000076                __do_clear_bss
 *(.init4)
 *(.init5)
 *(.init5)
 *(.init6)
 *(.init6)
 *(.init7)
 *(.init7)
 *(.init8)
 *(.init8)
 *(.init9)
 .init9         0x00000086        0x8 f:/embeded system diploma/iti material/tool/imt_sdk_win_64/imt_sdk_win_64/winavr/bin/../lib/gcc/avr/4.3.3/../../../../avr/lib/avr5/crtm32.o
 *(.init9)
 *(.text)
 .text          0x0000008e        0x4 f:/embeded system diploma/iti material/tool/imt_sdk_win_64/imt_sdk_win_64/winavr/bin/../lib/gcc/avr/4.3.3/../../../../avr/lib/avr5/crtm32.o
                0x0000008e                __vector_12
                0x0000008e                __bad_interrupt
                0x0000008e                __vector_6
                0x0000008e                __vector_11
                0x0000008e                __vector_17
                0x0000008e                __vector_7
                0x0000008e                __vector_5
                0x0000008e                __vector_4
                0x0000008e                __vector_9
                0x0000008e                __vector_8
                0x0000008e                __vector_16
                0x0000008e                __vector_18
                0x0000008e                __vector_20
 .text          0x00000092        0x0 ./RTOS/RTOS_INT.o
 .text          0x00000092        0x0 ./MCAL/UART/MCAL_UART_INT.o
 .text          0x00000092        0x0 ./MCAL/Timer_1/MCAL_TIMER1.o
 .text          0x00000092        0x0 ./MCAL/Timer_0/MCAL_TIMER0.o
 .text          0x00000092        0x0 ./MCAL/SPI/SPI_INT.o
 .text          0x00000092        0x0 ./MCAL/MCAL_WDT/MCAL_WDT_INT.o
 .text          0x00000092        0x0 ./MCAL/I2C/MCAL_I2C_INIT.o
 .text          0x00000092        0x0 ./MCAL/GLOBAL_INTERRUPT/GLOBAL_INT.o
 .text          0x00000092        0x0 ./MCAL/External_Interrupt/MCAL_EXT_INT.o
 .text          0x00000092        0x0 ./MCAL/DIO/MCAL_DIO_PROGRAM.o
 .text          0x00000092        0x0 ./MCAL/M_ADC_INT.o
 .text          0x00000092        0x0 ./HAL/SERVO/HAL_SERVE.o
 .text          0x00000092        0x0 ./HAL/LED/HAL_LED.o
 .text          0x00000092        0x0 ./HAL/LCD/hal_lcd.o
 .text          0x00000092        0x0 ./HAL/KEYPAD/keypad.o
 .text          0x00000092        0x0 ./HAL/EXT_EEPROM/HAL_EEPROM_INT.o
 .text          0x00000092        0x0 ./dio_led.o
 .text          0x00000092        0x0 f:/embeded system diploma/iti material/tool/imt_sdk_win_64/imt_sdk_win_64/winavr/bin/../lib/gcc/avr/4.3.3/avr5\libgcc.a(_exit.o)
 .text          0x00000092        0x0 f:/embeded system diploma/iti material/tool/imt_sdk_win_64/imt_sdk_win_64/winavr/bin/../lib/gcc/avr/4.3.3/avr5\libgcc.a(_copy_data.o)
 .text          0x00000092        0x0 f:/embeded system diploma/iti material/tool/imt_sdk_win_64/imt_sdk_win_64/winavr/bin/../lib/gcc/avr/4.3.3/avr5\libgcc.a(_clear_bss.o)
 .text          0x00000092       0x58 f:/embeded system diploma/iti material/tool/imt_sdk_win_64/imt_sdk_win_64/winavr/bin/../lib/gcc/avr/4.3.3/avr5\libgcc.a(_fixunssfsi.o)
                0x00000092                __fixunssfsi
 .text          0x000000ea      0x354 f:/embeded system diploma/iti material/tool/imt_sdk_win_64/imt_sdk_win_64/winavr/bin/../lib/gcc/avr/4.3.3/avr5\libgcc.a(_addsub_sf.o)
                0x00000382                __subsf3
                0x000003e4                __addsf3
 .text          0x0000043e      0x1f4 f:/embeded system diploma/iti material/tool/imt_sdk_win_64/imt_sdk_win_64/winavr/bin/../lib/gcc/avr/4.3.3/avr5\libgcc.a(_mul_sf.o)
                0x0000043e                __mulsf3
 .text          0x00000632      0x158 f:/embeded system diploma/iti material/tool/imt_sdk_win_64/imt_sdk_win_64/winavr/bin/../lib/gcc/avr/4.3.3/avr5\libgcc.a(_div_sf.o)
                0x00000632                __divsf3
 .text          0x0000078a       0x60 f:/embeded system diploma/iti material/tool/imt_sdk_win_64/imt_sdk_win_64/winavr/bin/../lib/gcc/avr/4.3.3/avr5\libgcc.a(_ge_sf.o)
                0x0000078a                __gesf2
 .text          0x000007ea       0xbc f:/embeded system diploma/iti material/tool/imt_sdk_win_64/imt_sdk_win_64/winavr/bin/../lib/gcc/avr/4.3.3/avr5\libgcc.a(_si_to_sf.o)
                0x000007ea                __floatsisf
 .text          0x000008a6       0xa8 f:/embeded system diploma/iti material/tool/imt_sdk_win_64/imt_sdk_win_64/winavr/bin/../lib/gcc/avr/4.3.3/avr5\libgcc.a(_sf_to_si.o)
                0x000008a6                __fixsfsi
 .text          0x0000094e        0x0 f:/embeded system diploma/iti material/tool/imt_sdk_win_64/imt_sdk_win_64/winavr/bin/../lib/gcc/avr/4.3.3/avr5\libgcc.a(_thenan_sf.o)
 .text          0x0000094e       0xf2 f:/embeded system diploma/iti material/tool/imt_sdk_win_64/imt_sdk_win_64/winavr/bin/../lib/gcc/avr/4.3.3/avr5\libgcc.a(_usi_to_sf.o)
                0x0000094e                __floatunsisf
 .text          0x00000a40        0x0 f:/embeded system diploma/iti material/tool/imt_sdk_win_64/imt_sdk_win_64/winavr/bin/../lib/gcc/avr/4.3.3/avr5\libgcc.a(_prologue.o)
 .text          0x00000a40        0x0 f:/embeded system diploma/iti material/tool/imt_sdk_win_64/imt_sdk_win_64/winavr/bin/../lib/gcc/avr/4.3.3/avr5\libgcc.a(_epilogue.o)
 .text          0x00000a40       0x9e f:/embeded system diploma/iti material/tool/imt_sdk_win_64/imt_sdk_win_64/winavr/bin/../lib/gcc/avr/4.3.3/avr5\libgcc.a(_clzsi2.o)
                0x00000a40                __clzsi2
 .text          0x00000ade      0x1aa f:/embeded system diploma/iti material/tool/imt_sdk_win_64/imt_sdk_win_64/winavr/bin/../lib/gcc/avr/4.3.3/avr5\libgcc.a(_pack_sf.o)
                0x00000ade                __pack_f
 .text          0x00000c88       0xf0 f:/embeded system diploma/iti material/tool/imt_sdk_win_64/imt_sdk_win_64/winavr/bin/../lib/gcc/avr/4.3.3/avr5\libgcc.a(_unpack_sf.o)
                0x00000c88                __unpack_f
 .text          0x00000d78       0xb2 f:/embeded system diploma/iti material/tool/imt_sdk_win_64/imt_sdk_win_64/winavr/bin/../lib/gcc/avr/4.3.3/avr5\libgcc.a(_fpcmp_parts_sf.o)
                0x00000d78                __fpcmp_parts_f
 .text          0x00000e2a        0x0 f:/embeded system diploma/iti material/tool/imt_sdk_win_64/imt_sdk_win_64/winavr/bin/../lib/gcc/avr/4.3.3/avr5\libgcc.a(_clz.o)
 .text          0x00000e2a        0x0 f:/embeded system diploma/iti material/tool/imt_sdk_win_64/imt_sdk_win_64/winavr/bin/../lib/gcc/avr/4.3.3/../../../../avr/lib/avr5\libc.a(sprintf.o)
 .text          0x00000e2a        0x0 f:/embeded system diploma/iti material/tool/imt_sdk_win_64/imt_sdk_win_64/winavr/bin/../lib/gcc/avr/4.3.3/../../../../avr/lib/avr5\libc.a(vfprintf_std.o)
 .text          0x00000e2a        0x0 f:/embeded system diploma/iti material/tool/imt_sdk_win_64/imt_sdk_win_64/winavr/bin/../lib/gcc/avr/4.3.3/../../../../avr/lib/avr5\libc.a(strnlen_P.o)
 .text          0x00000e2a        0x0 f:/embeded system diploma/iti material/tool/imt_sdk_win_64/imt_sdk_win_64/winavr/bin/../lib/gcc/avr/4.3.3/../../../../avr/lib/avr5\libc.a(strnlen.o)
 .text          0x00000e2a        0x0 f:/embeded system diploma/iti material/tool/imt_sdk_win_64/imt_sdk_win_64/winavr/bin/../lib/gcc/avr/4.3.3/../../../../avr/lib/avr5\libc.a(fputc.o)
 .text          0x00000e2a        0x0 f:/embeded system diploma/iti material/tool/imt_sdk_win_64/imt_sdk_win_64/winavr/bin/../lib/gcc/avr/4.3.3/../../../../avr/lib/avr5\libc.a(ultoa_invert.o)
                0x00000e2a                . = ALIGN (0x2)
 *(.text.*)
 .text.Create_Task
                0x00000e2a       0x36 ./RTOS/RTOS_INT.o
                0x00000e2a                Create_Task
 .text.Task_Suspend
                0x00000e60       0x1c ./RTOS/RTOS_INT.o
                0x00000e60                Task_Suspend
 .text.Task_Resume
                0x00000e7c       0x1a ./RTOS/RTOS_INT.o
                0x00000e7c                Task_Resume
 .text.Task_Delete
                0x00000e96       0x1c ./RTOS/RTOS_INT.o
                0x00000e96                Task_Delete
 .text.Schedular
                0x00000eb2       0x36 ./RTOS/RTOS_INT.o
                0x00000eb2                Schedular
 .text.RTOS_START
                0x00000ee8       0x14 ./RTOS/RTOS_INT.o
                0x00000ee8                RTOS_START
 .text.MUART_INIT
                0x00000efc       0x24 ./MCAL/UART/MCAL_UART_INT.o
                0x00000efc                MUART_INIT
 .text.UART_SEND_CHAR_BLOCKING
                0x00000f20        0x8 ./MCAL/UART/MCAL_UART_INT.o
                0x00000f20                UART_SEND_CHAR_BLOCKING
 .text.UART_SEND_STRING_BLOCKING
                0x00000f28       0x14 ./MCAL/UART/MCAL_UART_INT.o
                0x00000f28                UART_SEND_STRING_BLOCKING
 .text.UART_RECEIVE_CHAR_BLOCKING
                0x00000f3c        0x8 ./MCAL/UART/MCAL_UART_INT.o
                0x00000f3c                UART_RECEIVE_CHAR_BLOCKING
 .text.UART_RECEIVE_CHAR_POOLING
                0x00000f44        0xa ./MCAL/UART/MCAL_UART_INT.o
                0x00000f44                UART_RECEIVE_CHAR_POOLING
 .text.__vector_13
                0x00000f4e       0x4a ./MCAL/UART/MCAL_UART_INT.o
                0x00000f4e                __vector_13
 .text.__vector_14
                0x00000f98       0x4a ./MCAL/UART/MCAL_UART_INT.o
                0x00000f98                __vector_14
 .text.__vector_15
                0x00000fe2       0x4a ./MCAL/UART/MCAL_UART_INT.o
                0x00000fe2                __vector_15
 .text.MTIMER1_VoidDisable
                0x0000102c        0x2 ./MCAL/Timer_1/MCAL_TIMER1.o
                0x0000102c                MTIMER1_VoidDisable
 .text.SET_TIMER1_MAIN_MODE
                0x0000102e       0x7a ./MCAL/Timer_1/MCAL_TIMER1.o
                0x0000102e                SET_TIMER1_MAIN_MODE
 .text.SET_TIMER1_SELECT_SUB_MODE
                0x000010a8       0x9e ./MCAL/Timer_1/MCAL_TIMER1.o
                0x000010a8                SET_TIMER1_SELECT_SUB_MODE
 .text.SELECT_PRESCALER
                0x00001146       0x88 ./MCAL/Timer_1/MCAL_TIMER1.o
                0x00001146                SELECT_PRESCALER
 .text.MTIMER1_VoidInit
                0x000011ce       0x1e ./MCAL/Timer_1/MCAL_TIMER1.o
                0x000011ce                MTIMER1_VoidInit
 .text.MTIMER1_VoidSetTopValue
                0x000011ec       0x2a ./MCAL/Timer_1/MCAL_TIMER1.o
                0x000011ec                MTIMER1_VoidSetTopValue
 .text.SET_DUTYCYCLEVAL
                0x00001216       0x16 ./MCAL/Timer_1/MCAL_TIMER1.o
                0x00001216                SET_DUTYCYCLEVAL
 .text.MTIMER1_ICU_EDGE_SELECT
                0x0000122c       0x1a ./MCAL/Timer_1/MCAL_TIMER1.o
                0x0000122c                MTIMER1_ICU_EDGE_SELECT
 .text.MTIMER1_ENABLE_ICU_INTERRUPT
                0x00001246        0x8 ./MCAL/Timer_1/MCAL_TIMER1.o
                0x00001246                MTIMER1_ENABLE_ICU_INTERRUPT
 .text.MTIMER1_READ_ICU_VALUE
                0x0000124e        0x8 ./MCAL/Timer_1/MCAL_TIMER1.o
                0x0000124e                MTIMER1_READ_ICU_VALUE
 .text.MTIMER0_VoidInit
                0x00001256       0x26 ./MCAL/Timer_0/MCAL_TIMER0.o
                0x00001256                MTIMER0_VoidInit
 .text.MTIMER0_VoidDisable
                0x0000127c        0x8 ./MCAL/Timer_0/MCAL_TIMER0.o
                0x0000127c                MTIMER0_VoidDisable
 .text.MTIMER0_VoidSetPreLoad
                0x00001284        0x4 ./MCAL/Timer_0/MCAL_TIMER0.o
                0x00001284                MTIMER0_VoidSetPreLoad
 .text.TIMER_0_SET_DUTYCYCLE
                0x00001288        0x4 ./MCAL/Timer_0/MCAL_TIMER0.o
                0x00001288                TIMER_0_SET_DUTYCYCLE
 .text.TIMER0_SETCALLBACK
                0x0000128c        0xa ./MCAL/Timer_0/MCAL_TIMER0.o
                0x0000128c                TIMER0_SETCALLBACK
 .text.__vector_10
                0x00001296       0x4e ./MCAL/Timer_0/MCAL_TIMER0.o
                0x00001296                __vector_10
 .text.MWDT_Start
                0x000012e4       0x10 ./MCAL/MCAL_WDT/MCAL_WDT_INT.o
                0x000012e4                MWDT_Start
 .text.MWDT_DISABLE
                0x000012f4       0x1c ./MCAL/MCAL_WDT/MCAL_WDT_INT.o
                0x000012f4                MWDT_DISABLE
 .text.I2C_INIT
                0x00001310       0x18 ./MCAL/I2C/MCAL_I2C_INIT.o
                0x00001310                I2C_INIT
 .text.I2C_START
                0x00001328        0xc ./MCAL/I2C/MCAL_I2C_INIT.o
                0x00001328                I2C_START
 .text.I2C_WRITE
                0x00001334       0x1c ./MCAL/I2C/MCAL_I2C_INIT.o
                0x00001334                I2C_WRITE
 .text.I2C_READ_WITH_ACK
                0x00001350       0x1c ./MCAL/I2C/MCAL_I2C_INIT.o
                0x00001350                I2C_READ_WITH_ACK
 .text.I2C_STOP
                0x0000136c        0x6 ./MCAL/I2C/MCAL_I2C_INIT.o
                0x0000136c                I2C_STOP
 .text.I2C_GETSTATUS
                0x00001372        0x6 ./MCAL/I2C/MCAL_I2C_INIT.o
                0x00001372                I2C_GETSTATUS
 .text.__vector_19
                0x00001378       0x4a ./MCAL/I2C/MCAL_I2C_INIT.o
                0x00001378                __vector_19
 .text.MEXTI0_voidInit
                0x000013c2       0x1a ./MCAL/External_Interrupt/MCAL_EXT_INT.o
                0x000013c2                MEXTI0_voidInit
 .text.MEXTI1_voidInit
                0x000013dc       0x1a ./MCAL/External_Interrupt/MCAL_EXT_INT.o
                0x000013dc                MEXTI1_voidInit
 .text.MEXTI2_voidInit
                0x000013f6       0x14 ./MCAL/External_Interrupt/MCAL_EXT_INT.o
                0x000013f6                MEXTI2_voidInit
 .text.EXT_CALLBACK
                0x0000140a       0x2a ./MCAL/External_Interrupt/MCAL_EXT_INT.o
                0x0000140a                EXT_CALLBACK
 .text.__vector_1
                0x00001434       0x4e ./MCAL/External_Interrupt/MCAL_EXT_INT.o
                0x00001434                __vector_1
 .text.__vector_2
                0x00001482       0x4e ./MCAL/External_Interrupt/MCAL_EXT_INT.o
                0x00001482                __vector_2
 .text.__vector_3
                0x000014d0       0x4e ./MCAL/External_Interrupt/MCAL_EXT_INT.o
                0x000014d0                __vector_3
 .text.DIO_PIN_WRITE_LOGIC_M
                0x0000151e       0xe6 ./MCAL/DIO/MCAL_DIO_PROGRAM.o
                0x0000151e                DIO_PIN_WRITE_LOGIC_M
 .text.DIO_PIN_DIRECTION_INIT_M
                0x00001604       0xe2 ./MCAL/DIO/MCAL_DIO_PROGRAM.o
                0x00001604                DIO_PIN_DIRECTION_INIT_M
 .text.DIO_PIN_TOGGLE_LOGIC_M
                0x000016e6       0x6a ./MCAL/DIO/MCAL_DIO_PROGRAM.o
                0x000016e6                DIO_PIN_TOGGLE_LOGIC_M
 .text.DIO_PIN_READ_LOGIC_LEVEL_M
                0x00001750       0x3e ./MCAL/DIO/MCAL_DIO_PROGRAM.o
                0x00001750                DIO_PIN_READ_LOGIC_LEVEL_M
 .text.DIO_PORT_WRITE_LOGIC_M
                0x0000178e       0x22 ./MCAL/DIO/MCAL_DIO_PROGRAM.o
                0x0000178e                DIO_PORT_WRITE_LOGIC_M
 .text.DIO_PORT_SET_DIRECTION_M
                0x000017b0       0x22 ./MCAL/DIO/MCAL_DIO_PROGRAM.o
                0x000017b0                DIO_PORT_SET_DIRECTION_M
 .text.PORT_DIRECTION_INIT
                0x000017d2       0x12 ./MCAL/DIO/MCAL_DIO_PROGRAM.o
                0x000017d2                PORT_DIRECTION_INIT
 .text.PORT_LOGICLEVEL_INIT
                0x000017e4        0xc ./MCAL/DIO/MCAL_DIO_PROGRAM.o
                0x000017e4                PORT_LOGICLEVEL_INIT
 .text.MADC_voidInit
                0x000017f0       0x10 ./MCAL/M_ADC_INT.o
                0x000017f0                MADC_voidInit
 .text.MADC_u16_GetVal_BLOCKING
                0x00001800       0x18 ./MCAL/M_ADC_INT.o
                0x00001800                MADC_u16_GetVal_BLOCKING
 .text.MADC_u16_GetVal_INTERRUPT
                0x00001818       0x18 ./MCAL/M_ADC_INT.o
                0x00001818                MADC_u16_GetVal_INTERRUPT
 .text.MADC_u16_GetVal_POOLING
                0x00001830       0x14 ./MCAL/M_ADC_INT.o
                0x00001830                MADC_u16_GetVal_POOLING
 .text.Mapping_Values
                0x00001844       0xe4 ./MCAL/M_ADC_INT.o
                0x00001844                Mapping_Values
 .text.HAL_LED_TOGGLE
                0x00001928        0x6 ./HAL/LED/HAL_LED.o
                0x00001928                HAL_LED_TOGGLE
 .text.HAL_LED_OFF
                0x0000192e        0x8 ./HAL/LED/HAL_LED.o
                0x0000192e                HAL_LED_OFF
 .text.HAL_LED_ON
                0x00001936        0x8 ./HAL/LED/HAL_LED.o
                0x00001936                HAL_LED_ON
 .text.convert_uint16_to_string
                0x0000193e       0x56 ./HAL/LCD/hal_lcd.o
                0x0000193e                convert_uint16_to_string
 .text.convert_uint8_to_string
                0x00001994       0x5a ./HAL/LCD/hal_lcd.o
                0x00001994                convert_uint8_to_string
 .text.convert_uint32_to_string
                0x000019ee       0x6a ./HAL/LCD/hal_lcd.o
                0x000019ee                convert_uint32_to_string
 .text.HLCD_Send_Command_4bit
                0x00001a58       0x76 ./HAL/LCD/hal_lcd.o
                0x00001a58                HLCD_Send_Command_4bit
 .text.HLCD_INIT_4bit
                0x00001ace       0x50 ./HAL/LCD/hal_lcd.o
                0x00001ace                HLCD_INIT_4bit
 .text.HLCD_Send_String_8bit
                0x00001b1e       0x56 ./HAL/LCD/hal_lcd.o
                0x00001b1e                HLCD_Send_String_8bit
 .text.HLCD_Send_char_8bit
                0x00001b74       0x40 ./HAL/LCD/hal_lcd.o
                0x00001b74                HLCD_Send_char_8bit
 .text.HLCD_Send_Float1
                0x00001bb4       0xa4 ./HAL/LCD/hal_lcd.o
                0x00001bb4                HLCD_Send_Float1
 .text.HLCD_Send_Command_8bit
                0x00001c58       0x40 ./HAL/LCD/hal_lcd.o
                0x00001c58                HLCD_Send_Command_8bit
 .text.HLCD_Send_char_Position_8bit
                0x00001c98       0x44 ./HAL/LCD/hal_lcd.o
                0x00001c98                HLCD_Send_char_Position_8bit
 .text.HLCD_Send_CursorPosition_8bit
                0x00001cdc       0x3e ./HAL/LCD/hal_lcd.o
                0x00001cdc                HLCD_Send_CursorPosition_8bit
 .text.HLCD_Send_String_Position_8bit
                0x00001d1a       0x48 ./HAL/LCD/hal_lcd.o
                0x00001d1a                HLCD_Send_String_Position_8bit
 .text.SEND_U16_8BIT
                0x00001d62       0x52 ./HAL/LCD/hal_lcd.o
                0x00001d62                SEND_U16_8BIT
 .text.HLCD_INIT_8bit
                0x00001db4       0x34 ./HAL/LCD/hal_lcd.o
                0x00001db4                HLCD_INIT_8bit
 .text.keypad_readd
                0x00001de8       0xf2 ./HAL/KEYPAD/keypad.o
                0x00001de8                keypad_readd
 .text.keypad_read_4
                0x00001eda       0xb0 ./HAL/KEYPAD/keypad.o
                0x00001eda                keypad_read_4
 .text.keypad_read_2
                0x00001f8a       0xd4 ./HAL/KEYPAD/keypad.o
                0x00001f8a                keypad_read_2
 .text.keypad_read_1
                0x0000205e       0xce ./HAL/KEYPAD/keypad.o
                0x0000205e                keypad_read_1
 .text.keypad_read
                0x0000212c       0xb8 ./HAL/KEYPAD/keypad.o
                0x0000212c                keypad_read
 .text.HEEPROM_READ
                0x000021e4       0x38 ./HAL/EXT_EEPROM/HAL_EEPROM_INT.o
                0x000021e4                HEEPROM_READ
 .text.HEEPROM_READ_STRING
                0x0000221c       0x42 ./HAL/EXT_EEPROM/HAL_EEPROM_INT.o
                0x0000221c                HEEPROM_READ_STRING
 .text.HEEPROM_WRITE
                0x0000225e       0x28 ./HAL/EXT_EEPROM/HAL_EEPROM_INT.o
                0x0000225e                HEEPROM_WRITE
 .text.HEEPROM_WRITE_STRING
                0x00002286       0x62 ./HAL/EXT_EEPROM/HAL_EEPROM_INT.o
                0x00002286                HEEPROM_WRITE_STRING
 .text.ACCOUNT_CHECK
                0x000022e8        0x2 ./dio_led.o
                0x000022e8                ACCOUNT_CHECK
 .text.SET_DEFAULT_USER_PASS
                0x000022ea       0x22 ./dio_led.o
                0x000022ea                SET_DEFAULT_USER_PASS
 .text.CHANGE_PASSWORD
                0x0000230c       0x60 ./dio_led.o
                0x0000230c                CHANGE_PASSWORD
 .text.GET_NEW_USER
                0x0000236c       0x70 ./dio_led.o
                0x0000236c                GET_NEW_USER
 .text.ENTER_NEW_PASS_FRAME
                0x000023dc       0x18 ./dio_led.o
                0x000023dc                ENTER_NEW_PASS_FRAME
 .text.ENTER_PASS_FRAME
                0x000023f4       0x18 ./dio_led.o
                0x000023f4                ENTER_PASS_FRAME
 .text.ENTER_USER_FRAME
                0x0000240c       0x18 ./dio_led.o
                0x0000240c                ENTER_USER_FRAME
 .text.RTOS_INIT
                0x00002424       0x48 ./dio_led.o
                0x00002424                RTOS_INIT
 .text.READ_LDR
                0x0000246c       0x28 ./dio_led.o
                0x0000246c                READ_LDR
 .text.ADD_USER_FRAME
                0x00002494       0x1c ./dio_led.o
                0x00002494                ADD_USER_FRAME
 .text.CHANGE_PASSWORD_FRAME
                0x000024b0       0x4c ./dio_led.o
                0x000024b0                CHANGE_PASSWORD_FRAME
 .text.IDLE_STATE
                0x000024fc       0x3e ./dio_led.o
                0x000024fc                IDLE_STATE
 .text.IDLE_FRAME
                0x0000253a       0x2c ./dio_led.o
                0x0000253a                IDLE_FRAME
 .text.GET_NEW_PASS
                0x00002566       0xa8 ./dio_led.o
                0x00002566                GET_NEW_PASS
 .text.READ_LM35
                0x0000260e       0x6e ./dio_led.o
                0x0000260e                READ_LM35
 .text.BLUETOOTH_SYSTEM_OPENED
                0x0000267c      0x160 ./dio_led.o
                0x0000267c                BLUETOOTH_SYSTEM_OPENED
 .text.WRONG_USER_FRAME
                0x000027dc       0x34 ./dio_led.o
                0x000027dc                WRONG_USER_FRAME
 .text.WRONG_PASS_FRAME
                0x00002810       0x34 ./dio_led.o
                0x00002810                WRONG_PASS_FRAME
 .text.COMPARE_PASSWORD
                0x00002844       0xe8 ./dio_led.o
                0x00002844                COMPARE_PASSWORD
 .text.COMPARE_USER
                0x0000292c      0x134 ./dio_led.o
                0x0000292c                COMPARE_USER
 .text.GET_ACCOUNT
                0x00002a60       0x7e ./dio_led.o
                0x00002a60                GET_ACCOUNT
 .text.main     0x00002ade      0x14e ./dio_led.o
                0x00002ade                main
 .text.libgcc   0x00002c2c        0x0 f:/embeded system diploma/iti material/tool/imt_sdk_win_64/imt_sdk_win_64/winavr/bin/../lib/gcc/avr/4.3.3/avr5\libgcc.a(_exit.o)
 .text.libgcc   0x00002c2c        0x0 f:/embeded system diploma/iti material/tool/imt_sdk_win_64/imt_sdk_win_64/winavr/bin/../lib/gcc/avr/4.3.3/avr5\libgcc.a(_copy_data.o)
 .text.libgcc   0x00002c2c        0x0 f:/embeded system diploma/iti material/tool/imt_sdk_win_64/imt_sdk_win_64/winavr/bin/../lib/gcc/avr/4.3.3/avr5\libgcc.a(_clear_bss.o)
 .text.libgcc   0x00002c2c       0x38 f:/embeded system diploma/iti material/tool/imt_sdk_win_64/imt_sdk_win_64/winavr/bin/../lib/gcc/avr/4.3.3/avr5\libgcc.a(_prologue.o)
                0x00002c2c                __prologue_saves__
 .text.libgcc   0x00002c64       0x36 f:/embeded system diploma/iti material/tool/imt_sdk_win_64/imt_sdk_win_64/winavr/bin/../lib/gcc/avr/4.3.3/avr5\libgcc.a(_epilogue.o)
                0x00002c64                __epilogue_restores__
 .text.avr-libc
                0x00002c9a       0x48 f:/embeded system diploma/iti material/tool/imt_sdk_win_64/imt_sdk_win_64/winavr/bin/../lib/gcc/avr/4.3.3/../../../../avr/lib/avr5\libc.a(sprintf.o)
                0x00002c9a                sprintf
 .text.avr-libc
                0x00002ce2      0x3ba f:/embeded system diploma/iti material/tool/imt_sdk_win_64/imt_sdk_win_64/winavr/bin/../lib/gcc/avr/4.3.3/../../../../avr/lib/avr5\libc.a(vfprintf_std.o)
                0x00002ce2                vfprintf
 .text.avr-libc
                0x0000309c       0x16 f:/embeded system diploma/iti material/tool/imt_sdk_win_64/imt_sdk_win_64/winavr/bin/../lib/gcc/avr/4.3.3/../../../../avr/lib/avr5\libc.a(strnlen_P.o)
                0x0000309c                strnlen_P
 .text.avr-libc
                0x000030b2       0x16 f:/embeded system diploma/iti material/tool/imt_sdk_win_64/imt_sdk_win_64/winavr/bin/../lib/gcc/avr/4.3.3/../../../../avr/lib/avr5\libc.a(strnlen.o)
                0x000030b2                strnlen
 .text.avr-libc
                0x000030c8       0x58 f:/embeded system diploma/iti material/tool/imt_sdk_win_64/imt_sdk_win_64/winavr/bin/../lib/gcc/avr/4.3.3/../../../../avr/lib/avr5\libc.a(fputc.o)
                0x000030c8                fputc
 .text.avr-libc
                0x00003120       0xbc f:/embeded system diploma/iti material/tool/imt_sdk_win_64/imt_sdk_win_64/winavr/bin/../lib/gcc/avr/4.3.3/../../../../avr/lib/avr5\libc.a(ultoa_invert.o)
                0x00003120                __ultoa_invert
                0x000031dc                . = ALIGN (0x2)
 *(.fini9)
 .fini9         0x000031dc        0x0 f:/embeded system diploma/iti material/tool/imt_sdk_win_64/imt_sdk_win_64/winavr/bin/../lib/gcc/avr/4.3.3/avr5\libgcc.a(_exit.o)
                0x000031dc                exit
                0x000031dc                _exit
 *(.fini9)
 *(.fini8)
 *(.fini8)
 *(.fini7)
 *(.fini7)
 *(.fini6)
 *(.fini6)
 *(.fini5)
 *(.fini5)
 *(.fini4)
 *(.fini4)
 *(.fini3)
 *(.fini3)
 *(.fini2)
 *(.fini2)
 *(.fini1)
 *(.fini1)
 *(.fini0)
 .fini0         0x000031dc        0x4 f:/embeded system diploma/iti material/tool/imt_sdk_win_64/imt_sdk_win_64/winavr/bin/../lib/gcc/avr/4.3.3/avr5\libgcc.a(_exit.o)
 *(.fini0)
                0x000031e0                _etext = .

.data           0x00800060      0x27c load address 0x000031e0
                0x00800060                PROVIDE (__data_start, .)
 *(.data)
 .data          0x00800060        0x0 f:/embeded system diploma/iti material/tool/imt_sdk_win_64/imt_sdk_win_64/winavr/bin/../lib/gcc/avr/4.3.3/../../../../avr/lib/avr5/crtm32.o
 .data          0x00800060        0x0 ./RTOS/RTOS_INT.o
 .data          0x00800060        0x0 ./MCAL/UART/MCAL_UART_INT.o
 .data          0x00800060        0x0 ./MCAL/Timer_1/MCAL_TIMER1.o
 .data          0x00800060        0x0 ./MCAL/Timer_0/MCAL_TIMER0.o
 .data          0x00800060        0x0 ./MCAL/SPI/SPI_INT.o
 .data          0x00800060        0x0 ./MCAL/MCAL_WDT/MCAL_WDT_INT.o
 .data          0x00800060        0x0 ./MCAL/I2C/MCAL_I2C_INIT.o
 .data          0x00800060        0x0 ./MCAL/GLOBAL_INTERRUPT/GLOBAL_INT.o
 .data          0x00800060        0x0 ./MCAL/External_Interrupt/MCAL_EXT_INT.o
 .data          0x00800060        0x0 ./MCAL/DIO/MCAL_DIO_PROGRAM.o
 .data          0x00800060        0x0 ./MCAL/M_ADC_INT.o
 .data          0x00800060        0x0 ./HAL/SERVO/HAL_SERVE.o
 .data          0x00800060        0x0 ./HAL/LED/HAL_LED.o
 .data          0x00800060        0x3 ./HAL/LCD/hal_lcd.o
 .data          0x00800063        0x0 ./HAL/KEYPAD/keypad.o
 .data          0x00800063        0x0 ./HAL/EXT_EEPROM/HAL_EEPROM_INT.o
 .data          0x00800063      0x157 ./dio_led.o
 .data          0x008001ba        0x0 f:/embeded system diploma/iti material/tool/imt_sdk_win_64/imt_sdk_win_64/winavr/bin/../lib/gcc/avr/4.3.3/avr5\libgcc.a(_exit.o)
 .data          0x008001ba        0x0 f:/embeded system diploma/iti material/tool/imt_sdk_win_64/imt_sdk_win_64/winavr/bin/../lib/gcc/avr/4.3.3/avr5\libgcc.a(_copy_data.o)
 .data          0x008001ba        0x0 f:/embeded system diploma/iti material/tool/imt_sdk_win_64/imt_sdk_win_64/winavr/bin/../lib/gcc/avr/4.3.3/avr5\libgcc.a(_clear_bss.o)
 .data          0x008001ba        0x0 f:/embeded system diploma/iti material/tool/imt_sdk_win_64/imt_sdk_win_64/winavr/bin/../lib/gcc/avr/4.3.3/avr5\libgcc.a(_fixunssfsi.o)
 .data          0x008001ba        0x0 f:/embeded system diploma/iti material/tool/imt_sdk_win_64/imt_sdk_win_64/winavr/bin/../lib/gcc/avr/4.3.3/avr5\libgcc.a(_addsub_sf.o)
 .data          0x008001ba        0x0 f:/embeded system diploma/iti material/tool/imt_sdk_win_64/imt_sdk_win_64/winavr/bin/../lib/gcc/avr/4.3.3/avr5\libgcc.a(_mul_sf.o)
 .data          0x008001ba        0x0 f:/embeded system diploma/iti material/tool/imt_sdk_win_64/imt_sdk_win_64/winavr/bin/../lib/gcc/avr/4.3.3/avr5\libgcc.a(_div_sf.o)
 .data          0x008001ba        0x0 f:/embeded system diploma/iti material/tool/imt_sdk_win_64/imt_sdk_win_64/winavr/bin/../lib/gcc/avr/4.3.3/avr5\libgcc.a(_ge_sf.o)
 .data          0x008001ba        0x0 f:/embeded system diploma/iti material/tool/imt_sdk_win_64/imt_sdk_win_64/winavr/bin/../lib/gcc/avr/4.3.3/avr5\libgcc.a(_si_to_sf.o)
 .data          0x008001ba        0x0 f:/embeded system diploma/iti material/tool/imt_sdk_win_64/imt_sdk_win_64/winavr/bin/../lib/gcc/avr/4.3.3/avr5\libgcc.a(_sf_to_si.o)
 .data          0x008001ba        0x8 f:/embeded system diploma/iti material/tool/imt_sdk_win_64/imt_sdk_win_64/winavr/bin/../lib/gcc/avr/4.3.3/avr5\libgcc.a(_thenan_sf.o)
                0x008001ba                __thenan_sf
 .data          0x008001c2        0x0 f:/embeded system diploma/iti material/tool/imt_sdk_win_64/imt_sdk_win_64/winavr/bin/../lib/gcc/avr/4.3.3/avr5\libgcc.a(_usi_to_sf.o)
 .data          0x008001c2        0x0 f:/embeded system diploma/iti material/tool/imt_sdk_win_64/imt_sdk_win_64/winavr/bin/../lib/gcc/avr/4.3.3/avr5\libgcc.a(_prologue.o)
 .data          0x008001c2        0x0 f:/embeded system diploma/iti material/tool/imt_sdk_win_64/imt_sdk_win_64/winavr/bin/../lib/gcc/avr/4.3.3/avr5\libgcc.a(_epilogue.o)
 .data          0x008001c2        0x0 f:/embeded system diploma/iti material/tool/imt_sdk_win_64/imt_sdk_win_64/winavr/bin/../lib/gcc/avr/4.3.3/avr5\libgcc.a(_clzsi2.o)
 .data          0x008001c2        0x0 f:/embeded system diploma/iti material/tool/imt_sdk_win_64/imt_sdk_win_64/winavr/bin/../lib/gcc/avr/4.3.3/avr5\libgcc.a(_pack_sf.o)
 .data          0x008001c2        0x0 f:/embeded system diploma/iti material/tool/imt_sdk_win_64/imt_sdk_win_64/winavr/bin/../lib/gcc/avr/4.3.3/avr5\libgcc.a(_unpack_sf.o)
 .data          0x008001c2        0x0 f:/embeded system diploma/iti material/tool/imt_sdk_win_64/imt_sdk_win_64/winavr/bin/../lib/gcc/avr/4.3.3/avr5\libgcc.a(_fpcmp_parts_sf.o)
 .data          0x008001c2      0x100 f:/embeded system diploma/iti material/tool/imt_sdk_win_64/imt_sdk_win_64/winavr/bin/../lib/gcc/avr/4.3.3/avr5\libgcc.a(_clz.o)
                0x008001c2                __clz_tab
 .data          0x008002c2        0x0 f:/embeded system diploma/iti material/tool/imt_sdk_win_64/imt_sdk_win_64/winavr/bin/../lib/gcc/avr/4.3.3/../../../../avr/lib/avr5\libc.a(sprintf.o)
 .data          0x008002c2        0x0 f:/embeded system diploma/iti material/tool/imt_sdk_win_64/imt_sdk_win_64/winavr/bin/../lib/gcc/avr/4.3.3/../../../../avr/lib/avr5\libc.a(vfprintf_std.o)
 .data          0x008002c2        0x0 f:/embeded system diploma/iti material/tool/imt_sdk_win_64/imt_sdk_win_64/winavr/bin/../lib/gcc/avr/4.3.3/../../../../avr/lib/avr5\libc.a(strnlen_P.o)
 .data          0x008002c2        0x0 f:/embeded system diploma/iti material/tool/imt_sdk_win_64/imt_sdk_win_64/winavr/bin/../lib/gcc/avr/4.3.3/../../../../avr/lib/avr5\libc.a(strnlen.o)
 .data          0x008002c2        0x0 f:/embeded system diploma/iti material/tool/imt_sdk_win_64/imt_sdk_win_64/winavr/bin/../lib/gcc/avr/4.3.3/../../../../avr/lib/avr5\libc.a(fputc.o)
 .data          0x008002c2        0x0 f:/embeded system diploma/iti material/tool/imt_sdk_win_64/imt_sdk_win_64/winavr/bin/../lib/gcc/avr/4.3.3/../../../../avr/lib/avr5\libc.a(ultoa_invert.o)
 *(.data*)
 .data.column_port_pins
                0x008002c2        0x4 ./HAL/KEYPAD/keypad.o
                0x008002c2                column_port_pins
 .data.row_port_pins
                0x008002c6        0x4 ./HAL/KEYPAD/keypad.o
                0x008002c6                row_port_pins
 .data.button_pos
                0x008002ca       0x10 ./HAL/KEYPAD/keypad.o
                0x008002ca                button_pos
 .data.SIGN_STATE
                0x008002da        0x1 ./dio_led.o
                0x008002da                SIGN_STATE
 *(.rodata)
 *(.rodata*)
 *(.gnu.linkonce.d*)
                0x008002dc                . = ALIGN (0x2)
 *fill*         0x008002db        0x1 00
                0x008002dc                _edata = .
                0x008002dc                PROVIDE (__data_end, .)

.bss            0x008002dc       0x50
                0x008002dc                PROVIDE (__bss_start, .)
 *(.bss)
 .bss           0x008002dc        0x0 f:/embeded system diploma/iti material/tool/imt_sdk_win_64/imt_sdk_win_64/winavr/bin/../lib/gcc/avr/4.3.3/../../../../avr/lib/avr5/crtm32.o
 .bss           0x008002dc        0x0 ./RTOS/RTOS_INT.o
 .bss           0x008002dc        0x0 ./MCAL/UART/MCAL_UART_INT.o
 .bss           0x008002dc        0x0 ./MCAL/Timer_1/MCAL_TIMER1.o
 .bss           0x008002dc        0x0 ./MCAL/Timer_0/MCAL_TIMER0.o
 .bss           0x008002dc        0x0 ./MCAL/SPI/SPI_INT.o
 .bss           0x008002dc        0x0 ./MCAL/MCAL_WDT/MCAL_WDT_INT.o
 .bss           0x008002dc        0x0 ./MCAL/I2C/MCAL_I2C_INIT.o
 .bss           0x008002dc        0x0 ./MCAL/GLOBAL_INTERRUPT/GLOBAL_INT.o
 .bss           0x008002dc        0x0 ./MCAL/External_Interrupt/MCAL_EXT_INT.o
 .bss           0x008002dc        0x0 ./MCAL/DIO/MCAL_DIO_PROGRAM.o
 .bss           0x008002dc        0x0 ./MCAL/M_ADC_INT.o
 .bss           0x008002dc        0x0 ./HAL/SERVO/HAL_SERVE.o
 .bss           0x008002dc        0x0 ./HAL/LED/HAL_LED.o
 .bss           0x008002dc        0x0 ./HAL/LCD/hal_lcd.o
 .bss           0x008002dc        0x0 ./HAL/KEYPAD/keypad.o
 .bss           0x008002dc        0x0 ./HAL/EXT_EEPROM/HAL_EEPROM_INT.o
 .bss           0x008002dc        0x0 ./dio_led.o
 .bss           0x008002dc        0x0 f:/embeded system diploma/iti material/tool/imt_sdk_win_64/imt_sdk_win_64/winavr/bin/../lib/gcc/avr/4.3.3/avr5\libgcc.a(_exit.o)
 .bss           0x008002dc        0x0 f:/embeded system diploma/iti material/tool/imt_sdk_win_64/imt_sdk_win_64/winavr/bin/../lib/gcc/avr/4.3.3/avr5\libgcc.a(_copy_data.o)
 .bss           0x008002dc        0x0 f:/embeded system diploma/iti material/tool/imt_sdk_win_64/imt_sdk_win_64/winavr/bin/../lib/gcc/avr/4.3.3/avr5\libgcc.a(_clear_bss.o)
 .bss           0x008002dc        0x0 f:/embeded system diploma/iti material/tool/imt_sdk_win_64/imt_sdk_win_64/winavr/bin/../lib/gcc/avr/4.3.3/avr5\libgcc.a(_fixunssfsi.o)
 .bss           0x008002dc        0x0 f:/embeded system diploma/iti material/tool/imt_sdk_win_64/imt_sdk_win_64/winavr/bin/../lib/gcc/avr/4.3.3/avr5\libgcc.a(_addsub_sf.o)
 .bss           0x008002dc        0x0 f:/embeded system diploma/iti material/tool/imt_sdk_win_64/imt_sdk_win_64/winavr/bin/../lib/gcc/avr/4.3.3/avr5\libgcc.a(_mul_sf.o)
 .bss           0x008002dc        0x0 f:/embeded system diploma/iti material/tool/imt_sdk_win_64/imt_sdk_win_64/winavr/bin/../lib/gcc/avr/4.3.3/avr5\libgcc.a(_div_sf.o)
 .bss           0x008002dc        0x0 f:/embeded system diploma/iti material/tool/imt_sdk_win_64/imt_sdk_win_64/winavr/bin/../lib/gcc/avr/4.3.3/avr5\libgcc.a(_ge_sf.o)
 .bss           0x008002dc        0x0 f:/embeded system diploma/iti material/tool/imt_sdk_win_64/imt_sdk_win_64/winavr/bin/../lib/gcc/avr/4.3.3/avr5\libgcc.a(_si_to_sf.o)
 .bss           0x008002dc        0x0 f:/embeded system diploma/iti material/tool/imt_sdk_win_64/imt_sdk_win_64/winavr/bin/../lib/gcc/avr/4.3.3/avr5\libgcc.a(_sf_to_si.o)
 .bss           0x008002dc        0x0 f:/embeded system diploma/iti material/tool/imt_sdk_win_64/imt_sdk_win_64/winavr/bin/../lib/gcc/avr/4.3.3/avr5\libgcc.a(_thenan_sf.o)
 .bss           0x008002dc        0x0 f:/embeded system diploma/iti material/tool/imt_sdk_win_64/imt_sdk_win_64/winavr/bin/../lib/gcc/avr/4.3.3/avr5\libgcc.a(_usi_to_sf.o)
 .bss           0x008002dc        0x0 f:/embeded system diploma/iti material/tool/imt_sdk_win_64/imt_sdk_win_64/winavr/bin/../lib/gcc/avr/4.3.3/avr5\libgcc.a(_prologue.o)
 .bss           0x008002dc        0x0 f:/embeded system diploma/iti material/tool/imt_sdk_win_64/imt_sdk_win_64/winavr/bin/../lib/gcc/avr/4.3.3/avr5\libgcc.a(_epilogue.o)
 .bss           0x008002dc        0x0 f:/embeded system diploma/iti material/tool/imt_sdk_win_64/imt_sdk_win_64/winavr/bin/../lib/gcc/avr/4.3.3/avr5\libgcc.a(_clzsi2.o)
 .bss           0x008002dc        0x0 f:/embeded system diploma/iti material/tool/imt_sdk_win_64/imt_sdk_win_64/winavr/bin/../lib/gcc/avr/4.3.3/avr5\libgcc.a(_pack_sf.o)
 .bss           0x008002dc        0x0 f:/embeded system diploma/iti material/tool/imt_sdk_win_64/imt_sdk_win_64/winavr/bin/../lib/gcc/avr/4.3.3/avr5\libgcc.a(_unpack_sf.o)
 .bss           0x008002dc        0x0 f:/embeded system diploma/iti material/tool/imt_sdk_win_64/imt_sdk_win_64/winavr/bin/../lib/gcc/avr/4.3.3/avr5\libgcc.a(_fpcmp_parts_sf.o)
 .bss           0x008002dc        0x0 f:/embeded system diploma/iti material/tool/imt_sdk_win_64/imt_sdk_win_64/winavr/bin/../lib/gcc/avr/4.3.3/avr5\libgcc.a(_clz.o)
 .bss           0x008002dc        0x0 f:/embeded system diploma/iti material/tool/imt_sdk_win_64/imt_sdk_win_64/winavr/bin/../lib/gcc/avr/4.3.3/../../../../avr/lib/avr5\libc.a(sprintf.o)
 .bss           0x008002dc        0x0 f:/embeded system diploma/iti material/tool/imt_sdk_win_64/imt_sdk_win_64/winavr/bin/../lib/gcc/avr/4.3.3/../../../../avr/lib/avr5\libc.a(vfprintf_std.o)
 .bss           0x008002dc        0x0 f:/embeded system diploma/iti material/tool/imt_sdk_win_64/imt_sdk_win_64/winavr/bin/../lib/gcc/avr/4.3.3/../../../../avr/lib/avr5\libc.a(strnlen_P.o)
 .bss           0x008002dc        0x0 f:/embeded system diploma/iti material/tool/imt_sdk_win_64/imt_sdk_win_64/winavr/bin/../lib/gcc/avr/4.3.3/../../../../avr/lib/avr5\libc.a(strnlen.o)
 .bss           0x008002dc        0x0 f:/embeded system diploma/iti material/tool/imt_sdk_win_64/imt_sdk_win_64/winavr/bin/../lib/gcc/avr/4.3.3/../../../../avr/lib/avr5\libc.a(fputc.o)
 .bss           0x008002dc        0x0 f:/embeded system diploma/iti material/tool/imt_sdk_win_64/imt_sdk_win_64/winavr/bin/../lib/gcc/avr/4.3.3/../../../../avr/lib/avr5\libc.a(ultoa_invert.o)
 *(.bss*)
 .bss.Tasks     0x008002dc       0x23 ./RTOS/RTOS_INT.o
                0x008002dc                Tasks
 .bss.TIMER0_CALLBACK
                0x008002ff        0x2 ./MCAL/Timer_0/MCAL_TIMER0.o
                0x008002ff                TIMER0_CALLBACK
 .bss.EXT_INT2  0x00800301        0x2 ./MCAL/External_Interrupt/MCAL_EXT_INT.o
 .bss.EXT_INT1  0x00800303        0x2 ./MCAL/External_Interrupt/MCAL_EXT_INT.o
 .bss.EXT_INT0  0x00800305        0x2 ./MCAL/External_Interrupt/MCAL_EXT_INT.o
 .bss.kp_val    0x00800307        0x1 ./dio_led.o
                0x00800307                kp_val
 .bss.USER_POS_
                0x00800308        0x1 ./dio_led.o
                0x00800308                USER_POS_
 .bss.PASS_POS  0x00800309        0x1 ./dio_led.o
                0x00800309                PASS_POS
 .bss.PASS_POS_
                0x0080030a        0x1 ./dio_led.o
                0x0080030a                PASS_POS_
 .bss.tasks_state
                0x0080030b        0x1 ./dio_led.o
                0x0080030b                tasks_state
 .bss.DEF_USER  0x0080030c        0x4 ./dio_led.o
                0x0080030c                DEF_USER
 .bss.DEF_EEPROM
                0x00800310        0x4 ./dio_led.o
                0x00800310                DEF_EEPROM
 .bss.DEF_PASSWORD
                0x00800314        0x4 ./dio_led.o
                0x00800314                DEF_PASSWORD
 .bss.number_Of_user
                0x00800318        0x1 ./dio_led.o
                0x00800318                number_Of_user
 .bss.entry     0x00800319        0x2 ./dio_led.o
                0x00800319                entry
 .bss.OPEN_CHANGE_FLAG
                0x0080031b        0x2 ./dio_led.o
                0x0080031b                OPEN_CHANGE_FLAG
 .bss.LDR_VAL   0x0080031d        0x2 ./dio_led.o
                0x0080031d                LDR_VAL
 .bss.LM35_VAL  0x0080031f        0x2 ./dio_led.o
                0x0080031f                LM35_VAL
 .bss.S_address.2132
                0x00800321        0x1 ./dio_led.o
 .bss.S_address.2114
                0x00800322        0x1 ./dio_led.o
 .bss.pass_pos.1999
                0x00800323        0x2 ./dio_led.o
 .bss.user_pos.1969
                0x00800325        0x2 ./dio_led.o
 *(COMMON)
 COMMON         0x00800327        0x5 ./dio_led.o
                0x00800327                compared_password_pos
                0x00800328                kp_state
                0x00800329                counter
                0x0080032b                New_User_Address
                0x0080032c                PROVIDE (__bss_end, .)
                0x000031e0                __data_load_start = LOADADDR (.data)
                0x0000345c                __data_load_end = (__data_load_start + SIZEOF (.data))

.noinit         0x0080032c        0x0
                0x0080032c                PROVIDE (__noinit_start, .)
 *(.noinit*)
                0x0080032c                PROVIDE (__noinit_end, .)
                0x0080032c                _end = .
                0x0080032c                PROVIDE (__heap_start, .)

.eeprom         0x00810000        0x0
 *(.eeprom*)
                0x00810000                __eeprom_end = .

.fuse
 *(.fuse)
 *(.lfuse)
 *(.hfuse)
 *(.efuse)

.lock
 *(.lock*)

.signature
 *(.signature*)

.stab
 *(.stab)

.stabstr
 *(.stabstr)

.stab.excl
 *(.stab.excl)

.stab.exclstr
 *(.stab.exclstr)

.stab.index
 *(.stab.index)

.stab.indexstr
 *(.stab.indexstr)

.comment
 *(.comment)

.debug
 *(.debug)

.line
 *(.line)

.debug_srcinfo
 *(.debug_srcinfo)

.debug_sfnames
 *(.debug_sfnames)

.debug_aranges  0x00000000      0x180
 *(.debug_aranges)
 .debug_aranges
                0x00000000       0x20 f:/embeded system diploma/iti material/tool/imt_sdk_win_64/imt_sdk_win_64/winavr/bin/../lib/gcc/avr/4.3.3/avr5\libgcc.a(_fixunssfsi.o)
 .debug_aranges
                0x00000020       0x20 f:/embeded system diploma/iti material/tool/imt_sdk_win_64/imt_sdk_win_64/winavr/bin/../lib/gcc/avr/4.3.3/avr5\libgcc.a(_addsub_sf.o)
 .debug_aranges
                0x00000040       0x20 f:/embeded system diploma/iti material/tool/imt_sdk_win_64/imt_sdk_win_64/winavr/bin/../lib/gcc/avr/4.3.3/avr5\libgcc.a(_mul_sf.o)
 .debug_aranges
                0x00000060       0x20 f:/embeded system diploma/iti material/tool/imt_sdk_win_64/imt_sdk_win_64/winavr/bin/../lib/gcc/avr/4.3.3/avr5\libgcc.a(_div_sf.o)
 .debug_aranges
                0x00000080       0x20 f:/embeded system diploma/iti material/tool/imt_sdk_win_64/imt_sdk_win_64/winavr/bin/../lib/gcc/avr/4.3.3/avr5\libgcc.a(_ge_sf.o)
 .debug_aranges
                0x000000a0       0x20 f:/embeded system diploma/iti material/tool/imt_sdk_win_64/imt_sdk_win_64/winavr/bin/../lib/gcc/avr/4.3.3/avr5\libgcc.a(_si_to_sf.o)
 .debug_aranges
                0x000000c0       0x20 f:/embeded system diploma/iti material/tool/imt_sdk_win_64/imt_sdk_win_64/winavr/bin/../lib/gcc/avr/4.3.3/avr5\libgcc.a(_sf_to_si.o)
 .debug_aranges
                0x000000e0       0x20 f:/embeded system diploma/iti material/tool/imt_sdk_win_64/imt_sdk_win_64/winavr/bin/../lib/gcc/avr/4.3.3/avr5\libgcc.a(_usi_to_sf.o)
 .debug_aranges
                0x00000100       0x20 f:/embeded system diploma/iti material/tool/imt_sdk_win_64/imt_sdk_win_64/winavr/bin/../lib/gcc/avr/4.3.3/avr5\libgcc.a(_clzsi2.o)
 .debug_aranges
                0x00000120       0x20 f:/embeded system diploma/iti material/tool/imt_sdk_win_64/imt_sdk_win_64/winavr/bin/../lib/gcc/avr/4.3.3/avr5\libgcc.a(_pack_sf.o)
 .debug_aranges
                0x00000140       0x20 f:/embeded system diploma/iti material/tool/imt_sdk_win_64/imt_sdk_win_64/winavr/bin/../lib/gcc/avr/4.3.3/avr5\libgcc.a(_unpack_sf.o)
 .debug_aranges
                0x00000160       0x20 f:/embeded system diploma/iti material/tool/imt_sdk_win_64/imt_sdk_win_64/winavr/bin/../lib/gcc/avr/4.3.3/avr5\libgcc.a(_fpcmp_parts_sf.o)

.debug_pubnames
                0x00000000      0x1d8
 *(.debug_pubnames)
 .debug_pubnames
                0x00000000       0x23 f:/embeded system diploma/iti material/tool/imt_sdk_win_64/imt_sdk_win_64/winavr/bin/../lib/gcc/avr/4.3.3/avr5\libgcc.a(_fixunssfsi.o)
 .debug_pubnames
                0x00000023       0x2c f:/embeded system diploma/iti material/tool/imt_sdk_win_64/imt_sdk_win_64/winavr/bin/../lib/gcc/avr/4.3.3/avr5\libgcc.a(_addsub_sf.o)
 .debug_pubnames
                0x0000004f       0x1f f:/embeded system diploma/iti material/tool/imt_sdk_win_64/imt_sdk_win_64/winavr/bin/../lib/gcc/avr/4.3.3/avr5\libgcc.a(_mul_sf.o)
 .debug_pubnames
                0x0000006e       0x1f f:/embeded system diploma/iti material/tool/imt_sdk_win_64/imt_sdk_win_64/winavr/bin/../lib/gcc/avr/4.3.3/avr5\libgcc.a(_div_sf.o)
 .debug_pubnames
                0x0000008d       0x1e f:/embeded system diploma/iti material/tool/imt_sdk_win_64/imt_sdk_win_64/winavr/bin/../lib/gcc/avr/4.3.3/avr5\libgcc.a(_ge_sf.o)
 .debug_pubnames
                0x000000ab       0x22 f:/embeded system diploma/iti material/tool/imt_sdk_win_64/imt_sdk_win_64/winavr/bin/../lib/gcc/avr/4.3.3/avr5\libgcc.a(_si_to_sf.o)
 .debug_pubnames
                0x000000cd       0x20 f:/embeded system diploma/iti material/tool/imt_sdk_win_64/imt_sdk_win_64/winavr/bin/../lib/gcc/avr/4.3.3/avr5\libgcc.a(_sf_to_si.o)
 .debug_pubnames
                0x000000ed       0x22 f:/embeded system diploma/iti material/tool/imt_sdk_win_64/imt_sdk_win_64/winavr/bin/../lib/gcc/avr/4.3.3/avr5\libgcc.a(_thenan_sf.o)
 .debug_pubnames
                0x0000010f       0x24 f:/embeded system diploma/iti material/tool/imt_sdk_win_64/imt_sdk_win_64/winavr/bin/../lib/gcc/avr/4.3.3/avr5\libgcc.a(_usi_to_sf.o)
 .debug_pubnames
                0x00000133       0x1f f:/embeded system diploma/iti material/tool/imt_sdk_win_64/imt_sdk_win_64/winavr/bin/../lib/gcc/avr/4.3.3/avr5\libgcc.a(_clzsi2.o)
 .debug_pubnames
                0x00000152       0x1f f:/embeded system diploma/iti material/tool/imt_sdk_win_64/imt_sdk_win_64/winavr/bin/../lib/gcc/avr/4.3.3/avr5\libgcc.a(_pack_sf.o)
 .debug_pubnames
                0x00000171       0x21 f:/embeded system diploma/iti material/tool/imt_sdk_win_64/imt_sdk_win_64/winavr/bin/../lib/gcc/avr/4.3.3/avr5\libgcc.a(_unpack_sf.o)
 .debug_pubnames
                0x00000192       0x26 f:/embeded system diploma/iti material/tool/imt_sdk_win_64/imt_sdk_win_64/winavr/bin/../lib/gcc/avr/4.3.3/avr5\libgcc.a(_fpcmp_parts_sf.o)
 .debug_pubnames
                0x000001b8       0x20 f:/embeded system diploma/iti material/tool/imt_sdk_win_64/imt_sdk_win_64/winavr/bin/../lib/gcc/avr/4.3.3/avr5\libgcc.a(_clz.o)

.debug_info     0x00000000     0x2114
 *(.debug_info)
 .debug_info    0x00000000       0xb1 f:/embeded system diploma/iti material/tool/imt_sdk_win_64/imt_sdk_win_64/winavr/bin/../lib/gcc/avr/4.3.3/avr5\libgcc.a(_fixunssfsi.o)
 .debug_info    0x000000b1      0x47a f:/embeded system diploma/iti material/tool/imt_sdk_win_64/imt_sdk_win_64/winavr/bin/../lib/gcc/avr/4.3.3/avr5\libgcc.a(_addsub_sf.o)
 .debug_info    0x0000052b      0x485 f:/embeded system diploma/iti material/tool/imt_sdk_win_64/imt_sdk_win_64/winavr/bin/../lib/gcc/avr/4.3.3/avr5\libgcc.a(_mul_sf.o)
 .debug_info    0x000009b0      0x3fc f:/embeded system diploma/iti material/tool/imt_sdk_win_64/imt_sdk_win_64/winavr/bin/../lib/gcc/avr/4.3.3/avr5\libgcc.a(_div_sf.o)
 .debug_info    0x00000dac      0x27f f:/embeded system diploma/iti material/tool/imt_sdk_win_64/imt_sdk_win_64/winavr/bin/../lib/gcc/avr/4.3.3/avr5\libgcc.a(_ge_sf.o)
 .debug_info    0x0000102b      0x207 f:/embeded system diploma/iti material/tool/imt_sdk_win_64/imt_sdk_win_64/winavr/bin/../lib/gcc/avr/4.3.3/avr5\libgcc.a(_si_to_sf.o)
 .debug_info    0x00001232      0x2b0 f:/embeded system diploma/iti material/tool/imt_sdk_win_64/imt_sdk_win_64/winavr/bin/../lib/gcc/avr/4.3.3/avr5\libgcc.a(_sf_to_si.o)
 .debug_info    0x000014e2      0x12c f:/embeded system diploma/iti material/tool/imt_sdk_win_64/imt_sdk_win_64/winavr/bin/../lib/gcc/avr/4.3.3/avr5\libgcc.a(_thenan_sf.o)
 .debug_info    0x0000160e      0x206 f:/embeded system diploma/iti material/tool/imt_sdk_win_64/imt_sdk_win_64/winavr/bin/../lib/gcc/avr/4.3.3/avr5\libgcc.a(_usi_to_sf.o)
 .debug_info    0x00001814      0x117 f:/embeded system diploma/iti material/tool/imt_sdk_win_64/imt_sdk_win_64/winavr/bin/../lib/gcc/avr/4.3.3/avr5\libgcc.a(_clzsi2.o)
 .debug_info    0x0000192b      0x2df f:/embeded system diploma/iti material/tool/imt_sdk_win_64/imt_sdk_win_64/winavr/bin/../lib/gcc/avr/4.3.3/avr5\libgcc.a(_pack_sf.o)
 .debug_info    0x00001c0a      0x251 f:/embeded system diploma/iti material/tool/imt_sdk_win_64/imt_sdk_win_64/winavr/bin/../lib/gcc/avr/4.3.3/avr5\libgcc.a(_unpack_sf.o)
 .debug_info    0x00001e5b      0x210 f:/embeded system diploma/iti material/tool/imt_sdk_win_64/imt_sdk_win_64/winavr/bin/../lib/gcc/avr/4.3.3/avr5\libgcc.a(_fpcmp_parts_sf.o)
 .debug_info    0x0000206b       0xa9 f:/embeded system diploma/iti material/tool/imt_sdk_win_64/imt_sdk_win_64/winavr/bin/../lib/gcc/avr/4.3.3/avr5\libgcc.a(_clz.o)
 *(.gnu.linkonce.wi.*)

.debug_abbrev   0x00000000     0x121a
 *(.debug_abbrev)
 .debug_abbrev  0x00000000       0x5d f:/embeded system diploma/iti material/tool/imt_sdk_win_64/imt_sdk_win_64/winavr/bin/../lib/gcc/avr/4.3.3/avr5\libgcc.a(_fixunssfsi.o)
 .debug_abbrev  0x0000005d      0x1ea f:/embeded system diploma/iti material/tool/imt_sdk_win_64/imt_sdk_win_64/winavr/bin/../lib/gcc/avr/4.3.3/avr5\libgcc.a(_addsub_sf.o)
 .debug_abbrev  0x00000247      0x21b f:/embeded system diploma/iti material/tool/imt_sdk_win_64/imt_sdk_win_64/winavr/bin/../lib/gcc/avr/4.3.3/avr5\libgcc.a(_mul_sf.o)
 .debug_abbrev  0x00000462      0x216 f:/embeded system diploma/iti material/tool/imt_sdk_win_64/imt_sdk_win_64/winavr/bin/../lib/gcc/avr/4.3.3/avr5\libgcc.a(_div_sf.o)
 .debug_abbrev  0x00000678      0x15a f:/embeded system diploma/iti material/tool/imt_sdk_win_64/imt_sdk_win_64/winavr/bin/../lib/gcc/avr/4.3.3/avr5\libgcc.a(_ge_sf.o)
 .debug_abbrev  0x000007d2      0x148 f:/embeded system diploma/iti material/tool/imt_sdk_win_64/imt_sdk_win_64/winavr/bin/../lib/gcc/avr/4.3.3/avr5\libgcc.a(_si_to_sf.o)
 .debug_abbrev  0x0000091a      0x17f f:/embeded system diploma/iti material/tool/imt_sdk_win_64/imt_sdk_win_64/winavr/bin/../lib/gcc/avr/4.3.3/avr5\libgcc.a(_sf_to_si.o)
 .debug_abbrev  0x00000a99       0xad f:/embeded system diploma/iti material/tool/imt_sdk_win_64/imt_sdk_win_64/winavr/bin/../lib/gcc/avr/4.3.3/avr5\libgcc.a(_thenan_sf.o)
 .debug_abbrev  0x00000b46      0x157 f:/embeded system diploma/iti material/tool/imt_sdk_win_64/imt_sdk_win_64/winavr/bin/../lib/gcc/avr/4.3.3/avr5\libgcc.a(_usi_to_sf.o)
 .debug_abbrev  0x00000c9d       0xc4 f:/embeded system diploma/iti material/tool/imt_sdk_win_64/imt_sdk_win_64/winavr/bin/../lib/gcc/avr/4.3.3/avr5\libgcc.a(_clzsi2.o)
 .debug_abbrev  0x00000d61      0x1c0 f:/embeded system diploma/iti material/tool/imt_sdk_win_64/imt_sdk_win_64/winavr/bin/../lib/gcc/avr/4.3.3/avr5\libgcc.a(_pack_sf.o)
 .debug_abbrev  0x00000f21      0x154 f:/embeded system diploma/iti material/tool/imt_sdk_win_64/imt_sdk_win_64/winavr/bin/../lib/gcc/avr/4.3.3/avr5\libgcc.a(_unpack_sf.o)
 .debug_abbrev  0x00001075      0x13b f:/embeded system diploma/iti material/tool/imt_sdk_win_64/imt_sdk_win_64/winavr/bin/../lib/gcc/avr/4.3.3/avr5\libgcc.a(_fpcmp_parts_sf.o)
 .debug_abbrev  0x000011b0       0x6a f:/embeded system diploma/iti material/tool/imt_sdk_win_64/imt_sdk_win_64/winavr/bin/../lib/gcc/avr/4.3.3/avr5\libgcc.a(_clz.o)

.debug_line     0x00000000     0x1165
 *(.debug_line)
 .debug_line    0x00000000       0xa7 f:/embeded system diploma/iti material/tool/imt_sdk_win_64/imt_sdk_win_64/winavr/bin/../lib/gcc/avr/4.3.3/avr5\libgcc.a(_fixunssfsi.o)
 .debug_line    0x000000a7      0x2af f:/embeded system diploma/iti material/tool/imt_sdk_win_64/imt_sdk_win_64/winavr/bin/../lib/gcc/avr/4.3.3/avr5\libgcc.a(_addsub_sf.o)
 .debug_line    0x00000356      0x239 f:/embeded system diploma/iti material/tool/imt_sdk_win_64/imt_sdk_win_64/winavr/bin/../lib/gcc/avr/4.3.3/avr5\libgcc.a(_mul_sf.o)
 .debug_line    0x0000058f      0x1d5 f:/embeded system diploma/iti material/tool/imt_sdk_win_64/imt_sdk_win_64/winavr/bin/../lib/gcc/avr/4.3.3/avr5\libgcc.a(_div_sf.o)
 .debug_line    0x00000764       0xd3 f:/embeded system diploma/iti material/tool/imt_sdk_win_64/imt_sdk_win_64/winavr/bin/../lib/gcc/avr/4.3.3/avr5\libgcc.a(_ge_sf.o)
 .debug_line    0x00000837      0x135 f:/embeded system diploma/iti material/tool/imt_sdk_win_64/imt_sdk_win_64/winavr/bin/../lib/gcc/avr/4.3.3/avr5\libgcc.a(_si_to_sf.o)
 .debug_line    0x0000096c      0x109 f:/embeded system diploma/iti material/tool/imt_sdk_win_64/imt_sdk_win_64/winavr/bin/../lib/gcc/avr/4.3.3/avr5\libgcc.a(_sf_to_si.o)
 .debug_line    0x00000a75       0x90 f:/embeded system diploma/iti material/tool/imt_sdk_win_64/imt_sdk_win_64/winavr/bin/../lib/gcc/avr/4.3.3/avr5\libgcc.a(_thenan_sf.o)
 .debug_line    0x00000b05      0x133 f:/embeded system diploma/iti material/tool/imt_sdk_win_64/imt_sdk_win_64/winavr/bin/../lib/gcc/avr/4.3.3/avr5\libgcc.a(_usi_to_sf.o)
 .debug_line    0x00000c38       0xa5 f:/embeded system diploma/iti material/tool/imt_sdk_win_64/imt_sdk_win_64/winavr/bin/../lib/gcc/avr/4.3.3/avr5\libgcc.a(_clzsi2.o)
 .debug_line    0x00000cdd      0x18a f:/embeded system diploma/iti material/tool/imt_sdk_win_64/imt_sdk_win_64/winavr/bin/../lib/gcc/avr/4.3.3/avr5\libgcc.a(_pack_sf.o)
 .debug_line    0x00000e67      0x14b f:/embeded system diploma/iti material/tool/imt_sdk_win_64/imt_sdk_win_64/winavr/bin/../lib/gcc/avr/4.3.3/avr5\libgcc.a(_unpack_sf.o)
 .debug_line    0x00000fb2      0x137 f:/embeded system diploma/iti material/tool/imt_sdk_win_64/imt_sdk_win_64/winavr/bin/../lib/gcc/avr/4.3.3/avr5\libgcc.a(_fpcmp_parts_sf.o)
 .debug_line    0x000010e9       0x7c f:/embeded system diploma/iti material/tool/imt_sdk_win_64/imt_sdk_win_64/winavr/bin/../lib/gcc/avr/4.3.3/avr5\libgcc.a(_clz.o)

.debug_frame    0x00000000      0x1a0
 *(.debug_frame)
 .debug_frame   0x00000000       0x20 f:/embeded system diploma/iti material/tool/imt_sdk_win_64/imt_sdk_win_64/winavr/bin/../lib/gcc/avr/4.3.3/avr5\libgcc.a(_fixunssfsi.o)
 .debug_frame   0x00000020       0x40 f:/embeded system diploma/iti material/tool/imt_sdk_win_64/imt_sdk_win_64/winavr/bin/../lib/gcc/avr/4.3.3/avr5\libgcc.a(_addsub_sf.o)
 .debug_frame   0x00000060       0x20 f:/embeded system diploma/iti material/tool/imt_sdk_win_64/imt_sdk_win_64/winavr/bin/../lib/gcc/avr/4.3.3/avr5\libgcc.a(_mul_sf.o)
 .debug_frame   0x00000080       0x20 f:/embeded system diploma/iti material/tool/imt_sdk_win_64/imt_sdk_win_64/winavr/bin/../lib/gcc/avr/4.3.3/avr5\libgcc.a(_div_sf.o)
 .debug_frame   0x000000a0       0x20 f:/embeded system diploma/iti material/tool/imt_sdk_win_64/imt_sdk_win_64/winavr/bin/../lib/gcc/avr/4.3.3/avr5\libgcc.a(_ge_sf.o)
 .debug_frame   0x000000c0       0x20 f:/embeded system diploma/iti material/tool/imt_sdk_win_64/imt_sdk_win_64/winavr/bin/../lib/gcc/avr/4.3.3/avr5\libgcc.a(_si_to_sf.o)
 .debug_frame   0x000000e0       0x20 f:/embeded system diploma/iti material/tool/imt_sdk_win_64/imt_sdk_win_64/winavr/bin/../lib/gcc/avr/4.3.3/avr5\libgcc.a(_sf_to_si.o)
 .debug_frame   0x00000100       0x20 f:/embeded system diploma/iti material/tool/imt_sdk_win_64/imt_sdk_win_64/winavr/bin/../lib/gcc/avr/4.3.3/avr5\libgcc.a(_usi_to_sf.o)
 .debug_frame   0x00000120       0x20 f:/embeded system diploma/iti material/tool/imt_sdk_win_64/imt_sdk_win_64/winavr/bin/../lib/gcc/avr/4.3.3/avr5\libgcc.a(_clzsi2.o)
 .debug_frame   0x00000140       0x20 f:/embeded system diploma/iti material/tool/imt_sdk_win_64/imt_sdk_win_64/winavr/bin/../lib/gcc/avr/4.3.3/avr5\libgcc.a(_pack_sf.o)
 .debug_frame   0x00000160       0x20 f:/embeded system diploma/iti material/tool/imt_sdk_win_64/imt_sdk_win_64/winavr/bin/../lib/gcc/avr/4.3.3/avr5\libgcc.a(_unpack_sf.o)
 .debug_frame   0x00000180       0x20 f:/embeded system diploma/iti material/tool/imt_sdk_win_64/imt_sdk_win_64/winavr/bin/../lib/gcc/avr/4.3.3/avr5\libgcc.a(_fpcmp_parts_sf.o)

.debug_str      0x00000000      0x2f7
 *(.debug_str)
 .debug_str     0x00000000       0xbf f:/embeded system diploma/iti material/tool/imt_sdk_win_64/imt_sdk_win_64/winavr/bin/../lib/gcc/avr/4.3.3/avr5\libgcc.a(_fixunssfsi.o)
                                 0xfe (size before relaxing)
 .debug_str     0x000000bf      0x14d f:/embeded system diploma/iti material/tool/imt_sdk_win_64/imt_sdk_win_64/winavr/bin/../lib/gcc/avr/4.3.3/avr5\libgcc.a(_addsub_sf.o)
                                0x206 (size before relaxing)
 .debug_str     0x0000020c       0x27 f:/embeded system diploma/iti material/tool/imt_sdk_win_64/imt_sdk_win_64/winavr/bin/../lib/gcc/avr/4.3.3/avr5\libgcc.a(_mul_sf.o)
                                0x1bf (size before relaxing)
 .debug_str     0x00000233       0x35 f:/embeded system diploma/iti material/tool/imt_sdk_win_64/imt_sdk_win_64/winavr/bin/../lib/gcc/avr/4.3.3/avr5\libgcc.a(_div_sf.o)
                                0x1c8 (size before relaxing)
 .debug_str     0x00000268        0x8 f:/embeded system diploma/iti material/tool/imt_sdk_win_64/imt_sdk_win_64/winavr/bin/../lib/gcc/avr/4.3.3/avr5\libgcc.a(_ge_sf.o)
                                0x195 (size before relaxing)
 .debug_str     0x00000270       0x1e f:/embeded system diploma/iti material/tool/imt_sdk_win_64/imt_sdk_win_64/winavr/bin/../lib/gcc/avr/4.3.3/avr5\libgcc.a(_si_to_sf.o)
                                0x17b (size before relaxing)
 .debug_str     0x0000028e        0xa f:/embeded system diploma/iti material/tool/imt_sdk_win_64/imt_sdk_win_64/winavr/bin/../lib/gcc/avr/4.3.3/avr5\libgcc.a(_sf_to_si.o)
                                0x19e (size before relaxing)
 .debug_str     0x00000000      0x103 f:/embeded system diploma/iti material/tool/imt_sdk_win_64/imt_sdk_win_64/winavr/bin/../lib/gcc/avr/4.3.3/avr5\libgcc.a(_thenan_sf.o)
 .debug_str     0x00000298       0x14 f:/embeded system diploma/iti material/tool/imt_sdk_win_64/imt_sdk_win_64/winavr/bin/../lib/gcc/avr/4.3.3/avr5\libgcc.a(_usi_to_sf.o)
                                0x177 (size before relaxing)
 .debug_str     0x000002ac       0x20 f:/embeded system diploma/iti material/tool/imt_sdk_win_64/imt_sdk_win_64/winavr/bin/../lib/gcc/avr/4.3.3/avr5\libgcc.a(_clzsi2.o)
                                0x111 (size before relaxing)
 .debug_str     0x000002cc       0x10 f:/embeded system diploma/iti material/tool/imt_sdk_win_64/imt_sdk_win_64/winavr/bin/../lib/gcc/avr/4.3.3/avr5\libgcc.a(_pack_sf.o)
                                0x19d (size before relaxing)
 .debug_str     0x000002dc        0xb f:/embeded system diploma/iti material/tool/imt_sdk_win_64/imt_sdk_win_64/winavr/bin/../lib/gcc/avr/4.3.3/avr5\libgcc.a(_unpack_sf.o)
                                0x17f (size before relaxing)
 .debug_str     0x000002e7       0x10 f:/embeded system diploma/iti material/tool/imt_sdk_win_64/imt_sdk_win_64/winavr/bin/../lib/gcc/avr/4.3.3/avr5\libgcc.a(_fpcmp_parts_sf.o)
                                0x163 (size before relaxing)
 .debug_str     0x00000000       0xf4 f:/embeded system diploma/iti material/tool/imt_sdk_win_64/imt_sdk_win_64/winavr/bin/../lib/gcc/avr/4.3.3/avr5\libgcc.a(_clz.o)

.debug_loc      0x00000000      0x9a2
 *(.debug_loc)
 .debug_loc     0x00000000       0x34 f:/embeded system diploma/iti material/tool/imt_sdk_win_64/imt_sdk_win_64/winavr/bin/../lib/gcc/avr/4.3.3/avr5\libgcc.a(_fixunssfsi.o)
 .debug_loc     0x00000034      0x32a f:/embeded system diploma/iti material/tool/imt_sdk_win_64/imt_sdk_win_64/winavr/bin/../lib/gcc/avr/4.3.3/avr5\libgcc.a(_addsub_sf.o)
 .debug_loc     0x0000035e      0x104 f:/embeded system diploma/iti material/tool/imt_sdk_win_64/imt_sdk_win_64/winavr/bin/../lib/gcc/avr/4.3.3/avr5\libgcc.a(_mul_sf.o)
 .debug_loc     0x00000462       0xc0 f:/embeded system diploma/iti material/tool/imt_sdk_win_64/imt_sdk_win_64/winavr/bin/../lib/gcc/avr/4.3.3/avr5\libgcc.a(_div_sf.o)
 .debug_loc     0x00000522       0x3c f:/embeded system diploma/iti material/tool/imt_sdk_win_64/imt_sdk_win_64/winavr/bin/../lib/gcc/avr/4.3.3/avr5\libgcc.a(_ge_sf.o)
 .debug_loc     0x0000055e       0xac f:/embeded system diploma/iti material/tool/imt_sdk_win_64/imt_sdk_win_64/winavr/bin/../lib/gcc/avr/4.3.3/avr5\libgcc.a(_si_to_sf.o)
 .debug_loc     0x0000060a       0x7e f:/embeded system diploma/iti material/tool/imt_sdk_win_64/imt_sdk_win_64/winavr/bin/../lib/gcc/avr/4.3.3/avr5\libgcc.a(_sf_to_si.o)
 .debug_loc     0x00000688       0x4c f:/embeded system diploma/iti material/tool/imt_sdk_win_64/imt_sdk_win_64/winavr/bin/../lib/gcc/avr/4.3.3/avr5\libgcc.a(_usi_to_sf.o)
 .debug_loc     0x000006d4       0x94 f:/embeded system diploma/iti material/tool/imt_sdk_win_64/imt_sdk_win_64/winavr/bin/../lib/gcc/avr/4.3.3/avr5\libgcc.a(_clzsi2.o)
 .debug_loc     0x00000768      0x13e f:/embeded system diploma/iti material/tool/imt_sdk_win_64/imt_sdk_win_64/winavr/bin/../lib/gcc/avr/4.3.3/avr5\libgcc.a(_pack_sf.o)
 .debug_loc     0x000008a6       0xac f:/embeded system diploma/iti material/tool/imt_sdk_win_64/imt_sdk_win_64/winavr/bin/../lib/gcc/avr/4.3.3/avr5\libgcc.a(_unpack_sf.o)
 .debug_loc     0x00000952       0x50 f:/embeded system diploma/iti material/tool/imt_sdk_win_64/imt_sdk_win_64/winavr/bin/../lib/gcc/avr/4.3.3/avr5\libgcc.a(_fpcmp_parts_sf.o)

.debug_macinfo
 *(.debug_macinfo)
OUTPUT(lecture_one.elf elf32-avr)
LOAD linker stubs

.debug_ranges   0x00000000       0x50
 .debug_ranges  0x00000000       0x50 f:/embeded system diploma/iti material/tool/imt_sdk_win_64/imt_sdk_win_64/winavr/bin/../lib/gcc/avr/4.3.3/avr5\libgcc.a(_mul_sf.o)
